2025-04-11 12:37:15.706 | INFO     | __main__:<module>:26 - Using device: cuda
2025-04-11 12:37:20.066 | INFO     | __main__:CV_run:348 - Number of classes: 22
2025-04-11 12:37:20.067 | INFO     | __main__:CV_run:349 - Input shape: torch.Size([1, 4304])
2025-04-11 12:37:20.067 | INFO     | __main__:CV_run:350 - label type: task
2025-04-11 12:37:20.068 | INFO     | __main__:CV_run:365 - Starting fold 1
2025-04-11 12:37:31.978 | INFO     | __main__:train_and_evaluate:101 - Epoch 1, Loss: 0.3445
2025-04-11 12:37:32.064 | INFO     | __main__:train_and_evaluate:101 - Epoch 2, Loss: 0.1849
2025-04-11 12:37:32.139 | INFO     | __main__:train_and_evaluate:101 - Epoch 3, Loss: 0.1415
2025-04-11 12:37:32.214 | INFO     | __main__:train_and_evaluate:101 - Epoch 4, Loss: 0.1264
2025-04-11 12:37:32.288 | INFO     | __main__:train_and_evaluate:101 - Epoch 5, Loss: 0.1129
2025-04-11 12:37:32.363 | INFO     | __main__:train_and_evaluate:101 - Epoch 6, Loss: 0.1090
2025-04-11 12:37:32.437 | INFO     | __main__:train_and_evaluate:101 - Epoch 7, Loss: 0.1035
2025-04-11 12:37:32.511 | INFO     | __main__:train_and_evaluate:101 - Epoch 8, Loss: 0.0996
2025-04-11 12:37:32.584 | INFO     | __main__:train_and_evaluate:101 - Epoch 9, Loss: 0.0990
2025-04-11 12:37:32.660 | INFO     | __main__:train_and_evaluate:101 - Epoch 10, Loss: 0.0936
2025-04-11 12:37:32.742 | INFO     | __main__:eval:61 - Eval Loss: 0.0977
2025-04-11 12:37:33.145 | INFO     | __main__:train_and_evaluate:111 - Epoch 10, Eval Metrics: top_1_macro_recall: 0.50, top_1_macro_precision: 0.51, top_1_macro_f1: 0.49, top_1_accuracy: 0.60, top_1_micro_recall: 0.53, top_1_micro_precision: 0.60, top_1_micro_f1: 0.56, top_2_macro_recall: 0.69, top_2_macro_precision: 0.54, top_2_macro_f1: 0.55, top_2_accuracy: 0.77, top_2_micro_recall: 0.71, top_2_micro_precision: 0.40, top_2_micro_f1: 0.52, top_3_macro_recall: 0.82, top_3_macro_precision: 0.38, top_3_macro_f1: 0.48, top_3_accuracy: 0.89, top_3_micro_recall: 0.84, top_3_micro_precision: 0.32, top_3_micro_f1: 0.46
2025-04-11 12:37:33.222 | INFO     | __main__:train_and_evaluate:101 - Epoch 11, Loss: 0.0920
2025-04-11 12:37:33.296 | INFO     | __main__:train_and_evaluate:101 - Epoch 12, Loss: 0.0864
2025-04-11 12:37:33.370 | INFO     | __main__:train_and_evaluate:101 - Epoch 13, Loss: 0.0849
2025-04-11 12:37:33.444 | INFO     | __main__:train_and_evaluate:101 - Epoch 14, Loss: 0.0848
2025-04-11 12:37:33.537 | INFO     | __main__:train_and_evaluate:101 - Epoch 15, Loss: 0.0887
2025-04-11 12:37:33.615 | INFO     | __main__:train_and_evaluate:101 - Epoch 16, Loss: 0.0851
2025-04-11 12:37:33.689 | INFO     | __main__:train_and_evaluate:101 - Epoch 17, Loss: 0.0854
2025-04-11 12:37:33.763 | INFO     | __main__:train_and_evaluate:101 - Epoch 18, Loss: 0.0790
2025-04-11 12:37:33.837 | INFO     | __main__:train_and_evaluate:101 - Epoch 19, Loss: 0.0800
2025-04-11 12:37:33.911 | INFO     | __main__:train_and_evaluate:101 - Epoch 20, Loss: 0.0784
2025-04-11 12:37:33.948 | INFO     | __main__:eval:61 - Eval Loss: 0.0849
2025-04-11 12:37:34.033 | INFO     | __main__:train_and_evaluate:111 - Epoch 20, Eval Metrics: top_1_macro_recall: 0.53, top_1_macro_precision: 0.54, top_1_macro_f1: 0.52, top_1_accuracy: 0.66, top_1_micro_recall: 0.58, top_1_micro_precision: 0.66, top_1_micro_f1: 0.62, top_2_macro_recall: 0.72, top_2_macro_precision: 0.53, top_2_macro_f1: 0.58, top_2_accuracy: 0.81, top_2_micro_recall: 0.76, top_2_micro_precision: 0.43, top_2_micro_f1: 0.55, top_3_macro_recall: 0.84, top_3_macro_precision: 0.41, top_3_macro_f1: 0.52, top_3_accuracy: 0.89, top_3_micro_recall: 0.86, top_3_micro_precision: 0.33, top_3_micro_f1: 0.47
2025-04-11 12:37:34.111 | INFO     | __main__:train_and_evaluate:101 - Epoch 21, Loss: 0.0793
2025-04-11 12:37:34.185 | INFO     | __main__:train_and_evaluate:101 - Epoch 22, Loss: 0.0780
2025-04-11 12:37:34.259 | INFO     | __main__:train_and_evaluate:101 - Epoch 23, Loss: 0.0770
2025-04-11 12:37:34.333 | INFO     | __main__:train_and_evaluate:101 - Epoch 24, Loss: 0.0763
2025-04-11 12:37:34.407 | INFO     | __main__:train_and_evaluate:101 - Epoch 25, Loss: 0.0764
2025-04-11 12:37:34.481 | INFO     | __main__:train_and_evaluate:101 - Epoch 26, Loss: 0.0700
2025-04-11 12:37:34.555 | INFO     | __main__:train_and_evaluate:101 - Epoch 27, Loss: 0.0705
2025-04-11 12:37:34.633 | INFO     | __main__:train_and_evaluate:101 - Epoch 28, Loss: 0.0709
2025-04-11 12:37:34.708 | INFO     | __main__:train_and_evaluate:101 - Epoch 29, Loss: 0.0698
2025-04-11 12:37:34.782 | INFO     | __main__:train_and_evaluate:101 - Epoch 30, Loss: 0.0750
2025-04-11 12:37:34.814 | INFO     | __main__:eval:61 - Eval Loss: 0.0799
2025-04-11 12:37:34.901 | INFO     | __main__:train_and_evaluate:111 - Epoch 30, Eval Metrics: top_1_macro_recall: 0.54, top_1_macro_precision: 0.59, top_1_macro_f1: 0.54, top_1_accuracy: 0.70, top_1_micro_recall: 0.62, top_1_micro_precision: 0.70, top_1_micro_f1: 0.65, top_2_macro_recall: 0.75, top_2_macro_precision: 0.50, top_2_macro_f1: 0.57, top_2_accuracy: 0.81, top_2_micro_recall: 0.78, top_2_micro_precision: 0.44, top_2_micro_f1: 0.57, top_3_macro_recall: 0.85, top_3_macro_precision: 0.35, top_3_macro_f1: 0.47, top_3_accuracy: 0.91, top_3_micro_recall: 0.88, top_3_micro_precision: 0.33, top_3_micro_f1: 0.48
2025-04-11 12:37:34.976 | INFO     | __main__:train_and_evaluate:101 - Epoch 31, Loss: 0.0699
2025-04-11 12:37:35.051 | INFO     | __main__:train_and_evaluate:101 - Epoch 32, Loss: 0.0669
2025-04-11 12:37:35.125 | INFO     | __main__:train_and_evaluate:101 - Epoch 33, Loss: 0.0669
2025-04-11 12:37:35.199 | INFO     | __main__:train_and_evaluate:101 - Epoch 34, Loss: 0.0656
2025-04-11 12:37:35.273 | INFO     | __main__:train_and_evaluate:101 - Epoch 35, Loss: 0.0682
2025-04-11 12:37:35.347 | INFO     | __main__:train_and_evaluate:101 - Epoch 36, Loss: 0.0682
2025-04-11 12:37:35.424 | INFO     | __main__:train_and_evaluate:101 - Epoch 37, Loss: 0.0678
2025-04-11 12:37:35.498 | INFO     | __main__:train_and_evaluate:101 - Epoch 38, Loss: 0.0660
2025-04-11 12:37:35.573 | INFO     | __main__:train_and_evaluate:101 - Epoch 39, Loss: 0.0663
2025-04-11 12:37:35.647 | INFO     | __main__:train_and_evaluate:101 - Epoch 40, Loss: 0.0644
2025-04-11 12:37:35.680 | INFO     | __main__:eval:61 - Eval Loss: 0.0783
2025-04-11 12:37:35.767 | INFO     | __main__:train_and_evaluate:111 - Epoch 40, Eval Metrics: top_1_macro_recall: 0.55, top_1_macro_precision: 0.55, top_1_macro_f1: 0.55, top_1_accuracy: 0.70, top_1_micro_recall: 0.62, top_1_micro_precision: 0.70, top_1_micro_f1: 0.66, top_2_macro_recall: 0.76, top_2_macro_precision: 0.51, top_2_macro_f1: 0.58, top_2_accuracy: 0.82, top_2_micro_recall: 0.79, top_2_micro_precision: 0.45, top_2_micro_f1: 0.57, top_3_macro_recall: 0.86, top_3_macro_precision: 0.37, top_3_macro_f1: 0.48, top_3_accuracy: 0.91, top_3_micro_recall: 0.89, top_3_micro_precision: 0.34, top_3_micro_f1: 0.49
2025-04-11 12:37:35.842 | INFO     | __main__:train_and_evaluate:101 - Epoch 41, Loss: 0.0618
2025-04-11 12:37:35.916 | INFO     | __main__:train_and_evaluate:101 - Epoch 42, Loss: 0.0628
2025-04-11 12:37:35.991 | INFO     | __main__:train_and_evaluate:101 - Epoch 43, Loss: 0.0611
2025-04-11 12:37:36.078 | INFO     | __main__:train_and_evaluate:101 - Epoch 44, Loss: 0.0619
2025-04-11 12:37:36.160 | INFO     | __main__:train_and_evaluate:101 - Epoch 45, Loss: 0.0628
2025-04-11 12:37:36.235 | INFO     | __main__:train_and_evaluate:101 - Epoch 46, Loss: 0.0615
2025-04-11 12:37:36.309 | INFO     | __main__:train_and_evaluate:101 - Epoch 47, Loss: 0.0591
2025-04-11 12:37:36.383 | INFO     | __main__:train_and_evaluate:101 - Epoch 48, Loss: 0.0657
2025-04-11 12:37:36.457 | INFO     | __main__:train_and_evaluate:101 - Epoch 49, Loss: 0.0630
2025-04-11 12:37:36.532 | INFO     | __main__:train_and_evaluate:101 - Epoch 50, Loss: 0.0636
2025-04-11 12:37:36.569 | INFO     | __main__:eval:61 - Eval Loss: 0.0767
2025-04-11 12:37:36.654 | INFO     | __main__:train_and_evaluate:111 - Epoch 50, Eval Metrics: top_1_macro_recall: 0.56, top_1_macro_precision: 0.58, top_1_macro_f1: 0.56, top_1_accuracy: 0.71, top_1_micro_recall: 0.63, top_1_micro_precision: 0.71, top_1_micro_f1: 0.67, top_2_macro_recall: 0.76, top_2_macro_precision: 0.51, top_2_macro_f1: 0.59, top_2_accuracy: 0.84, top_2_micro_recall: 0.81, top_2_micro_precision: 0.46, top_2_micro_f1: 0.59, top_3_macro_recall: 0.86, top_3_macro_precision: 0.37, top_3_macro_f1: 0.49, top_3_accuracy: 0.92, top_3_micro_recall: 0.90, top_3_micro_precision: 0.34, top_3_micro_f1: 0.49
2025-04-11 12:37:36.655 | INFO     | __main__:CV_run:399 - Fold 1, Final Eval Metrics: top_1_macro_recall: 0.56, top_1_macro_precision: 0.58, top_1_macro_f1: 0.56, top_1_accuracy: 0.71, top_1_micro_recall: 0.63, top_1_micro_precision: 0.71, top_1_micro_f1: 0.67, top_2_macro_recall: 0.76, top_2_macro_precision: 0.51, top_2_macro_f1: 0.59, top_2_accuracy: 0.84, top_2_micro_recall: 0.81, top_2_micro_precision: 0.46, top_2_micro_f1: 0.59, top_3_macro_recall: 0.86, top_3_macro_precision: 0.37, top_3_macro_f1: 0.49, top_3_accuracy: 0.92, top_3_micro_recall: 0.90, top_3_micro_precision: 0.34, top_3_micro_f1: 0.49
2025-04-11 12:37:36.655 | INFO     | __main__:CV_run:365 - Starting fold 2
2025-04-11 12:37:36.757 | INFO     | __main__:train_and_evaluate:101 - Epoch 1, Loss: 0.3497
2025-04-11 12:37:36.831 | INFO     | __main__:train_and_evaluate:101 - Epoch 2, Loss: 0.1850
2025-04-11 12:37:36.905 | INFO     | __main__:train_and_evaluate:101 - Epoch 3, Loss: 0.1477
2025-04-11 12:37:36.979 | INFO     | __main__:train_and_evaluate:101 - Epoch 4, Loss: 0.1277
2025-04-11 12:37:37.053 | INFO     | __main__:train_and_evaluate:101 - Epoch 5, Loss: 0.1198
2025-04-11 12:37:37.128 | INFO     | __main__:train_and_evaluate:101 - Epoch 6, Loss: 0.1125
2025-04-11 12:37:37.202 | INFO     | __main__:train_and_evaluate:101 - Epoch 7, Loss: 0.1061
2025-04-11 12:37:37.276 | INFO     | __main__:train_and_evaluate:101 - Epoch 8, Loss: 0.1009
2025-04-11 12:37:37.350 | INFO     | __main__:train_and_evaluate:101 - Epoch 9, Loss: 0.0991
2025-04-11 12:37:37.427 | INFO     | __main__:train_and_evaluate:101 - Epoch 10, Loss: 0.0946
2025-04-11 12:37:37.460 | INFO     | __main__:eval:61 - Eval Loss: 0.0916
2025-04-11 12:37:37.547 | INFO     | __main__:train_and_evaluate:111 - Epoch 10, Eval Metrics: top_1_macro_recall: 0.47, top_1_macro_precision: 0.54, top_1_macro_f1: 0.47, top_1_accuracy: 0.60, top_1_micro_recall: 0.52, top_1_micro_precision: 0.60, top_1_micro_f1: 0.56, top_2_macro_recall: 0.65, top_2_macro_precision: 0.43, top_2_macro_f1: 0.50, top_2_accuracy: 0.78, top_2_micro_recall: 0.72, top_2_micro_precision: 0.42, top_2_micro_f1: 0.53, top_3_macro_recall: 0.78, top_3_macro_precision: 0.40, top_3_macro_f1: 0.50, top_3_accuracy: 0.86, top_3_micro_recall: 0.83, top_3_micro_precision: 0.32, top_3_micro_f1: 0.46
2025-04-11 12:37:37.623 | INFO     | __main__:train_and_evaluate:101 - Epoch 11, Loss: 0.0894
2025-04-11 12:37:37.697 | INFO     | __main__:train_and_evaluate:101 - Epoch 12, Loss: 0.0936
2025-04-11 12:37:37.771 | INFO     | __main__:train_and_evaluate:101 - Epoch 13, Loss: 0.0922
2025-04-11 12:37:37.845 | INFO     | __main__:train_and_evaluate:101 - Epoch 14, Loss: 0.0852
2025-04-11 12:37:37.919 | INFO     | __main__:train_and_evaluate:101 - Epoch 15, Loss: 0.0837
2025-04-11 12:37:37.993 | INFO     | __main__:train_and_evaluate:101 - Epoch 16, Loss: 0.0836
2025-04-11 12:37:38.068 | INFO     | __main__:train_and_evaluate:101 - Epoch 17, Loss: 0.0835
2025-04-11 12:37:38.141 | INFO     | __main__:train_and_evaluate:101 - Epoch 18, Loss: 0.0789
2025-04-11 12:37:38.215 | INFO     | __main__:train_and_evaluate:101 - Epoch 19, Loss: 0.0741
2025-04-11 12:37:38.291 | INFO     | __main__:train_and_evaluate:101 - Epoch 20, Loss: 0.0789
2025-04-11 12:37:38.324 | INFO     | __main__:eval:61 - Eval Loss: 0.0781
2025-04-11 12:37:38.412 | INFO     | __main__:train_and_evaluate:111 - Epoch 20, Eval Metrics: top_1_macro_recall: 0.53, top_1_macro_precision: 0.58, top_1_macro_f1: 0.53, top_1_accuracy: 0.69, top_1_micro_recall: 0.60, top_1_micro_precision: 0.69, top_1_micro_f1: 0.64, top_2_macro_recall: 0.76, top_2_macro_precision: 0.54, top_2_macro_f1: 0.61, top_2_accuracy: 0.83, top_2_micro_recall: 0.79, top_2_micro_precision: 0.45, top_2_micro_f1: 0.57, top_3_macro_recall: 0.85, top_3_macro_precision: 0.43, top_3_macro_f1: 0.54, top_3_accuracy: 0.91, top_3_micro_recall: 0.88, top_3_micro_precision: 0.34, top_3_micro_f1: 0.49
2025-04-11 12:37:38.489 | INFO     | __main__:train_and_evaluate:101 - Epoch 21, Loss: 0.0778
2025-04-11 12:37:38.563 | INFO     | __main__:train_and_evaluate:101 - Epoch 22, Loss: 0.0768
2025-04-11 12:37:38.637 | INFO     | __main__:train_and_evaluate:101 - Epoch 23, Loss: 0.0766
2025-04-11 12:37:38.711 | INFO     | __main__:train_and_evaluate:101 - Epoch 24, Loss: 0.0782
2025-04-11 12:37:38.785 | INFO     | __main__:train_and_evaluate:101 - Epoch 25, Loss: 0.0754
2025-04-11 12:37:38.859 | INFO     | __main__:train_and_evaluate:101 - Epoch 26, Loss: 0.0756
2025-04-11 12:37:38.934 | INFO     | __main__:train_and_evaluate:101 - Epoch 27, Loss: 0.0703
2025-04-11 12:37:39.008 | INFO     | __main__:train_and_evaluate:101 - Epoch 28, Loss: 0.0752
2025-04-11 12:37:39.082 | INFO     | __main__:train_and_evaluate:101 - Epoch 29, Loss: 0.0712
2025-04-11 12:37:39.156 | INFO     | __main__:train_and_evaluate:101 - Epoch 30, Loss: 0.0734
2025-04-11 12:37:39.195 | INFO     | __main__:eval:61 - Eval Loss: 0.0721
2025-04-11 12:37:39.280 | INFO     | __main__:train_and_evaluate:111 - Epoch 30, Eval Metrics: top_1_macro_recall: 0.56, top_1_macro_precision: 0.55, top_1_macro_f1: 0.55, top_1_accuracy: 0.71, top_1_micro_recall: 0.62, top_1_micro_precision: 0.71, top_1_micro_f1: 0.66, top_2_macro_recall: 0.79, top_2_macro_precision: 0.48, top_2_macro_f1: 0.58, top_2_accuracy: 0.82, top_2_micro_recall: 0.80, top_2_micro_precision: 0.46, top_2_micro_f1: 0.58, top_3_macro_recall: 0.87, top_3_macro_precision: 0.40, top_3_macro_f1: 0.52, top_3_accuracy: 0.90, top_3_micro_recall: 0.88, top_3_micro_precision: 0.34, top_3_micro_f1: 0.49
2025-04-11 12:37:39.374 | INFO     | __main__:train_and_evaluate:101 - Epoch 31, Loss: 0.0719
2025-04-11 12:37:39.449 | INFO     | __main__:train_and_evaluate:101 - Epoch 32, Loss: 0.0701
2025-04-11 12:37:39.523 | INFO     | __main__:train_and_evaluate:101 - Epoch 33, Loss: 0.0656
2025-04-11 12:37:39.597 | INFO     | __main__:train_and_evaluate:101 - Epoch 34, Loss: 0.0652
2025-04-11 12:37:39.671 | INFO     | __main__:train_and_evaluate:101 - Epoch 35, Loss: 0.0668
2025-04-11 12:37:39.745 | INFO     | __main__:train_and_evaluate:101 - Epoch 36, Loss: 0.0666
2025-04-11 12:37:39.819 | INFO     | __main__:train_and_evaluate:101 - Epoch 37, Loss: 0.0678
2025-04-11 12:37:39.893 | INFO     | __main__:train_and_evaluate:101 - Epoch 38, Loss: 0.0681
2025-04-11 12:37:39.967 | INFO     | __main__:train_and_evaluate:101 - Epoch 39, Loss: 0.0643
2025-04-11 12:37:40.041 | INFO     | __main__:train_and_evaluate:101 - Epoch 40, Loss: 0.0669
2025-04-11 12:37:40.075 | INFO     | __main__:eval:61 - Eval Loss: 0.0692
2025-04-11 12:37:40.161 | INFO     | __main__:train_and_evaluate:111 - Epoch 40, Eval Metrics: top_1_macro_recall: 0.56, top_1_macro_precision: 0.56, top_1_macro_f1: 0.56, top_1_accuracy: 0.72, top_1_micro_recall: 0.62, top_1_micro_precision: 0.72, top_1_micro_f1: 0.67, top_2_macro_recall: 0.77, top_2_macro_precision: 0.49, top_2_macro_f1: 0.59, top_2_accuracy: 0.82, top_2_micro_recall: 0.79, top_2_micro_precision: 0.46, top_2_micro_f1: 0.58, top_3_macro_recall: 0.87, top_3_macro_precision: 0.41, top_3_macro_f1: 0.53, top_3_accuracy: 0.89, top_3_micro_recall: 0.88, top_3_micro_precision: 0.34, top_3_micro_f1: 0.49
2025-04-11 12:37:40.238 | INFO     | __main__:train_and_evaluate:101 - Epoch 41, Loss: 0.0628
2025-04-11 12:37:40.312 | INFO     | __main__:train_and_evaluate:101 - Epoch 42, Loss: 0.0623
2025-04-11 12:37:40.386 | INFO     | __main__:train_and_evaluate:101 - Epoch 43, Loss: 0.0638
2025-04-11 12:37:40.460 | INFO     | __main__:train_and_evaluate:101 - Epoch 44, Loss: 0.0643
2025-04-11 12:37:40.534 | INFO     | __main__:train_and_evaluate:101 - Epoch 45, Loss: 0.0650
2025-04-11 12:37:40.608 | INFO     | __main__:train_and_evaluate:101 - Epoch 46, Loss: 0.0642
2025-04-11 12:37:40.682 | INFO     | __main__:train_and_evaluate:101 - Epoch 47, Loss: 0.0638
2025-04-11 12:37:40.757 | INFO     | __main__:train_and_evaluate:101 - Epoch 48, Loss: 0.0599
2025-04-11 12:37:40.831 | INFO     | __main__:train_and_evaluate:101 - Epoch 49, Loss: 0.0651
2025-04-11 12:37:40.905 | INFO     | __main__:train_and_evaluate:101 - Epoch 50, Loss: 0.0629
2025-04-11 12:37:40.938 | INFO     | __main__:eval:61 - Eval Loss: 0.0689
2025-04-11 12:37:41.026 | INFO     | __main__:train_and_evaluate:111 - Epoch 50, Eval Metrics: top_1_macro_recall: 0.56, top_1_macro_precision: 0.57, top_1_macro_f1: 0.56, top_1_accuracy: 0.72, top_1_micro_recall: 0.63, top_1_micro_precision: 0.72, top_1_micro_f1: 0.67, top_2_macro_recall: 0.77, top_2_macro_precision: 0.49, top_2_macro_f1: 0.58, top_2_accuracy: 0.82, top_2_micro_recall: 0.80, top_2_micro_precision: 0.46, top_2_micro_f1: 0.58, top_3_macro_recall: 0.88, top_3_macro_precision: 0.39, top_3_macro_f1: 0.51, top_3_accuracy: 0.89, top_3_micro_recall: 0.88, top_3_micro_precision: 0.34, top_3_micro_f1: 0.49
2025-04-11 12:37:41.027 | INFO     | __main__:CV_run:399 - Fold 2, Final Eval Metrics: top_1_macro_recall: 0.56, top_1_macro_precision: 0.57, top_1_macro_f1: 0.56, top_1_accuracy: 0.72, top_1_micro_recall: 0.63, top_1_micro_precision: 0.72, top_1_micro_f1: 0.67, top_2_macro_recall: 0.77, top_2_macro_precision: 0.49, top_2_macro_f1: 0.58, top_2_accuracy: 0.82, top_2_micro_recall: 0.80, top_2_micro_precision: 0.46, top_2_micro_f1: 0.58, top_3_macro_recall: 0.88, top_3_macro_precision: 0.39, top_3_macro_f1: 0.51, top_3_accuracy: 0.89, top_3_micro_recall: 0.88, top_3_micro_precision: 0.34, top_3_micro_f1: 0.49
2025-04-11 12:37:41.027 | INFO     | __main__:CV_run:365 - Starting fold 3
2025-04-11 12:37:41.123 | INFO     | __main__:train_and_evaluate:101 - Epoch 1, Loss: 0.3681
2025-04-11 12:37:41.198 | INFO     | __main__:train_and_evaluate:101 - Epoch 2, Loss: 0.1864
2025-04-11 12:37:41.272 | INFO     | __main__:train_and_evaluate:101 - Epoch 3, Loss: 0.1552
2025-04-11 12:37:41.346 | INFO     | __main__:train_and_evaluate:101 - Epoch 4, Loss: 0.1393
2025-04-11 12:37:41.420 | INFO     | __main__:train_and_evaluate:101 - Epoch 5, Loss: 0.1190
2025-04-11 12:37:41.494 | INFO     | __main__:train_and_evaluate:101 - Epoch 6, Loss: 0.1094
2025-04-11 12:37:41.568 | INFO     | __main__:train_and_evaluate:101 - Epoch 7, Loss: 0.1054
2025-04-11 12:37:41.642 | INFO     | __main__:train_and_evaluate:101 - Epoch 8, Loss: 0.0984
2025-04-11 12:37:41.716 | INFO     | __main__:train_and_evaluate:101 - Epoch 9, Loss: 0.1007
2025-04-11 12:37:41.790 | INFO     | __main__:train_and_evaluate:101 - Epoch 10, Loss: 0.0958
2025-04-11 12:37:41.823 | INFO     | __main__:eval:61 - Eval Loss: 0.0942
2025-04-11 12:37:41.912 | INFO     | __main__:train_and_evaluate:111 - Epoch 10, Eval Metrics: top_1_macro_recall: 0.52, top_1_macro_precision: 0.53, top_1_macro_f1: 0.52, top_1_accuracy: 0.61, top_1_micro_recall: 0.54, top_1_micro_precision: 0.61, top_1_micro_f1: 0.57, top_2_macro_recall: 0.66, top_2_macro_precision: 0.42, top_2_macro_f1: 0.49, top_2_accuracy: 0.75, top_2_micro_recall: 0.70, top_2_micro_precision: 0.40, top_2_micro_f1: 0.51, top_3_macro_recall: 0.76, top_3_macro_precision: 0.35, top_3_macro_f1: 0.44, top_3_accuracy: 0.87, top_3_micro_recall: 0.83, top_3_micro_precision: 0.31, top_3_micro_f1: 0.45
2025-04-11 12:37:41.987 | INFO     | __main__:train_and_evaluate:101 - Epoch 11, Loss: 0.0961
2025-04-11 12:37:42.062 | INFO     | __main__:train_and_evaluate:101 - Epoch 12, Loss: 0.0900
2025-04-11 12:37:42.140 | INFO     | __main__:train_and_evaluate:101 - Epoch 13, Loss: 0.0860
2025-04-11 12:37:42.215 | INFO     | __main__:train_and_evaluate:101 - Epoch 14, Loss: 0.0870
2025-04-11 12:37:42.289 | INFO     | __main__:train_and_evaluate:101 - Epoch 15, Loss: 0.0846
2025-04-11 12:37:42.362 | INFO     | __main__:train_and_evaluate:101 - Epoch 16, Loss: 0.0842
2025-04-11 12:37:42.436 | INFO     | __main__:train_and_evaluate:101 - Epoch 17, Loss: 0.0839
2025-04-11 12:37:42.510 | INFO     | __main__:train_and_evaluate:101 - Epoch 18, Loss: 0.0833
2025-04-11 12:37:42.584 | INFO     | __main__:train_and_evaluate:101 - Epoch 19, Loss: 0.0803
2025-04-11 12:37:42.658 | INFO     | __main__:train_and_evaluate:101 - Epoch 20, Loss: 0.0807
2025-04-11 12:37:42.690 | INFO     | __main__:eval:61 - Eval Loss: 0.0821
2025-04-11 12:37:42.778 | INFO     | __main__:train_and_evaluate:111 - Epoch 20, Eval Metrics: top_1_macro_recall: 0.54, top_1_macro_precision: 0.56, top_1_macro_f1: 0.54, top_1_accuracy: 0.68, top_1_micro_recall: 0.60, top_1_micro_precision: 0.68, top_1_micro_f1: 0.64, top_2_macro_recall: 0.72, top_2_macro_precision: 0.47, top_2_macro_f1: 0.55, top_2_accuracy: 0.83, top_2_micro_recall: 0.77, top_2_micro_precision: 0.44, top_2_micro_f1: 0.56, top_3_macro_recall: 0.79, top_3_macro_precision: 0.37, top_3_macro_f1: 0.47, top_3_accuracy: 0.90, top_3_micro_recall: 0.86, top_3_micro_precision: 0.32, top_3_micro_f1: 0.47
2025-04-11 12:37:42.853 | INFO     | __main__:train_and_evaluate:101 - Epoch 21, Loss: 0.0793
2025-04-11 12:37:42.927 | INFO     | __main__:train_and_evaluate:101 - Epoch 22, Loss: 0.0775
2025-04-11 12:37:43.000 | INFO     | __main__:train_and_evaluate:101 - Epoch 23, Loss: 0.0781
2025-04-11 12:37:43.074 | INFO     | __main__:train_and_evaluate:101 - Epoch 24, Loss: 0.0760
2025-04-11 12:37:43.149 | INFO     | __main__:train_and_evaluate:101 - Epoch 25, Loss: 0.0753
2025-04-11 12:37:43.228 | INFO     | __main__:train_and_evaluate:101 - Epoch 26, Loss: 0.0749
2025-04-11 12:37:43.321 | INFO     | __main__:train_and_evaluate:101 - Epoch 27, Loss: 0.0745
2025-04-11 12:37:43.395 | INFO     | __main__:train_and_evaluate:101 - Epoch 28, Loss: 0.0719
2025-04-11 12:37:43.469 | INFO     | __main__:train_and_evaluate:101 - Epoch 29, Loss: 0.0730
2025-04-11 12:37:43.542 | INFO     | __main__:train_and_evaluate:101 - Epoch 30, Loss: 0.0704
2025-04-11 12:37:43.579 | INFO     | __main__:eval:61 - Eval Loss: 0.0750
2025-04-11 12:37:43.666 | INFO     | __main__:train_and_evaluate:111 - Epoch 30, Eval Metrics: top_1_macro_recall: 0.55, top_1_macro_precision: 0.58, top_1_macro_f1: 0.55, top_1_accuracy: 0.69, top_1_micro_recall: 0.61, top_1_micro_precision: 0.69, top_1_micro_f1: 0.65, top_2_macro_recall: 0.76, top_2_macro_precision: 0.50, top_2_macro_f1: 0.58, top_2_accuracy: 0.80, top_2_micro_recall: 0.79, top_2_micro_precision: 0.44, top_2_micro_f1: 0.57, top_3_macro_recall: 0.87, top_3_macro_precision: 0.40, top_3_macro_f1: 0.51, top_3_accuracy: 0.89, top_3_micro_recall: 0.88, top_3_micro_precision: 0.33, top_3_micro_f1: 0.48
2025-04-11 12:37:43.741 | INFO     | __main__:train_and_evaluate:101 - Epoch 31, Loss: 0.0711
2025-04-11 12:37:43.815 | INFO     | __main__:train_and_evaluate:101 - Epoch 32, Loss: 0.0702
2025-04-11 12:37:44.712 | INFO     | __main__:train_and_evaluate:101 - Epoch 33, Loss: 0.0655
2025-04-11 12:37:44.813 | INFO     | __main__:train_and_evaluate:101 - Epoch 34, Loss: 0.0646
2025-04-11 12:37:44.895 | INFO     | __main__:train_and_evaluate:101 - Epoch 35, Loss: 0.0668
2025-04-11 12:37:44.977 | INFO     | __main__:train_and_evaluate:101 - Epoch 36, Loss: 0.0676
2025-04-11 12:37:45.061 | INFO     | __main__:train_and_evaluate:101 - Epoch 37, Loss: 0.0676
2025-04-11 12:37:45.147 | INFO     | __main__:train_and_evaluate:101 - Epoch 38, Loss: 0.0638
2025-04-11 12:37:45.229 | INFO     | __main__:train_and_evaluate:101 - Epoch 39, Loss: 0.0664
2025-04-11 12:37:45.310 | INFO     | __main__:train_and_evaluate:101 - Epoch 40, Loss: 0.0644
2025-04-11 12:37:45.345 | INFO     | __main__:eval:61 - Eval Loss: 0.0718
2025-04-11 12:37:45.467 | INFO     | __main__:train_and_evaluate:111 - Epoch 40, Eval Metrics: top_1_macro_recall: 0.56, top_1_macro_precision: 0.57, top_1_macro_f1: 0.56, top_1_accuracy: 0.72, top_1_micro_recall: 0.64, top_1_micro_precision: 0.72, top_1_micro_f1: 0.68, top_2_macro_recall: 0.76, top_2_macro_precision: 0.50, top_2_macro_f1: 0.58, top_2_accuracy: 0.82, top_2_micro_recall: 0.80, top_2_micro_precision: 0.45, top_2_micro_f1: 0.58, top_3_macro_recall: 0.87, top_3_macro_precision: 0.40, top_3_macro_f1: 0.52, top_3_accuracy: 0.90, top_3_micro_recall: 0.89, top_3_micro_precision: 0.34, top_3_micro_f1: 0.49
2025-04-11 12:37:45.553 | INFO     | __main__:train_and_evaluate:101 - Epoch 41, Loss: 0.0627
2025-04-11 12:37:45.636 | INFO     | __main__:train_and_evaluate:101 - Epoch 42, Loss: 0.0615
2025-04-11 12:37:45.717 | INFO     | __main__:train_and_evaluate:101 - Epoch 43, Loss: 0.0629
2025-04-11 12:37:45.801 | INFO     | __main__:train_and_evaluate:101 - Epoch 44, Loss: 0.0640
2025-04-11 12:37:45.883 | INFO     | __main__:train_and_evaluate:101 - Epoch 45, Loss: 0.0648
2025-04-11 12:37:45.966 | INFO     | __main__:train_and_evaluate:101 - Epoch 46, Loss: 0.0625
2025-04-11 12:37:46.047 | INFO     | __main__:train_and_evaluate:101 - Epoch 47, Loss: 0.0631
2025-04-11 12:37:46.129 | INFO     | __main__:train_and_evaluate:101 - Epoch 48, Loss: 0.0631
2025-04-11 12:37:46.209 | INFO     | __main__:train_and_evaluate:101 - Epoch 49, Loss: 0.0642
2025-04-11 12:37:46.291 | INFO     | __main__:train_and_evaluate:101 - Epoch 50, Loss: 0.0662
2025-04-11 12:37:46.323 | INFO     | __main__:eval:61 - Eval Loss: 0.0717
2025-04-11 12:37:46.411 | INFO     | __main__:train_and_evaluate:111 - Epoch 50, Eval Metrics: top_1_macro_recall: 0.55, top_1_macro_precision: 0.58, top_1_macro_f1: 0.56, top_1_accuracy: 0.72, top_1_micro_recall: 0.64, top_1_micro_precision: 0.72, top_1_micro_f1: 0.68, top_2_macro_recall: 0.76, top_2_macro_precision: 0.49, top_2_macro_f1: 0.57, top_2_accuracy: 0.83, top_2_micro_recall: 0.81, top_2_micro_precision: 0.46, top_2_micro_f1: 0.58, top_3_macro_recall: 0.87, top_3_macro_precision: 0.40, top_3_macro_f1: 0.51, top_3_accuracy: 0.90, top_3_micro_recall: 0.89, top_3_micro_precision: 0.33, top_3_micro_f1: 0.49
2025-04-11 12:37:46.411 | INFO     | __main__:CV_run:399 - Fold 3, Final Eval Metrics: top_1_macro_recall: 0.55, top_1_macro_precision: 0.58, top_1_macro_f1: 0.56, top_1_accuracy: 0.72, top_1_micro_recall: 0.64, top_1_micro_precision: 0.72, top_1_micro_f1: 0.68, top_2_macro_recall: 0.76, top_2_macro_precision: 0.49, top_2_macro_f1: 0.57, top_2_accuracy: 0.83, top_2_micro_recall: 0.81, top_2_micro_precision: 0.46, top_2_micro_f1: 0.58, top_3_macro_recall: 0.87, top_3_macro_precision: 0.40, top_3_macro_f1: 0.51, top_3_accuracy: 0.90, top_3_micro_recall: 0.89, top_3_micro_precision: 0.33, top_3_micro_f1: 0.49
2025-04-11 12:37:46.412 | INFO     | __main__:CV_run:365 - Starting fold 4
2025-04-11 12:37:46.522 | INFO     | __main__:train_and_evaluate:101 - Epoch 1, Loss: 0.3755
2025-04-11 12:37:46.604 | INFO     | __main__:train_and_evaluate:101 - Epoch 2, Loss: 0.1945
2025-04-11 12:37:46.695 | INFO     | __main__:train_and_evaluate:101 - Epoch 3, Loss: 0.1604
2025-04-11 12:37:46.790 | INFO     | __main__:train_and_evaluate:101 - Epoch 4, Loss: 0.1376
2025-04-11 12:37:46.880 | INFO     | __main__:train_and_evaluate:101 - Epoch 5, Loss: 0.1239
2025-04-11 12:37:46.962 | INFO     | __main__:train_and_evaluate:101 - Epoch 6, Loss: 0.1127
2025-04-11 12:37:47.043 | INFO     | __main__:train_and_evaluate:101 - Epoch 7, Loss: 0.1047
2025-04-11 12:37:47.124 | INFO     | __main__:train_and_evaluate:101 - Epoch 8, Loss: 0.1041
2025-04-11 12:37:47.206 | INFO     | __main__:train_and_evaluate:101 - Epoch 9, Loss: 0.0978
2025-04-11 12:37:47.288 | INFO     | __main__:train_and_evaluate:101 - Epoch 10, Loss: 0.0950
2025-04-11 12:37:47.322 | INFO     | __main__:eval:61 - Eval Loss: 0.0875
2025-04-11 12:37:47.410 | INFO     | __main__:train_and_evaluate:111 - Epoch 10, Eval Metrics: top_1_macro_recall: 0.48, top_1_macro_precision: 0.49, top_1_macro_f1: 0.47, top_1_accuracy: 0.60, top_1_micro_recall: 0.53, top_1_micro_precision: 0.60, top_1_micro_f1: 0.56, top_2_macro_recall: 0.67, top_2_macro_precision: 0.46, top_2_macro_f1: 0.50, top_2_accuracy: 0.76, top_2_micro_recall: 0.72, top_2_micro_precision: 0.41, top_2_micro_f1: 0.52, top_3_macro_recall: 0.76, top_3_macro_precision: 0.33, top_3_macro_f1: 0.43, top_3_accuracy: 0.87, top_3_micro_recall: 0.84, top_3_micro_precision: 0.32, top_3_micro_f1: 0.46
2025-04-11 12:37:47.502 | INFO     | __main__:train_and_evaluate:101 - Epoch 11, Loss: 0.0945
2025-04-11 12:37:47.585 | INFO     | __main__:train_and_evaluate:101 - Epoch 12, Loss: 0.0927
2025-04-11 12:37:47.687 | INFO     | __main__:train_and_evaluate:101 - Epoch 13, Loss: 0.0885
2025-04-11 12:37:47.774 | INFO     | __main__:train_and_evaluate:101 - Epoch 14, Loss: 0.0882
2025-04-11 12:37:47.856 | INFO     | __main__:train_and_evaluate:101 - Epoch 15, Loss: 0.0881
2025-04-11 12:37:47.940 | INFO     | __main__:train_and_evaluate:101 - Epoch 16, Loss: 0.0847
2025-04-11 12:37:48.021 | INFO     | __main__:train_and_evaluate:101 - Epoch 17, Loss: 0.0876
2025-04-11 12:37:48.103 | INFO     | __main__:train_and_evaluate:101 - Epoch 18, Loss: 0.0858
2025-04-11 12:37:48.189 | INFO     | __main__:train_and_evaluate:101 - Epoch 19, Loss: 0.0823
2025-04-11 12:37:48.273 | INFO     | __main__:train_and_evaluate:101 - Epoch 20, Loss: 0.0839
2025-04-11 12:37:48.311 | INFO     | __main__:eval:61 - Eval Loss: 0.0803
2025-04-11 12:37:48.397 | INFO     | __main__:train_and_evaluate:111 - Epoch 20, Eval Metrics: top_1_macro_recall: 0.51, top_1_macro_precision: 0.56, top_1_macro_f1: 0.51, top_1_accuracy: 0.64, top_1_micro_recall: 0.57, top_1_micro_precision: 0.64, top_1_micro_f1: 0.61, top_2_macro_recall: 0.73, top_2_macro_precision: 0.48, top_2_macro_f1: 0.52, top_2_accuracy: 0.82, top_2_micro_recall: 0.77, top_2_micro_precision: 0.43, top_2_micro_f1: 0.55, top_3_macro_recall: 0.83, top_3_macro_precision: 0.40, top_3_macro_f1: 0.48, top_3_accuracy: 0.89, top_3_micro_recall: 0.86, top_3_micro_precision: 0.32, top_3_micro_f1: 0.47
2025-04-11 12:37:48.486 | INFO     | __main__:train_and_evaluate:101 - Epoch 21, Loss: 0.0808
2025-04-11 12:37:48.569 | INFO     | __main__:train_and_evaluate:101 - Epoch 22, Loss: 0.0778
2025-04-11 12:37:48.650 | INFO     | __main__:train_and_evaluate:101 - Epoch 23, Loss: 0.0759
2025-04-11 12:37:48.734 | INFO     | __main__:train_and_evaluate:101 - Epoch 24, Loss: 0.0776
2025-04-11 12:37:48.839 | INFO     | __main__:train_and_evaluate:101 - Epoch 25, Loss: 0.0764
2025-04-11 12:37:48.921 | INFO     | __main__:train_and_evaluate:101 - Epoch 26, Loss: 0.0775
2025-04-11 12:37:49.004 | INFO     | __main__:train_and_evaluate:101 - Epoch 27, Loss: 0.0747
2025-04-11 12:37:49.087 | INFO     | __main__:train_and_evaluate:101 - Epoch 28, Loss: 0.0736
2025-04-11 12:37:49.170 | INFO     | __main__:train_and_evaluate:101 - Epoch 29, Loss: 0.0720
2025-04-11 12:37:49.252 | INFO     | __main__:train_and_evaluate:101 - Epoch 30, Loss: 0.0711
2025-04-11 12:37:49.290 | INFO     | __main__:eval:61 - Eval Loss: 0.0732
2025-04-11 12:37:49.380 | INFO     | __main__:train_and_evaluate:111 - Epoch 30, Eval Metrics: top_1_macro_recall: 0.55, top_1_macro_precision: 0.60, top_1_macro_f1: 0.55, top_1_accuracy: 0.69, top_1_micro_recall: 0.61, top_1_micro_precision: 0.69, top_1_micro_f1: 0.65, top_2_macro_recall: 0.73, top_2_macro_precision: 0.50, top_2_macro_f1: 0.57, top_2_accuracy: 0.81, top_2_micro_recall: 0.76, top_2_micro_precision: 0.43, top_2_micro_f1: 0.55, top_3_macro_recall: 0.85, top_3_macro_precision: 0.42, top_3_macro_f1: 0.53, top_3_accuracy: 0.91, top_3_micro_recall: 0.88, top_3_micro_precision: 0.33, top_3_micro_f1: 0.48
2025-04-11 12:37:49.467 | INFO     | __main__:train_and_evaluate:101 - Epoch 31, Loss: 0.0676
2025-04-11 12:37:49.547 | INFO     | __main__:train_and_evaluate:101 - Epoch 32, Loss: 0.0671
2025-04-11 12:37:49.629 | INFO     | __main__:train_and_evaluate:101 - Epoch 33, Loss: 0.0697
2025-04-11 12:37:49.710 | INFO     | __main__:train_and_evaluate:101 - Epoch 34, Loss: 0.0688
2025-04-11 12:37:49.790 | INFO     | __main__:train_and_evaluate:101 - Epoch 35, Loss: 0.0678
2025-04-11 12:37:49.869 | INFO     | __main__:train_and_evaluate:101 - Epoch 36, Loss: 0.0640
2025-04-11 12:37:49.966 | INFO     | __main__:train_and_evaluate:101 - Epoch 37, Loss: 0.0643
2025-04-11 12:37:50.053 | INFO     | __main__:train_and_evaluate:101 - Epoch 38, Loss: 0.0674
2025-04-11 12:37:50.133 | INFO     | __main__:train_and_evaluate:101 - Epoch 39, Loss: 0.0639
2025-04-11 12:37:50.212 | INFO     | __main__:train_and_evaluate:101 - Epoch 40, Loss: 0.0669
2025-04-11 12:37:50.251 | INFO     | __main__:eval:61 - Eval Loss: 0.0704
2025-04-11 12:37:50.339 | INFO     | __main__:train_and_evaluate:111 - Epoch 40, Eval Metrics: top_1_macro_recall: 0.54, top_1_macro_precision: 0.56, top_1_macro_f1: 0.54, top_1_accuracy: 0.69, top_1_micro_recall: 0.61, top_1_micro_precision: 0.69, top_1_micro_f1: 0.65, top_2_macro_recall: 0.74, top_2_macro_precision: 0.53, top_2_macro_f1: 0.60, top_2_accuracy: 0.82, top_2_micro_recall: 0.78, top_2_micro_precision: 0.44, top_2_micro_f1: 0.56, top_3_macro_recall: 0.86, top_3_macro_precision: 0.43, top_3_macro_f1: 0.53, top_3_accuracy: 0.92, top_3_micro_recall: 0.90, top_3_micro_precision: 0.34, top_3_micro_f1: 0.49
2025-04-11 12:37:50.424 | INFO     | __main__:train_and_evaluate:101 - Epoch 41, Loss: 0.0668
2025-04-11 12:37:50.503 | INFO     | __main__:train_and_evaluate:101 - Epoch 42, Loss: 0.0648
2025-04-11 12:37:50.598 | INFO     | __main__:train_and_evaluate:101 - Epoch 43, Loss: 0.0632
2025-04-11 12:37:50.678 | INFO     | __main__:train_and_evaluate:101 - Epoch 44, Loss: 0.0627
2025-04-11 12:37:50.757 | INFO     | __main__:train_and_evaluate:101 - Epoch 45, Loss: 0.0623
2025-04-11 12:37:50.836 | INFO     | __main__:train_and_evaluate:101 - Epoch 46, Loss: 0.0657
2025-04-11 12:37:50.925 | INFO     | __main__:train_and_evaluate:101 - Epoch 47, Loss: 0.0643
2025-04-11 12:37:51.008 | INFO     | __main__:train_and_evaluate:101 - Epoch 48, Loss: 0.0631
2025-04-11 12:37:51.088 | INFO     | __main__:train_and_evaluate:101 - Epoch 49, Loss: 0.0642
2025-04-11 12:37:51.167 | INFO     | __main__:train_and_evaluate:101 - Epoch 50, Loss: 0.0612
2025-04-11 12:37:51.202 | INFO     | __main__:eval:61 - Eval Loss: 0.0692
2025-04-11 12:37:51.298 | INFO     | __main__:train_and_evaluate:111 - Epoch 50, Eval Metrics: top_1_macro_recall: 0.55, top_1_macro_precision: 0.56, top_1_macro_f1: 0.54, top_1_accuracy: 0.71, top_1_micro_recall: 0.63, top_1_micro_precision: 0.71, top_1_micro_f1: 0.67, top_2_macro_recall: 0.75, top_2_macro_precision: 0.53, top_2_macro_f1: 0.60, top_2_accuracy: 0.83, top_2_micro_recall: 0.80, top_2_micro_precision: 0.45, top_2_micro_f1: 0.58, top_3_macro_recall: 0.85, top_3_macro_precision: 0.44, top_3_macro_f1: 0.55, top_3_accuracy: 0.91, top_3_micro_recall: 0.89, top_3_micro_precision: 0.34, top_3_micro_f1: 0.49
2025-04-11 12:37:51.298 | INFO     | __main__:CV_run:399 - Fold 4, Final Eval Metrics: top_1_macro_recall: 0.55, top_1_macro_precision: 0.56, top_1_macro_f1: 0.54, top_1_accuracy: 0.71, top_1_micro_recall: 0.63, top_1_micro_precision: 0.71, top_1_micro_f1: 0.67, top_2_macro_recall: 0.75, top_2_macro_precision: 0.53, top_2_macro_f1: 0.60, top_2_accuracy: 0.83, top_2_micro_recall: 0.80, top_2_micro_precision: 0.45, top_2_micro_f1: 0.58, top_3_macro_recall: 0.85, top_3_macro_precision: 0.44, top_3_macro_f1: 0.55, top_3_accuracy: 0.91, top_3_micro_recall: 0.89, top_3_micro_precision: 0.34, top_3_micro_f1: 0.49
2025-04-11 12:37:51.299 | INFO     | __main__:CV_run:365 - Starting fold 5
2025-04-11 12:37:51.454 | INFO     | __main__:train_and_evaluate:101 - Epoch 1, Loss: 0.3617
2025-04-11 12:37:51.531 | INFO     | __main__:train_and_evaluate:101 - Epoch 2, Loss: 0.1938
2025-04-11 12:37:51.607 | INFO     | __main__:train_and_evaluate:101 - Epoch 3, Loss: 0.1497
2025-04-11 12:37:51.692 | INFO     | __main__:train_and_evaluate:101 - Epoch 4, Loss: 0.1284
2025-04-11 12:37:51.769 | INFO     | __main__:train_and_evaluate:101 - Epoch 5, Loss: 0.1178
2025-04-11 12:37:51.845 | INFO     | __main__:train_and_evaluate:101 - Epoch 6, Loss: 0.1116
2025-04-11 12:37:51.921 | INFO     | __main__:train_and_evaluate:101 - Epoch 7, Loss: 0.1037
2025-04-11 12:37:51.996 | INFO     | __main__:train_and_evaluate:101 - Epoch 8, Loss: 0.0978
2025-04-11 12:37:52.075 | INFO     | __main__:train_and_evaluate:101 - Epoch 9, Loss: 0.0952
2025-04-11 12:37:52.151 | INFO     | __main__:train_and_evaluate:101 - Epoch 10, Loss: 0.0907
2025-04-11 12:37:52.197 | INFO     | __main__:eval:61 - Eval Loss: 0.0934
2025-04-11 12:37:52.283 | INFO     | __main__:train_and_evaluate:111 - Epoch 10, Eval Metrics: top_1_macro_recall: 0.47, top_1_macro_precision: 0.50, top_1_macro_f1: 0.48, top_1_accuracy: 0.58, top_1_micro_recall: 0.51, top_1_micro_precision: 0.58, top_1_micro_f1: 0.55, top_2_macro_recall: 0.69, top_2_macro_precision: 0.48, top_2_macro_f1: 0.53, top_2_accuracy: 0.75, top_2_micro_recall: 0.72, top_2_micro_precision: 0.41, top_2_micro_f1: 0.52, top_3_macro_recall: 0.79, top_3_macro_precision: 0.40, top_3_macro_f1: 0.49, top_3_accuracy: 0.88, top_3_micro_recall: 0.86, top_3_micro_precision: 0.33, top_3_micro_f1: 0.47
2025-04-11 12:37:52.361 | INFO     | __main__:train_and_evaluate:101 - Epoch 11, Loss: 0.0953
2025-04-11 12:37:52.439 | INFO     | __main__:train_and_evaluate:101 - Epoch 12, Loss: 0.0924
2025-04-11 12:37:52.515 | INFO     | __main__:train_and_evaluate:101 - Epoch 13, Loss: 0.0902
2025-04-11 12:37:52.591 | INFO     | __main__:train_and_evaluate:101 - Epoch 14, Loss: 0.0882
2025-04-11 12:37:52.667 | INFO     | __main__:train_and_evaluate:101 - Epoch 15, Loss: 0.0826
2025-04-11 12:37:52.742 | INFO     | __main__:train_and_evaluate:101 - Epoch 16, Loss: 0.0832
2025-04-11 12:37:52.818 | INFO     | __main__:train_and_evaluate:101 - Epoch 17, Loss: 0.0822
2025-04-11 12:37:52.911 | INFO     | __main__:train_and_evaluate:101 - Epoch 18, Loss: 0.0798
2025-04-11 12:37:52.992 | INFO     | __main__:train_and_evaluate:101 - Epoch 19, Loss: 0.0835
2025-04-11 12:37:53.068 | INFO     | __main__:train_and_evaluate:101 - Epoch 20, Loss: 0.0791
2025-04-11 12:37:53.106 | INFO     | __main__:eval:61 - Eval Loss: 0.0812
2025-04-11 12:37:53.193 | INFO     | __main__:train_and_evaluate:111 - Epoch 20, Eval Metrics: top_1_macro_recall: 0.52, top_1_macro_precision: 0.56, top_1_macro_f1: 0.52, top_1_accuracy: 0.66, top_1_micro_recall: 0.58, top_1_micro_precision: 0.66, top_1_micro_f1: 0.61, top_2_macro_recall: 0.72, top_2_macro_precision: 0.47, top_2_macro_f1: 0.55, top_2_accuracy: 0.82, top_2_micro_recall: 0.76, top_2_micro_precision: 0.43, top_2_micro_f1: 0.55, top_3_macro_recall: 0.82, top_3_macro_precision: 0.41, top_3_macro_f1: 0.51, top_3_accuracy: 0.90, top_3_micro_recall: 0.88, top_3_micro_precision: 0.33, top_3_micro_f1: 0.48
2025-04-11 12:37:53.270 | INFO     | __main__:train_and_evaluate:101 - Epoch 21, Loss: 0.0776
2025-04-11 12:37:53.348 | INFO     | __main__:train_and_evaluate:101 - Epoch 22, Loss: 0.0743
2025-04-11 12:37:53.423 | INFO     | __main__:train_and_evaluate:101 - Epoch 23, Loss: 0.0743
2025-04-11 12:37:53.499 | INFO     | __main__:train_and_evaluate:101 - Epoch 24, Loss: 0.0723
2025-04-11 12:37:53.574 | INFO     | __main__:train_and_evaluate:101 - Epoch 25, Loss: 0.0736
2025-04-11 12:37:53.650 | INFO     | __main__:train_and_evaluate:101 - Epoch 26, Loss: 0.0757
2025-04-11 12:37:53.728 | INFO     | __main__:train_and_evaluate:101 - Epoch 27, Loss: 0.0720
2025-04-11 12:37:53.804 | INFO     | __main__:train_and_evaluate:101 - Epoch 28, Loss: 0.0739
2025-04-11 12:37:53.879 | INFO     | __main__:train_and_evaluate:101 - Epoch 29, Loss: 0.0728
2025-04-11 12:37:53.955 | INFO     | __main__:train_and_evaluate:101 - Epoch 30, Loss: 0.0708
2025-04-11 12:37:53.988 | INFO     | __main__:eval:61 - Eval Loss: 0.0723
2025-04-11 12:37:54.076 | INFO     | __main__:train_and_evaluate:111 - Epoch 30, Eval Metrics: top_1_macro_recall: 0.56, top_1_macro_precision: 0.60, top_1_macro_f1: 0.56, top_1_accuracy: 0.72, top_1_micro_recall: 0.63, top_1_micro_precision: 0.72, top_1_micro_f1: 0.67, top_2_macro_recall: 0.73, top_2_macro_precision: 0.51, top_2_macro_f1: 0.58, top_2_accuracy: 0.81, top_2_micro_recall: 0.77, top_2_micro_precision: 0.44, top_2_micro_f1: 0.56, top_3_macro_recall: 0.82, top_3_macro_precision: 0.42, top_3_macro_f1: 0.52, top_3_accuracy: 0.90, top_3_micro_recall: 0.87, top_3_micro_precision: 0.33, top_3_micro_f1: 0.48
2025-04-11 12:37:54.153 | INFO     | __main__:train_and_evaluate:101 - Epoch 31, Loss: 0.0677
2025-04-11 12:37:54.231 | INFO     | __main__:train_and_evaluate:101 - Epoch 32, Loss: 0.0676
2025-04-11 12:37:54.307 | INFO     | __main__:train_and_evaluate:101 - Epoch 33, Loss: 0.0652
2025-04-11 12:37:54.383 | INFO     | __main__:train_and_evaluate:101 - Epoch 34, Loss: 0.0663
2025-04-11 12:37:54.458 | INFO     | __main__:train_and_evaluate:101 - Epoch 35, Loss: 0.0665
2025-04-11 12:37:54.534 | INFO     | __main__:train_and_evaluate:101 - Epoch 36, Loss: 0.0639
2025-04-11 12:37:54.610 | INFO     | __main__:train_and_evaluate:101 - Epoch 37, Loss: 0.0646
2025-04-11 12:37:54.685 | INFO     | __main__:train_and_evaluate:101 - Epoch 38, Loss: 0.0639
2025-04-11 12:37:54.772 | INFO     | __main__:train_and_evaluate:101 - Epoch 39, Loss: 0.0605
2025-04-11 12:37:54.859 | INFO     | __main__:train_and_evaluate:101 - Epoch 40, Loss: 0.0643
2025-04-11 12:37:54.897 | INFO     | __main__:eval:61 - Eval Loss: 0.0682
2025-04-11 12:37:54.986 | INFO     | __main__:train_and_evaluate:111 - Epoch 40, Eval Metrics: top_1_macro_recall: 0.56, top_1_macro_precision: 0.61, top_1_macro_f1: 0.56, top_1_accuracy: 0.74, top_1_micro_recall: 0.65, top_1_micro_precision: 0.74, top_1_micro_f1: 0.69, top_2_macro_recall: 0.76, top_2_macro_precision: 0.51, top_2_macro_f1: 0.58, top_2_accuracy: 0.84, top_2_micro_recall: 0.81, top_2_micro_precision: 0.46, top_2_micro_f1: 0.58, top_3_macro_recall: 0.82, top_3_macro_precision: 0.43, top_3_macro_f1: 0.52, top_3_accuracy: 0.91, top_3_micro_recall: 0.88, top_3_micro_precision: 0.33, top_3_micro_f1: 0.49
2025-04-11 12:37:55.064 | INFO     | __main__:train_and_evaluate:101 - Epoch 41, Loss: 0.0619
2025-04-11 12:37:55.139 | INFO     | __main__:train_and_evaluate:101 - Epoch 42, Loss: 0.0625
2025-04-11 12:37:55.216 | INFO     | __main__:train_and_evaluate:101 - Epoch 43, Loss: 0.0608
2025-04-11 12:37:55.293 | INFO     | __main__:train_and_evaluate:101 - Epoch 44, Loss: 0.0648
2025-04-11 12:37:55.369 | INFO     | __main__:train_and_evaluate:101 - Epoch 45, Loss: 0.0634
2025-04-11 12:37:55.444 | INFO     | __main__:train_and_evaluate:101 - Epoch 46, Loss: 0.0622
2025-04-11 12:37:55.520 | INFO     | __main__:train_and_evaluate:101 - Epoch 47, Loss: 0.0645
2025-04-11 12:37:55.596 | INFO     | __main__:train_and_evaluate:101 - Epoch 48, Loss: 0.0627
2025-04-11 12:37:55.672 | INFO     | __main__:train_and_evaluate:101 - Epoch 49, Loss: 0.0619
2025-04-11 12:37:55.749 | INFO     | __main__:train_and_evaluate:101 - Epoch 50, Loss: 0.0614
2025-04-11 12:37:55.783 | INFO     | __main__:eval:61 - Eval Loss: 0.0669
2025-04-11 12:37:55.870 | INFO     | __main__:train_and_evaluate:111 - Epoch 50, Eval Metrics: top_1_macro_recall: 0.56, top_1_macro_precision: 0.60, top_1_macro_f1: 0.57, top_1_accuracy: 0.72, top_1_micro_recall: 0.64, top_1_micro_precision: 0.72, top_1_micro_f1: 0.68, top_2_macro_recall: 0.75, top_2_macro_precision: 0.52, top_2_macro_f1: 0.59, top_2_accuracy: 0.83, top_2_micro_recall: 0.79, top_2_micro_precision: 0.45, top_2_micro_f1: 0.57, top_3_macro_recall: 0.82, top_3_macro_precision: 0.42, top_3_macro_f1: 0.51, top_3_accuracy: 0.91, top_3_micro_recall: 0.89, top_3_micro_precision: 0.34, top_3_micro_f1: 0.49
2025-04-11 12:37:55.870 | INFO     | __main__:CV_run:399 - Fold 5, Final Eval Metrics: top_1_macro_recall: 0.56, top_1_macro_precision: 0.60, top_1_macro_f1: 0.57, top_1_accuracy: 0.72, top_1_micro_recall: 0.64, top_1_micro_precision: 0.72, top_1_micro_f1: 0.68, top_2_macro_recall: 0.75, top_2_macro_precision: 0.52, top_2_macro_f1: 0.59, top_2_accuracy: 0.83, top_2_micro_recall: 0.79, top_2_micro_precision: 0.45, top_2_micro_f1: 0.57, top_3_macro_recall: 0.82, top_3_macro_precision: 0.42, top_3_macro_f1: 0.51, top_3_accuracy: 0.91, top_3_micro_recall: 0.89, top_3_micro_precision: 0.34, top_3_micro_f1: 0.49
2025-04-11 12:37:55.871 | SUCCESS  | __main__:CV_run:421 - 5-Fold Cross Validation completed
top_k: 1
top_1_macro_recall: 0.5561 (± 0.0056)
top_1_macro_precision: 0.5773 (± 0.0127)
top_1_macro_f1: 0.5588 (± 0.0076)
top_1_accuracy: 0.7180 (± 0.0049)
top_1_micro_recall: 0.6321 (± 0.0042)
top_1_micro_precision: 0.7180 (± 0.0049)
top_1_micro_f1: 0.6723 (± 0.0040)
top_2_macro_recall: 0.7599 (± 0.0078)
top_2_macro_precision: 0.5098 (± 0.0164)
top_2_macro_f1: 0.5882 (± 0.0100)
top_2_accuracy: 0.8291 (± 0.0041)
top_2_micro_recall: 0.8013 (± 0.0065)
top_2_micro_precision: 0.4550 (± 0.0039)
top_2_micro_f1: 0.5804 (± 0.0045)
top_3_macro_recall: 0.8566 (± 0.0191)
top_3_macro_precision: 0.4051 (± 0.0248)
top_3_macro_f1: 0.5134 (± 0.0189)
top_3_accuracy: 0.9052 (± 0.0097)
top_3_micro_recall: 0.8904 (± 0.0051)
top_3_micro_precision: 0.3371 (± 0.0017)
top_3_micro_f1: 0.4891 (± 0.0021)
