2025-04-11 11:58:24.484 | INFO     | __main__:<module>:26 - Using device: cuda
2025-04-11 11:58:27.368 | INFO     | __main__:CV_run:343 - Number of classes: 81
2025-04-11 11:58:27.369 | INFO     | __main__:CV_run:344 - Input shape: torch.Size([1, 1089])
2025-04-11 11:58:27.369 | INFO     | __main__:CV_run:345 - label type: model_type
2025-04-11 11:58:27.370 | INFO     | __main__:CV_run:360 - Starting fold 1
2025-04-11 11:58:47.955 | INFO     | __main__:train_and_evaluate:96 - Epoch 1, Loss: 3.5203
2025-04-11 11:58:47.986 | INFO     | __main__:train_and_evaluate:96 - Epoch 2, Loss: 1.9932
2025-04-11 11:58:48.016 | INFO     | __main__:train_and_evaluate:96 - Epoch 3, Loss: 1.2104
2025-04-11 11:58:48.045 | INFO     | __main__:train_and_evaluate:96 - Epoch 4, Loss: 0.8509
2025-04-11 11:58:48.074 | INFO     | __main__:train_and_evaluate:96 - Epoch 5, Loss: 0.6405
2025-04-11 11:58:48.104 | INFO     | __main__:train_and_evaluate:96 - Epoch 6, Loss: 0.5156
2025-04-11 11:58:48.133 | INFO     | __main__:train_and_evaluate:96 - Epoch 7, Loss: 0.4039
2025-04-11 11:58:48.162 | INFO     | __main__:train_and_evaluate:96 - Epoch 8, Loss: 0.3353
2025-04-11 11:58:48.192 | INFO     | __main__:train_and_evaluate:96 - Epoch 9, Loss: 0.2790
2025-04-11 11:58:48.221 | INFO     | __main__:train_and_evaluate:96 - Epoch 10, Loss: 0.2671
2025-04-11 11:58:48.235 | INFO     | __main__:eval:56 - Eval Loss: 0.2156
2025-04-11 11:58:48.246 | INFO     | __main__:train_and_evaluate:106 - Epoch 10, Eval Metrics: macro_recall: 0.92, macro_precision: 0.92, macro_f1: 0.92, accuracy: 0.92, micro_recall: 0.92, micro_precision: 0.92, micro_f1: 0.92
2025-04-11 11:58:48.276 | INFO     | __main__:train_and_evaluate:96 - Epoch 11, Loss: 0.2435
2025-04-11 11:58:48.305 | INFO     | __main__:train_and_evaluate:96 - Epoch 12, Loss: 0.2232
2025-04-11 11:58:48.334 | INFO     | __main__:train_and_evaluate:96 - Epoch 13, Loss: 0.2134
2025-04-11 11:58:48.364 | INFO     | __main__:train_and_evaluate:96 - Epoch 14, Loss: 0.2077
2025-04-11 11:58:48.394 | INFO     | __main__:train_and_evaluate:96 - Epoch 15, Loss: 0.2000
2025-04-11 11:58:48.423 | INFO     | __main__:train_and_evaluate:96 - Epoch 16, Loss: 0.1940
2025-04-11 11:58:48.452 | INFO     | __main__:train_and_evaluate:96 - Epoch 17, Loss: 0.1949
2025-04-11 11:58:48.481 | INFO     | __main__:train_and_evaluate:96 - Epoch 18, Loss: 0.1863
2025-04-11 11:58:48.512 | INFO     | __main__:train_and_evaluate:96 - Epoch 19, Loss: 0.1812
2025-04-11 11:58:48.541 | INFO     | __main__:train_and_evaluate:96 - Epoch 20, Loss: 0.1553
2025-04-11 11:58:48.555 | INFO     | __main__:eval:56 - Eval Loss: 0.1560
2025-04-11 11:58:48.565 | INFO     | __main__:train_and_evaluate:106 - Epoch 20, Eval Metrics: macro_recall: 0.95, macro_precision: 0.95, macro_f1: 0.94, accuracy: 0.95, micro_recall: 0.95, micro_precision: 0.95, micro_f1: 0.95
2025-04-11 11:58:48.594 | INFO     | __main__:train_and_evaluate:96 - Epoch 21, Loss: 0.1486
2025-04-11 11:58:48.624 | INFO     | __main__:train_and_evaluate:96 - Epoch 22, Loss: 0.1489
2025-04-11 11:58:48.653 | INFO     | __main__:train_and_evaluate:96 - Epoch 23, Loss: 0.1442
2025-04-11 11:58:48.682 | INFO     | __main__:train_and_evaluate:96 - Epoch 24, Loss: 0.1388
2025-04-11 11:58:48.712 | INFO     | __main__:train_and_evaluate:96 - Epoch 25, Loss: 0.1357
2025-04-11 11:58:48.741 | INFO     | __main__:train_and_evaluate:96 - Epoch 26, Loss: 0.1206
2025-04-11 11:58:48.770 | INFO     | __main__:train_and_evaluate:96 - Epoch 27, Loss: 0.1214
2025-04-11 11:58:48.800 | INFO     | __main__:train_and_evaluate:96 - Epoch 28, Loss: 0.1175
2025-04-11 11:58:48.831 | INFO     | __main__:train_and_evaluate:96 - Epoch 29, Loss: 0.1245
2025-04-11 11:58:48.860 | INFO     | __main__:train_and_evaluate:96 - Epoch 30, Loss: 0.1139
2025-04-11 11:58:48.874 | INFO     | __main__:eval:56 - Eval Loss: 0.1285
2025-04-11 11:58:48.883 | INFO     | __main__:train_and_evaluate:106 - Epoch 30, Eval Metrics: macro_recall: 0.95, macro_precision: 0.94, macro_f1: 0.94, accuracy: 0.94, micro_recall: 0.94, micro_precision: 0.94, micro_f1: 0.94
2025-04-11 11:58:48.913 | INFO     | __main__:train_and_evaluate:96 - Epoch 31, Loss: 0.1055
2025-04-11 11:58:48.942 | INFO     | __main__:train_and_evaluate:96 - Epoch 32, Loss: 0.1026
2025-04-11 11:58:48.971 | INFO     | __main__:train_and_evaluate:96 - Epoch 33, Loss: 0.1026
2025-04-11 11:58:49.000 | INFO     | __main__:train_and_evaluate:96 - Epoch 34, Loss: 0.0941
2025-04-11 11:58:49.030 | INFO     | __main__:train_and_evaluate:96 - Epoch 35, Loss: 0.1052
2025-04-11 11:58:49.059 | INFO     | __main__:train_and_evaluate:96 - Epoch 36, Loss: 0.0914
2025-04-11 11:58:49.088 | INFO     | __main__:train_and_evaluate:96 - Epoch 37, Loss: 0.0937
2025-04-11 11:58:49.117 | INFO     | __main__:train_and_evaluate:96 - Epoch 38, Loss: 0.0907
2025-04-11 11:58:49.146 | INFO     | __main__:train_and_evaluate:96 - Epoch 39, Loss: 0.0884
2025-04-11 11:58:49.176 | INFO     | __main__:train_and_evaluate:96 - Epoch 40, Loss: 0.0863
2025-04-11 11:58:49.190 | INFO     | __main__:eval:56 - Eval Loss: 0.1285
2025-04-11 11:58:49.199 | INFO     | __main__:train_and_evaluate:106 - Epoch 40, Eval Metrics: macro_recall: 0.97, macro_precision: 0.98, macro_f1: 0.96, accuracy: 0.95, micro_recall: 0.95, micro_precision: 0.95, micro_f1: 0.95
2025-04-11 11:58:49.229 | INFO     | __main__:train_and_evaluate:96 - Epoch 41, Loss: 0.0882
2025-04-11 11:58:49.258 | INFO     | __main__:train_and_evaluate:96 - Epoch 42, Loss: 0.0846
2025-04-11 11:58:49.287 | INFO     | __main__:train_and_evaluate:96 - Epoch 43, Loss: 0.0860
2025-04-11 11:58:49.317 | INFO     | __main__:train_and_evaluate:96 - Epoch 44, Loss: 0.0856
2025-04-11 11:58:49.346 | INFO     | __main__:train_and_evaluate:96 - Epoch 45, Loss: 0.0840
2025-04-11 11:58:49.379 | INFO     | __main__:train_and_evaluate:96 - Epoch 46, Loss: 0.0860
2025-04-11 11:58:49.410 | INFO     | __main__:train_and_evaluate:96 - Epoch 47, Loss: 0.0851
2025-04-11 11:58:49.439 | INFO     | __main__:train_and_evaluate:96 - Epoch 48, Loss: 0.0856
2025-04-11 11:58:49.469 | INFO     | __main__:train_and_evaluate:96 - Epoch 49, Loss: 0.0813
2025-04-11 11:58:49.498 | INFO     | __main__:train_and_evaluate:96 - Epoch 50, Loss: 0.0860
2025-04-11 11:58:49.513 | INFO     | __main__:eval:56 - Eval Loss: 0.1305
2025-04-11 11:58:49.522 | INFO     | __main__:train_and_evaluate:106 - Epoch 50, Eval Metrics: macro_recall: 0.97, macro_precision: 0.98, macro_f1: 0.96, accuracy: 0.95, micro_recall: 0.95, micro_precision: 0.95, micro_f1: 0.95
2025-04-11 11:58:49.522 | INFO     | __main__:CV_run:391 - Fold 1, Final Eval Metrics: macro_recall: 0.97, macro_precision: 0.98, macro_f1: 0.96, accuracy: 0.95, micro_recall: 0.95, micro_precision: 0.95, micro_f1: 0.95
2025-04-11 11:58:49.523 | INFO     | __main__:CV_run:360 - Starting fold 2
2025-04-11 11:58:49.559 | INFO     | __main__:train_and_evaluate:96 - Epoch 1, Loss: 3.4125
2025-04-11 11:58:49.590 | INFO     | __main__:train_and_evaluate:96 - Epoch 2, Loss: 1.8814
2025-04-11 11:58:49.619 | INFO     | __main__:train_and_evaluate:96 - Epoch 3, Loss: 1.2021
2025-04-11 11:58:49.649 | INFO     | __main__:train_and_evaluate:96 - Epoch 4, Loss: 0.8340
2025-04-11 11:58:49.678 | INFO     | __main__:train_and_evaluate:96 - Epoch 5, Loss: 0.6323
2025-04-11 11:58:49.707 | INFO     | __main__:train_and_evaluate:96 - Epoch 6, Loss: 0.5028
2025-04-11 11:58:49.737 | INFO     | __main__:train_and_evaluate:96 - Epoch 7, Loss: 0.4104
2025-04-11 11:58:49.766 | INFO     | __main__:train_and_evaluate:96 - Epoch 8, Loss: 0.3281
2025-04-11 11:58:49.795 | INFO     | __main__:train_and_evaluate:96 - Epoch 9, Loss: 0.2994
2025-04-11 11:58:49.825 | INFO     | __main__:train_and_evaluate:96 - Epoch 10, Loss: 0.2748
2025-04-11 11:58:49.839 | INFO     | __main__:eval:56 - Eval Loss: 0.2421
2025-04-11 11:58:49.848 | INFO     | __main__:train_and_evaluate:106 - Epoch 10, Eval Metrics: macro_recall: 0.87, macro_precision: 0.88, macro_f1: 0.87, accuracy: 0.93, micro_recall: 0.93, micro_precision: 0.93, micro_f1: 0.93
2025-04-11 11:58:49.878 | INFO     | __main__:train_and_evaluate:96 - Epoch 11, Loss: 0.2654
2025-04-11 11:58:49.908 | INFO     | __main__:train_and_evaluate:96 - Epoch 12, Loss: 0.2488
2025-04-11 11:58:49.937 | INFO     | __main__:train_and_evaluate:96 - Epoch 13, Loss: 0.2413
2025-04-11 11:58:49.966 | INFO     | __main__:train_and_evaluate:96 - Epoch 14, Loss: 0.2189
2025-04-11 11:58:49.995 | INFO     | __main__:train_and_evaluate:96 - Epoch 15, Loss: 0.2289
2025-04-11 11:58:50.025 | INFO     | __main__:train_and_evaluate:96 - Epoch 16, Loss: 0.1968
2025-04-11 11:58:50.054 | INFO     | __main__:train_and_evaluate:96 - Epoch 17, Loss: 0.1997
2025-04-11 11:58:50.084 | INFO     | __main__:train_and_evaluate:96 - Epoch 18, Loss: 0.1796
2025-04-11 11:58:50.114 | INFO     | __main__:train_and_evaluate:96 - Epoch 19, Loss: 0.1685
2025-04-11 11:58:50.143 | INFO     | __main__:train_and_evaluate:96 - Epoch 20, Loss: 0.1587
2025-04-11 11:58:50.157 | INFO     | __main__:eval:56 - Eval Loss: 0.1629
2025-04-11 11:58:50.166 | INFO     | __main__:train_and_evaluate:106 - Epoch 20, Eval Metrics: macro_recall: 0.91, macro_precision: 0.92, macro_f1: 0.91, accuracy: 0.95, micro_recall: 0.95, micro_precision: 0.95, micro_f1: 0.95
2025-04-11 11:58:50.195 | INFO     | __main__:train_and_evaluate:96 - Epoch 21, Loss: 0.1429
2025-04-11 11:58:50.225 | INFO     | __main__:train_and_evaluate:96 - Epoch 22, Loss: 0.1531
2025-04-11 11:58:50.254 | INFO     | __main__:train_and_evaluate:96 - Epoch 23, Loss: 0.1354
2025-04-11 11:58:50.283 | INFO     | __main__:train_and_evaluate:96 - Epoch 24, Loss: 0.1376
2025-04-11 11:58:50.313 | INFO     | __main__:train_and_evaluate:96 - Epoch 25, Loss: 0.1296
2025-04-11 11:58:50.342 | INFO     | __main__:train_and_evaluate:96 - Epoch 26, Loss: 0.1310
2025-04-11 11:58:50.371 | INFO     | __main__:train_and_evaluate:96 - Epoch 27, Loss: 0.1292
2025-04-11 11:58:50.400 | INFO     | __main__:train_and_evaluate:96 - Epoch 28, Loss: 0.1202
2025-04-11 11:58:50.429 | INFO     | __main__:train_and_evaluate:96 - Epoch 29, Loss: 0.1128
2025-04-11 11:58:50.459 | INFO     | __main__:train_and_evaluate:96 - Epoch 30, Loss: 0.1185
2025-04-11 11:58:50.473 | INFO     | __main__:eval:56 - Eval Loss: 0.1498
2025-04-11 11:58:50.482 | INFO     | __main__:train_and_evaluate:106 - Epoch 30, Eval Metrics: macro_recall: 0.94, macro_precision: 0.94, macro_f1: 0.94, accuracy: 0.96, micro_recall: 0.96, micro_precision: 0.96, micro_f1: 0.96
2025-04-11 11:58:50.512 | INFO     | __main__:train_and_evaluate:96 - Epoch 31, Loss: 0.1093
2025-04-11 11:58:50.541 | INFO     | __main__:train_and_evaluate:96 - Epoch 32, Loss: 0.1012
2025-04-11 11:58:50.571 | INFO     | __main__:train_and_evaluate:96 - Epoch 33, Loss: 0.0978
2025-04-11 11:58:50.601 | INFO     | __main__:train_and_evaluate:96 - Epoch 34, Loss: 0.0968
2025-04-11 11:58:50.630 | INFO     | __main__:train_and_evaluate:96 - Epoch 35, Loss: 0.0906
2025-04-11 11:58:50.660 | INFO     | __main__:train_and_evaluate:96 - Epoch 36, Loss: 0.0938
2025-04-11 11:58:50.689 | INFO     | __main__:train_and_evaluate:96 - Epoch 37, Loss: 0.0915
2025-04-11 11:58:50.718 | INFO     | __main__:train_and_evaluate:96 - Epoch 38, Loss: 0.0920
2025-04-11 11:58:50.747 | INFO     | __main__:train_and_evaluate:96 - Epoch 39, Loss: 0.0945
2025-04-11 11:58:50.777 | INFO     | __main__:train_and_evaluate:96 - Epoch 40, Loss: 0.0866
2025-04-11 11:58:50.791 | INFO     | __main__:eval:56 - Eval Loss: 0.1392
2025-04-11 11:58:50.800 | INFO     | __main__:train_and_evaluate:106 - Epoch 40, Eval Metrics: macro_recall: 0.95, macro_precision: 0.94, macro_f1: 0.94, accuracy: 0.96, micro_recall: 0.96, micro_precision: 0.96, micro_f1: 0.96
2025-04-11 11:58:50.829 | INFO     | __main__:train_and_evaluate:96 - Epoch 41, Loss: 0.0899
2025-04-11 11:58:50.859 | INFO     | __main__:train_and_evaluate:96 - Epoch 42, Loss: 0.0897
2025-04-11 11:58:50.888 | INFO     | __main__:train_and_evaluate:96 - Epoch 43, Loss: 0.0868
2025-04-11 11:58:50.918 | INFO     | __main__:train_and_evaluate:96 - Epoch 44, Loss: 0.0844
2025-04-11 11:58:50.948 | INFO     | __main__:train_and_evaluate:96 - Epoch 45, Loss: 0.0873
2025-04-11 11:58:50.978 | INFO     | __main__:train_and_evaluate:96 - Epoch 46, Loss: 0.0891
2025-04-11 11:58:51.007 | INFO     | __main__:train_and_evaluate:96 - Epoch 47, Loss: 0.0844
2025-04-11 11:58:51.037 | INFO     | __main__:train_and_evaluate:96 - Epoch 48, Loss: 0.0836
2025-04-11 11:58:51.066 | INFO     | __main__:train_and_evaluate:96 - Epoch 49, Loss: 0.0855
2025-04-11 11:58:51.096 | INFO     | __main__:train_and_evaluate:96 - Epoch 50, Loss: 0.0840
2025-04-11 11:58:51.109 | INFO     | __main__:eval:56 - Eval Loss: 0.1361
2025-04-11 11:58:51.119 | INFO     | __main__:train_and_evaluate:106 - Epoch 50, Eval Metrics: macro_recall: 0.94, macro_precision: 0.94, macro_f1: 0.94, accuracy: 0.96, micro_recall: 0.96, micro_precision: 0.96, micro_f1: 0.96
2025-04-11 11:58:51.119 | INFO     | __main__:CV_run:391 - Fold 2, Final Eval Metrics: macro_recall: 0.94, macro_precision: 0.94, macro_f1: 0.94, accuracy: 0.96, micro_recall: 0.96, micro_precision: 0.96, micro_f1: 0.96
2025-04-11 11:58:51.119 | INFO     | __main__:CV_run:360 - Starting fold 3
2025-04-11 11:58:51.153 | INFO     | __main__:train_and_evaluate:96 - Epoch 1, Loss: 3.4699
2025-04-11 11:58:51.183 | INFO     | __main__:train_and_evaluate:96 - Epoch 2, Loss: 1.9351
2025-04-11 11:58:51.212 | INFO     | __main__:train_and_evaluate:96 - Epoch 3, Loss: 1.1769
2025-04-11 11:58:51.242 | INFO     | __main__:train_and_evaluate:96 - Epoch 4, Loss: 0.8196
2025-04-11 11:58:51.271 | INFO     | __main__:train_and_evaluate:96 - Epoch 5, Loss: 0.6464
2025-04-11 11:58:51.300 | INFO     | __main__:train_and_evaluate:96 - Epoch 6, Loss: 0.5114
2025-04-11 11:58:51.329 | INFO     | __main__:train_and_evaluate:96 - Epoch 7, Loss: 0.4025
2025-04-11 11:58:51.359 | INFO     | __main__:train_and_evaluate:96 - Epoch 8, Loss: 0.3468
2025-04-11 11:58:51.388 | INFO     | __main__:train_and_evaluate:96 - Epoch 9, Loss: 0.2991
2025-04-11 11:58:51.417 | INFO     | __main__:train_and_evaluate:96 - Epoch 10, Loss: 0.2816
2025-04-11 11:58:51.431 | INFO     | __main__:eval:56 - Eval Loss: 0.2878
2025-04-11 11:58:51.440 | INFO     | __main__:train_and_evaluate:106 - Epoch 10, Eval Metrics: macro_recall: 0.88, macro_precision: 0.89, macro_f1: 0.88, accuracy: 0.92, micro_recall: 0.92, micro_precision: 0.92, micro_f1: 0.92
2025-04-11 11:58:51.470 | INFO     | __main__:train_and_evaluate:96 - Epoch 11, Loss: 0.2736
2025-04-11 11:58:51.499 | INFO     | __main__:train_and_evaluate:96 - Epoch 12, Loss: 0.2523
2025-04-11 11:58:51.528 | INFO     | __main__:train_and_evaluate:96 - Epoch 13, Loss: 0.2361
2025-04-11 11:58:51.558 | INFO     | __main__:train_and_evaluate:96 - Epoch 14, Loss: 0.2296
2025-04-11 11:58:51.587 | INFO     | __main__:train_and_evaluate:96 - Epoch 15, Loss: 0.2164
2025-04-11 11:58:51.616 | INFO     | __main__:train_and_evaluate:96 - Epoch 16, Loss: 0.2127
2025-04-11 11:58:51.645 | INFO     | __main__:train_and_evaluate:96 - Epoch 17, Loss: 0.1974
2025-04-11 11:58:51.675 | INFO     | __main__:train_and_evaluate:96 - Epoch 18, Loss: 0.1890
2025-04-11 11:58:51.704 | INFO     | __main__:train_and_evaluate:96 - Epoch 19, Loss: 0.1662
2025-04-11 11:58:51.733 | INFO     | __main__:train_and_evaluate:96 - Epoch 20, Loss: 0.1674
2025-04-11 11:58:51.747 | INFO     | __main__:eval:56 - Eval Loss: 0.2240
2025-04-11 11:58:51.756 | INFO     | __main__:train_and_evaluate:106 - Epoch 20, Eval Metrics: macro_recall: 0.95, macro_precision: 0.95, macro_f1: 0.95, accuracy: 0.96, micro_recall: 0.96, micro_precision: 0.96, micro_f1: 0.96
2025-04-11 11:58:51.785 | INFO     | __main__:train_and_evaluate:96 - Epoch 21, Loss: 0.1500
2025-04-11 11:58:51.815 | INFO     | __main__:train_and_evaluate:96 - Epoch 22, Loss: 0.1526
2025-04-11 11:58:51.844 | INFO     | __main__:train_and_evaluate:96 - Epoch 23, Loss: 0.1564
2025-04-11 11:58:51.873 | INFO     | __main__:train_and_evaluate:96 - Epoch 24, Loss: 0.1402
2025-04-11 11:58:51.902 | INFO     | __main__:train_and_evaluate:96 - Epoch 25, Loss: 0.1269
2025-04-11 11:58:51.932 | INFO     | __main__:train_and_evaluate:96 - Epoch 26, Loss: 0.1297
2025-04-11 11:58:51.961 | INFO     | __main__:train_and_evaluate:96 - Epoch 27, Loss: 0.1411
2025-04-11 11:58:51.990 | INFO     | __main__:train_and_evaluate:96 - Epoch 28, Loss: 0.1284
2025-04-11 11:58:52.019 | INFO     | __main__:train_and_evaluate:96 - Epoch 29, Loss: 0.1273
2025-04-11 11:58:52.051 | INFO     | __main__:train_and_evaluate:96 - Epoch 30, Loss: 0.1284
2025-04-11 11:58:52.065 | INFO     | __main__:eval:56 - Eval Loss: 0.2299
2025-04-11 11:58:52.074 | INFO     | __main__:train_and_evaluate:106 - Epoch 30, Eval Metrics: macro_recall: 0.97, macro_precision: 0.97, macro_f1: 0.97, accuracy: 0.97, micro_recall: 0.97, micro_precision: 0.97, micro_f1: 0.97
2025-04-11 11:58:52.103 | INFO     | __main__:train_and_evaluate:96 - Epoch 31, Loss: 0.1212
2025-04-11 11:58:52.132 | INFO     | __main__:train_and_evaluate:96 - Epoch 32, Loss: 0.1044
2025-04-11 11:58:52.162 | INFO     | __main__:train_and_evaluate:96 - Epoch 33, Loss: 0.1015
2025-04-11 11:58:52.191 | INFO     | __main__:train_and_evaluate:96 - Epoch 34, Loss: 0.1098
2025-04-11 11:58:52.220 | INFO     | __main__:train_and_evaluate:96 - Epoch 35, Loss: 0.0953
2025-04-11 11:58:52.249 | INFO     | __main__:train_and_evaluate:96 - Epoch 36, Loss: 0.1052
2025-04-11 11:58:52.279 | INFO     | __main__:train_and_evaluate:96 - Epoch 37, Loss: 0.0966
2025-04-11 11:58:52.308 | INFO     | __main__:train_and_evaluate:96 - Epoch 38, Loss: 0.0996
2025-04-11 11:58:52.337 | INFO     | __main__:train_and_evaluate:96 - Epoch 39, Loss: 0.0949
2025-04-11 11:58:52.366 | INFO     | __main__:train_and_evaluate:96 - Epoch 40, Loss: 0.0942
2025-04-11 11:58:52.380 | INFO     | __main__:eval:56 - Eval Loss: 0.2137
2025-04-11 11:58:52.389 | INFO     | __main__:train_and_evaluate:106 - Epoch 40, Eval Metrics: macro_recall: 0.97, macro_precision: 0.97, macro_f1: 0.97, accuracy: 0.96, micro_recall: 0.96, micro_precision: 0.96, micro_f1: 0.96
2025-04-11 11:58:52.419 | INFO     | __main__:train_and_evaluate:96 - Epoch 41, Loss: 0.0923
2025-04-11 11:58:52.448 | INFO     | __main__:train_and_evaluate:96 - Epoch 42, Loss: 0.0898
2025-04-11 11:58:52.477 | INFO     | __main__:train_and_evaluate:96 - Epoch 43, Loss: 0.0946
2025-04-11 11:58:52.507 | INFO     | __main__:train_and_evaluate:96 - Epoch 44, Loss: 0.0946
2025-04-11 11:58:52.536 | INFO     | __main__:train_and_evaluate:96 - Epoch 45, Loss: 0.0912
2025-04-11 11:58:52.566 | INFO     | __main__:train_and_evaluate:96 - Epoch 46, Loss: 0.0897
2025-04-11 11:58:52.595 | INFO     | __main__:train_and_evaluate:96 - Epoch 47, Loss: 0.0911
2025-04-11 11:58:52.625 | INFO     | __main__:train_and_evaluate:96 - Epoch 48, Loss: 0.0907
2025-04-11 11:58:52.655 | INFO     | __main__:train_and_evaluate:96 - Epoch 49, Loss: 0.0864
2025-04-11 11:58:52.684 | INFO     | __main__:train_and_evaluate:96 - Epoch 50, Loss: 0.0879
2025-04-11 11:58:52.698 | INFO     | __main__:eval:56 - Eval Loss: 0.2044
2025-04-11 11:58:52.707 | INFO     | __main__:train_and_evaluate:106 - Epoch 50, Eval Metrics: macro_recall: 0.96, macro_precision: 0.96, macro_f1: 0.96, accuracy: 0.96, micro_recall: 0.96, micro_precision: 0.96, micro_f1: 0.96
2025-04-11 11:58:52.707 | INFO     | __main__:CV_run:391 - Fold 3, Final Eval Metrics: macro_recall: 0.96, macro_precision: 0.96, macro_f1: 0.96, accuracy: 0.96, micro_recall: 0.96, micro_precision: 0.96, micro_f1: 0.96
2025-04-11 11:58:52.708 | INFO     | __main__:CV_run:360 - Starting fold 4
2025-04-11 11:58:52.743 | INFO     | __main__:train_and_evaluate:96 - Epoch 1, Loss: 3.5068
2025-04-11 11:58:52.773 | INFO     | __main__:train_and_evaluate:96 - Epoch 2, Loss: 1.9496
2025-04-11 11:58:52.802 | INFO     | __main__:train_and_evaluate:96 - Epoch 3, Loss: 1.2132
2025-04-11 11:58:52.831 | INFO     | __main__:train_and_evaluate:96 - Epoch 4, Loss: 0.8410
2025-04-11 11:58:52.862 | INFO     | __main__:train_and_evaluate:96 - Epoch 5, Loss: 0.6531
2025-04-11 11:58:52.891 | INFO     | __main__:train_and_evaluate:96 - Epoch 6, Loss: 0.4993
2025-04-11 11:58:52.920 | INFO     | __main__:train_and_evaluate:96 - Epoch 7, Loss: 0.3946
2025-04-11 11:58:52.950 | INFO     | __main__:train_and_evaluate:96 - Epoch 8, Loss: 0.3329
2025-04-11 11:58:52.979 | INFO     | __main__:train_and_evaluate:96 - Epoch 9, Loss: 0.3013
2025-04-11 11:58:53.008 | INFO     | __main__:train_and_evaluate:96 - Epoch 10, Loss: 0.2840
2025-04-11 11:58:53.022 | INFO     | __main__:eval:56 - Eval Loss: 0.2429
2025-04-11 11:58:53.032 | INFO     | __main__:train_and_evaluate:106 - Epoch 10, Eval Metrics: macro_recall: 0.89, macro_precision: 0.88, macro_f1: 0.88, accuracy: 0.92, micro_recall: 0.92, micro_precision: 0.92, micro_f1: 0.92
2025-04-11 11:58:53.061 | INFO     | __main__:train_and_evaluate:96 - Epoch 11, Loss: 0.2648
2025-04-11 11:58:53.091 | INFO     | __main__:train_and_evaluate:96 - Epoch 12, Loss: 0.2569
2025-04-11 11:58:53.120 | INFO     | __main__:train_and_evaluate:96 - Epoch 13, Loss: 0.2393
2025-04-11 11:58:53.149 | INFO     | __main__:train_and_evaluate:96 - Epoch 14, Loss: 0.2322
2025-04-11 11:58:53.179 | INFO     | __main__:train_and_evaluate:96 - Epoch 15, Loss: 0.2142
2025-04-11 11:58:53.208 | INFO     | __main__:train_and_evaluate:96 - Epoch 16, Loss: 0.1970
2025-04-11 11:58:53.238 | INFO     | __main__:train_and_evaluate:96 - Epoch 17, Loss: 0.1888
2025-04-11 11:58:53.267 | INFO     | __main__:train_and_evaluate:96 - Epoch 18, Loss: 0.1833
2025-04-11 11:58:53.296 | INFO     | __main__:train_and_evaluate:96 - Epoch 19, Loss: 0.1788
2025-04-11 11:58:53.325 | INFO     | __main__:train_and_evaluate:96 - Epoch 20, Loss: 0.1661
2025-04-11 11:58:53.339 | INFO     | __main__:eval:56 - Eval Loss: 0.1419
2025-04-11 11:58:53.348 | INFO     | __main__:train_and_evaluate:106 - Epoch 20, Eval Metrics: macro_recall: 0.94, macro_precision: 0.93, macro_f1: 0.93, accuracy: 0.94, micro_recall: 0.94, micro_precision: 0.94, micro_f1: 0.94
2025-04-11 11:58:53.379 | INFO     | __main__:train_and_evaluate:96 - Epoch 21, Loss: 0.1579
2025-04-11 11:58:53.409 | INFO     | __main__:train_and_evaluate:96 - Epoch 22, Loss: 0.1666
2025-04-11 11:58:53.439 | INFO     | __main__:train_and_evaluate:96 - Epoch 23, Loss: 0.1732
2025-04-11 11:58:53.468 | INFO     | __main__:train_and_evaluate:96 - Epoch 24, Loss: 0.1593
2025-04-11 11:58:53.499 | INFO     | __main__:train_and_evaluate:96 - Epoch 25, Loss: 0.1458
2025-04-11 11:58:53.528 | INFO     | __main__:train_and_evaluate:96 - Epoch 26, Loss: 0.1336
2025-04-11 11:58:53.557 | INFO     | __main__:train_and_evaluate:96 - Epoch 27, Loss: 0.1246
2025-04-11 11:58:53.586 | INFO     | __main__:train_and_evaluate:96 - Epoch 28, Loss: 0.1212
2025-04-11 11:58:53.616 | INFO     | __main__:train_and_evaluate:96 - Epoch 29, Loss: 0.1198
2025-04-11 11:58:53.645 | INFO     | __main__:train_and_evaluate:96 - Epoch 30, Loss: 0.1163
2025-04-11 11:58:53.659 | INFO     | __main__:eval:56 - Eval Loss: 0.0978
2025-04-11 11:58:53.668 | INFO     | __main__:train_and_evaluate:106 - Epoch 30, Eval Metrics: macro_recall: 0.97, macro_precision: 0.96, macro_f1: 0.96, accuracy: 0.96, micro_recall: 0.96, micro_precision: 0.96, micro_f1: 0.96
2025-04-11 11:58:53.697 | INFO     | __main__:train_and_evaluate:96 - Epoch 31, Loss: 0.1183
2025-04-11 11:58:53.727 | INFO     | __main__:train_and_evaluate:96 - Epoch 32, Loss: 0.1128
2025-04-11 11:58:53.756 | INFO     | __main__:train_and_evaluate:96 - Epoch 33, Loss: 0.1037
2025-04-11 11:58:53.785 | INFO     | __main__:train_and_evaluate:96 - Epoch 34, Loss: 0.1011
2025-04-11 11:58:53.815 | INFO     | __main__:train_and_evaluate:96 - Epoch 35, Loss: 0.1014
2025-04-11 11:58:53.844 | INFO     | __main__:train_and_evaluate:96 - Epoch 36, Loss: 0.0993
2025-04-11 11:58:53.874 | INFO     | __main__:train_and_evaluate:96 - Epoch 37, Loss: 0.1016
2025-04-11 11:58:53.904 | INFO     | __main__:train_and_evaluate:96 - Epoch 38, Loss: 0.0956
2025-04-11 11:58:53.933 | INFO     | __main__:train_and_evaluate:96 - Epoch 39, Loss: 0.0962
2025-04-11 11:58:53.964 | INFO     | __main__:train_and_evaluate:96 - Epoch 40, Loss: 0.0951
2025-04-11 11:58:53.978 | INFO     | __main__:eval:56 - Eval Loss: 0.0918
2025-04-11 11:58:53.987 | INFO     | __main__:train_and_evaluate:106 - Epoch 40, Eval Metrics: macro_recall: 0.96, macro_precision: 0.97, macro_f1: 0.96, accuracy: 0.96, micro_recall: 0.96, micro_precision: 0.96, micro_f1: 0.96
2025-04-11 11:58:54.017 | INFO     | __main__:train_and_evaluate:96 - Epoch 41, Loss: 0.1023
2025-04-11 11:58:54.046 | INFO     | __main__:train_and_evaluate:96 - Epoch 42, Loss: 0.0965
2025-04-11 11:58:54.075 | INFO     | __main__:train_and_evaluate:96 - Epoch 43, Loss: 0.0898
2025-04-11 11:58:54.105 | INFO     | __main__:train_and_evaluate:96 - Epoch 44, Loss: 0.0952
2025-04-11 11:58:54.134 | INFO     | __main__:train_and_evaluate:96 - Epoch 45, Loss: 0.0948
2025-04-11 11:58:54.166 | INFO     | __main__:train_and_evaluate:96 - Epoch 46, Loss: 0.0902
2025-04-11 11:58:54.197 | INFO     | __main__:train_and_evaluate:96 - Epoch 47, Loss: 0.0862
2025-04-11 11:58:54.227 | INFO     | __main__:train_and_evaluate:96 - Epoch 48, Loss: 0.0899
2025-04-11 11:58:54.257 | INFO     | __main__:train_and_evaluate:96 - Epoch 49, Loss: 0.0972
2025-04-11 11:58:54.286 | INFO     | __main__:train_and_evaluate:96 - Epoch 50, Loss: 0.0921
2025-04-11 11:58:54.300 | INFO     | __main__:eval:56 - Eval Loss: 0.0909
2025-04-11 11:58:54.309 | INFO     | __main__:train_and_evaluate:106 - Epoch 50, Eval Metrics: macro_recall: 0.97, macro_precision: 0.97, macro_f1: 0.97, accuracy: 0.96, micro_recall: 0.96, micro_precision: 0.96, micro_f1: 0.96
2025-04-11 11:58:54.309 | INFO     | __main__:CV_run:391 - Fold 4, Final Eval Metrics: macro_recall: 0.97, macro_precision: 0.97, macro_f1: 0.97, accuracy: 0.96, micro_recall: 0.96, micro_precision: 0.96, micro_f1: 0.96
2025-04-11 11:58:54.310 | INFO     | __main__:CV_run:360 - Starting fold 5
2025-04-11 11:58:54.344 | INFO     | __main__:train_and_evaluate:96 - Epoch 1, Loss: 3.4310
2025-04-11 11:58:54.374 | INFO     | __main__:train_and_evaluate:96 - Epoch 2, Loss: 1.9552
2025-04-11 11:58:54.403 | INFO     | __main__:train_and_evaluate:96 - Epoch 3, Loss: 1.2135
2025-04-11 11:58:54.433 | INFO     | __main__:train_and_evaluate:96 - Epoch 4, Loss: 0.8372
2025-04-11 11:58:54.462 | INFO     | __main__:train_and_evaluate:96 - Epoch 5, Loss: 0.6418
2025-04-11 11:58:54.491 | INFO     | __main__:train_and_evaluate:96 - Epoch 6, Loss: 0.4871
2025-04-11 11:58:54.520 | INFO     | __main__:train_and_evaluate:96 - Epoch 7, Loss: 0.4059
2025-04-11 11:58:54.549 | INFO     | __main__:train_and_evaluate:96 - Epoch 8, Loss: 0.3446
2025-04-11 11:58:54.579 | INFO     | __main__:train_and_evaluate:96 - Epoch 9, Loss: 0.3040
2025-04-11 11:58:54.608 | INFO     | __main__:train_and_evaluate:96 - Epoch 10, Loss: 0.2993
2025-04-11 11:58:54.622 | INFO     | __main__:eval:56 - Eval Loss: 0.1960
2025-04-11 11:58:54.631 | INFO     | __main__:train_and_evaluate:106 - Epoch 10, Eval Metrics: macro_recall: 0.91, macro_precision: 0.90, macro_f1: 0.90, accuracy: 0.93, micro_recall: 0.93, micro_precision: 0.93, micro_f1: 0.93
2025-04-11 11:58:54.667 | INFO     | __main__:train_and_evaluate:96 - Epoch 11, Loss: 0.2586
2025-04-11 11:58:54.697 | INFO     | __main__:train_and_evaluate:96 - Epoch 12, Loss: 0.2481
2025-04-11 11:58:54.726 | INFO     | __main__:train_and_evaluate:96 - Epoch 13, Loss: 0.2248
2025-04-11 11:58:54.756 | INFO     | __main__:train_and_evaluate:96 - Epoch 14, Loss: 0.2402
2025-04-11 11:58:54.786 | INFO     | __main__:train_and_evaluate:96 - Epoch 15, Loss: 0.2183
2025-04-11 11:58:54.815 | INFO     | __main__:train_and_evaluate:96 - Epoch 16, Loss: 0.1998
2025-04-11 11:58:54.845 | INFO     | __main__:train_and_evaluate:96 - Epoch 17, Loss: 0.1959
2025-04-11 11:58:54.874 | INFO     | __main__:train_and_evaluate:96 - Epoch 18, Loss: 0.1902
2025-04-11 11:58:54.903 | INFO     | __main__:train_and_evaluate:96 - Epoch 19, Loss: 0.1836
2025-04-11 11:58:54.932 | INFO     | __main__:train_and_evaluate:96 - Epoch 20, Loss: 0.1721
2025-04-11 11:58:54.947 | INFO     | __main__:eval:56 - Eval Loss: 0.1145
2025-04-11 11:58:54.956 | INFO     | __main__:train_and_evaluate:106 - Epoch 20, Eval Metrics: macro_recall: 0.93, macro_precision: 0.92, macro_f1: 0.92, accuracy: 0.95, micro_recall: 0.95, micro_precision: 0.95, micro_f1: 0.95
2025-04-11 11:58:54.986 | INFO     | __main__:train_and_evaluate:96 - Epoch 21, Loss: 0.1624
2025-04-11 11:58:55.015 | INFO     | __main__:train_and_evaluate:96 - Epoch 22, Loss: 0.1705
2025-04-11 11:58:55.044 | INFO     | __main__:train_and_evaluate:96 - Epoch 23, Loss: 0.1582
2025-04-11 11:58:55.074 | INFO     | __main__:train_and_evaluate:96 - Epoch 24, Loss: 0.1605
2025-04-11 11:58:55.103 | INFO     | __main__:train_and_evaluate:96 - Epoch 25, Loss: 0.1527
2025-04-11 11:58:55.132 | INFO     | __main__:train_and_evaluate:96 - Epoch 26, Loss: 0.1397
2025-04-11 11:58:55.162 | INFO     | __main__:train_and_evaluate:96 - Epoch 27, Loss: 0.1230
2025-04-11 11:58:55.191 | INFO     | __main__:train_and_evaluate:96 - Epoch 28, Loss: 0.1227
2025-04-11 11:58:55.220 | INFO     | __main__:train_and_evaluate:96 - Epoch 29, Loss: 0.1261
2025-04-11 11:58:55.250 | INFO     | __main__:train_and_evaluate:96 - Epoch 30, Loss: 0.1361
2025-04-11 11:58:55.263 | INFO     | __main__:eval:56 - Eval Loss: 0.1044
2025-04-11 11:58:55.273 | INFO     | __main__:train_and_evaluate:106 - Epoch 30, Eval Metrics: macro_recall: 0.94, macro_precision: 0.94, macro_f1: 0.94, accuracy: 0.95, micro_recall: 0.95, micro_precision: 0.95, micro_f1: 0.95
2025-04-11 11:58:55.302 | INFO     | __main__:train_and_evaluate:96 - Epoch 31, Loss: 0.1387
2025-04-11 11:58:55.332 | INFO     | __main__:train_and_evaluate:96 - Epoch 32, Loss: 0.1143
2025-04-11 11:58:55.361 | INFO     | __main__:train_and_evaluate:96 - Epoch 33, Loss: 0.1095
2025-04-11 11:58:55.390 | INFO     | __main__:train_and_evaluate:96 - Epoch 34, Loss: 0.1013
2025-04-11 11:58:55.420 | INFO     | __main__:train_and_evaluate:96 - Epoch 35, Loss: 0.1053
2025-04-11 11:58:55.449 | INFO     | __main__:train_and_evaluate:96 - Epoch 36, Loss: 0.1029
2025-04-11 11:58:55.478 | INFO     | __main__:train_and_evaluate:96 - Epoch 37, Loss: 0.1008
2025-04-11 11:58:55.508 | INFO     | __main__:train_and_evaluate:96 - Epoch 38, Loss: 0.1019
2025-04-11 11:58:55.537 | INFO     | __main__:train_and_evaluate:96 - Epoch 39, Loss: 0.0964
2025-04-11 11:58:55.566 | INFO     | __main__:train_and_evaluate:96 - Epoch 40, Loss: 0.0981
2025-04-11 11:58:55.580 | INFO     | __main__:eval:56 - Eval Loss: 0.0741
2025-04-11 11:58:55.589 | INFO     | __main__:train_and_evaluate:106 - Epoch 40, Eval Metrics: macro_recall: 0.97, macro_precision: 0.97, macro_f1: 0.97, accuracy: 0.96, micro_recall: 0.96, micro_precision: 0.96, micro_f1: 0.96
2025-04-11 11:58:55.619 | INFO     | __main__:train_and_evaluate:96 - Epoch 41, Loss: 0.0951
2025-04-11 11:58:55.649 | INFO     | __main__:train_and_evaluate:96 - Epoch 42, Loss: 0.0920
2025-04-11 11:58:55.678 | INFO     | __main__:train_and_evaluate:96 - Epoch 43, Loss: 0.0949
2025-04-11 11:58:55.708 | INFO     | __main__:train_and_evaluate:96 - Epoch 44, Loss: 0.0964
2025-04-11 11:58:55.737 | INFO     | __main__:train_and_evaluate:96 - Epoch 45, Loss: 0.0925
2025-04-11 11:58:55.767 | INFO     | __main__:train_and_evaluate:96 - Epoch 46, Loss: 0.0926
2025-04-11 11:58:55.797 | INFO     | __main__:train_and_evaluate:96 - Epoch 47, Loss: 0.0934
2025-04-11 11:58:55.826 | INFO     | __main__:train_and_evaluate:96 - Epoch 48, Loss: 0.0914
2025-04-11 11:58:55.856 | INFO     | __main__:train_and_evaluate:96 - Epoch 49, Loss: 0.0941
2025-04-11 11:58:55.886 | INFO     | __main__:train_and_evaluate:96 - Epoch 50, Loss: 0.0886
2025-04-11 11:58:55.900 | INFO     | __main__:eval:56 - Eval Loss: 0.0714
2025-04-11 11:58:55.909 | INFO     | __main__:train_and_evaluate:106 - Epoch 50, Eval Metrics: macro_recall: 0.97, macro_precision: 0.97, macro_f1: 0.97, accuracy: 0.96, micro_recall: 0.96, micro_precision: 0.96, micro_f1: 0.96
2025-04-11 11:58:55.909 | INFO     | __main__:CV_run:391 - Fold 5, Final Eval Metrics: macro_recall: 0.97, macro_precision: 0.97, macro_f1: 0.97, accuracy: 0.96, micro_recall: 0.96, micro_precision: 0.96, micro_f1: 0.96
2025-04-11 11:58:55.909 | SUCCESS  | __main__:CV_run:413 - 5-Fold Cross Validation completed
top_k: None
macro_recall: 0.9615 (± 0.0105)
macro_precision: 0.9643 (± 0.0113)
macro_f1: 0.9606 (± 0.0103)
accuracy: 0.9574 (± 0.0040)
micro_recall: 0.9574 (± 0.0040)
micro_precision: 0.9574 (± 0.0040)
micro_f1: 0.9574 (± 0.0040)
