2025-04-11 12:44:24.556 | INFO     | __main__:<module>:26 - Using device: cuda
2025-04-11 12:44:29.884 | INFO     | __main__:CV_run:348 - Number of classes: 184
2025-04-11 12:44:29.884 | INFO     | __main__:CV_run:349 - Input shape: torch.Size([1, 4304])
2025-04-11 12:44:29.884 | INFO     | __main__:CV_run:350 - label type: arch
2025-04-11 12:44:29.898 | INFO     | __main__:CV_run:365 - Starting fold 1
2025-04-11 12:44:57.256 | INFO     | __main__:train_and_evaluate:101 - Epoch 1, Loss: 4.9490
2025-04-11 12:44:57.327 | INFO     | __main__:train_and_evaluate:101 - Epoch 2, Loss: 4.0832
2025-04-11 12:44:57.394 | INFO     | __main__:train_and_evaluate:101 - Epoch 3, Loss: 3.2195
2025-04-11 12:44:57.476 | INFO     | __main__:train_and_evaluate:101 - Epoch 4, Loss: 2.6358
2025-04-11 12:44:57.544 | INFO     | __main__:train_and_evaluate:101 - Epoch 5, Loss: 2.2609
2025-04-11 12:44:57.617 | INFO     | __main__:train_and_evaluate:101 - Epoch 6, Loss: 2.0421
2025-04-11 12:44:57.690 | INFO     | __main__:train_and_evaluate:101 - Epoch 7, Loss: 1.8739
2025-04-11 12:44:57.757 | INFO     | __main__:train_and_evaluate:101 - Epoch 8, Loss: 1.7502
2025-04-11 12:44:57.829 | INFO     | __main__:train_and_evaluate:101 - Epoch 9, Loss: 1.6603
2025-04-11 12:44:57.900 | INFO     | __main__:train_and_evaluate:101 - Epoch 10, Loss: 1.5957
2025-04-11 12:44:57.936 | INFO     | __main__:eval:61 - Eval Loss: 1.4211
2025-04-11 12:44:57.951 | INFO     | __main__:train_and_evaluate:111 - Epoch 10, Eval Metrics: macro_recall: 0.48, macro_precision: 0.42, macro_f1: 0.42, accuracy: 0.50, micro_recall: 0.50, micro_precision: 0.50, micro_f1: 0.50
2025-04-11 12:44:58.024 | INFO     | __main__:train_and_evaluate:101 - Epoch 11, Loss: 1.5374
2025-04-11 12:44:58.094 | INFO     | __main__:train_and_evaluate:101 - Epoch 12, Loss: 1.5092
2025-04-11 12:44:58.168 | INFO     | __main__:train_and_evaluate:101 - Epoch 13, Loss: 1.4636
2025-04-11 12:44:58.238 | INFO     | __main__:train_and_evaluate:101 - Epoch 14, Loss: 1.4253
2025-04-11 12:44:58.315 | INFO     | __main__:train_and_evaluate:101 - Epoch 15, Loss: 1.4164
2025-04-11 12:44:58.386 | INFO     | __main__:train_and_evaluate:101 - Epoch 16, Loss: 1.3576
2025-04-11 12:44:58.456 | INFO     | __main__:train_and_evaluate:101 - Epoch 17, Loss: 1.3090
2025-04-11 12:44:58.529 | INFO     | __main__:train_and_evaluate:101 - Epoch 18, Loss: 1.3211
2025-04-11 12:44:58.609 | INFO     | __main__:train_and_evaluate:101 - Epoch 19, Loss: 1.2914
2025-04-11 12:44:58.705 | INFO     | __main__:train_and_evaluate:101 - Epoch 20, Loss: 1.2680
2025-04-11 12:44:58.742 | INFO     | __main__:eval:61 - Eval Loss: 1.1883
2025-04-11 12:44:58.756 | INFO     | __main__:train_and_evaluate:111 - Epoch 20, Eval Metrics: macro_recall: 0.53, macro_precision: 0.48, macro_f1: 0.47, accuracy: 0.57, micro_recall: 0.57, micro_precision: 0.57, micro_f1: 0.57
2025-04-11 12:44:58.827 | INFO     | __main__:train_and_evaluate:101 - Epoch 21, Loss: 1.2263
2025-04-11 12:44:58.897 | INFO     | __main__:train_and_evaluate:101 - Epoch 22, Loss: 1.2433
2025-04-11 12:44:58.968 | INFO     | __main__:train_and_evaluate:101 - Epoch 23, Loss: 1.1963
2025-04-11 12:44:59.044 | INFO     | __main__:train_and_evaluate:101 - Epoch 24, Loss: 1.1625
2025-04-11 12:44:59.114 | INFO     | __main__:train_and_evaluate:101 - Epoch 25, Loss: 1.1495
2025-04-11 12:44:59.188 | INFO     | __main__:train_and_evaluate:101 - Epoch 26, Loss: 1.1147
2025-04-11 12:44:59.261 | INFO     | __main__:train_and_evaluate:101 - Epoch 27, Loss: 1.1216
2025-04-11 12:44:59.335 | INFO     | __main__:train_and_evaluate:101 - Epoch 28, Loss: 1.0903
2025-04-11 12:44:59.408 | INFO     | __main__:train_and_evaluate:101 - Epoch 29, Loss: 1.0646
2025-04-11 12:44:59.479 | INFO     | __main__:train_and_evaluate:101 - Epoch 30, Loss: 1.0731
2025-04-11 12:44:59.511 | INFO     | __main__:eval:61 - Eval Loss: 0.9925
2025-04-11 12:44:59.525 | INFO     | __main__:train_and_evaluate:111 - Epoch 30, Eval Metrics: macro_recall: 0.59, macro_precision: 0.54, macro_f1: 0.53, accuracy: 0.62, micro_recall: 0.62, micro_precision: 0.62, micro_f1: 0.62
2025-04-11 12:44:59.601 | INFO     | __main__:train_and_evaluate:101 - Epoch 31, Loss: 1.0170
2025-04-11 12:44:59.671 | INFO     | __main__:train_and_evaluate:101 - Epoch 32, Loss: 0.9740
2025-04-11 12:44:59.742 | INFO     | __main__:train_and_evaluate:101 - Epoch 33, Loss: 0.9732
2025-04-11 12:44:59.814 | INFO     | __main__:train_and_evaluate:101 - Epoch 34, Loss: 0.9529
2025-04-11 12:44:59.887 | INFO     | __main__:train_and_evaluate:101 - Epoch 35, Loss: 0.9619
2025-04-11 12:44:59.957 | INFO     | __main__:train_and_evaluate:101 - Epoch 36, Loss: 0.9492
2025-04-11 12:45:00.032 | INFO     | __main__:train_and_evaluate:101 - Epoch 37, Loss: 0.9516
2025-04-11 12:45:00.102 | INFO     | __main__:train_and_evaluate:101 - Epoch 38, Loss: 0.9524
2025-04-11 12:45:00.173 | INFO     | __main__:train_and_evaluate:101 - Epoch 39, Loss: 0.9436
2025-04-11 12:45:00.258 | INFO     | __main__:train_and_evaluate:101 - Epoch 40, Loss: 0.9336
2025-04-11 12:45:00.290 | INFO     | __main__:eval:61 - Eval Loss: 0.9710
2025-04-11 12:45:00.304 | INFO     | __main__:train_and_evaluate:111 - Epoch 40, Eval Metrics: macro_recall: 0.61, macro_precision: 0.57, macro_f1: 0.56, accuracy: 0.64, micro_recall: 0.64, micro_precision: 0.64, micro_f1: 0.64
2025-04-11 12:45:00.379 | INFO     | __main__:train_and_evaluate:101 - Epoch 41, Loss: 0.9332
2025-04-11 12:45:00.451 | INFO     | __main__:train_and_evaluate:101 - Epoch 42, Loss: 0.9382
2025-04-11 12:45:00.523 | INFO     | __main__:train_and_evaluate:101 - Epoch 43, Loss: 0.9308
2025-04-11 12:45:00.594 | INFO     | __main__:train_and_evaluate:101 - Epoch 44, Loss: 0.9313
2025-04-11 12:45:00.666 | INFO     | __main__:train_and_evaluate:101 - Epoch 45, Loss: 0.9259
2025-04-11 12:45:00.736 | INFO     | __main__:train_and_evaluate:101 - Epoch 46, Loss: 0.9109
2025-04-11 12:45:00.807 | INFO     | __main__:train_and_evaluate:101 - Epoch 47, Loss: 0.9250
2025-04-11 12:45:00.886 | INFO     | __main__:train_and_evaluate:101 - Epoch 48, Loss: 0.9176
2025-04-11 12:45:00.960 | INFO     | __main__:train_and_evaluate:101 - Epoch 49, Loss: 0.9002
2025-04-11 12:45:01.030 | INFO     | __main__:train_and_evaluate:101 - Epoch 50, Loss: 0.9275
2025-04-11 12:45:01.062 | INFO     | __main__:eval:61 - Eval Loss: 0.9643
2025-04-11 12:45:01.076 | INFO     | __main__:train_and_evaluate:111 - Epoch 50, Eval Metrics: macro_recall: 0.62, macro_precision: 0.58, macro_f1: 0.57, accuracy: 0.65, micro_recall: 0.65, micro_precision: 0.65, micro_f1: 0.65
2025-04-11 12:45:01.076 | INFO     | __main__:CV_run:399 - Fold 1, Final Eval Metrics: macro_recall: 0.62, macro_precision: 0.58, macro_f1: 0.57, accuracy: 0.65, micro_recall: 0.65, micro_precision: 0.65, micro_f1: 0.65
2025-04-11 12:45:01.076 | INFO     | __main__:CV_run:365 - Starting fold 2
2025-04-11 12:45:01.166 | INFO     | __main__:train_and_evaluate:101 - Epoch 1, Loss: 4.9867
2025-04-11 12:45:01.238 | INFO     | __main__:train_and_evaluate:101 - Epoch 2, Loss: 4.1428
2025-04-11 12:45:01.309 | INFO     | __main__:train_and_evaluate:101 - Epoch 3, Loss: 3.3456
2025-04-11 12:45:01.381 | INFO     | __main__:train_and_evaluate:101 - Epoch 4, Loss: 2.7644
2025-04-11 12:45:01.453 | INFO     | __main__:train_and_evaluate:101 - Epoch 5, Loss: 2.3505
2025-04-11 12:45:01.524 | INFO     | __main__:train_and_evaluate:101 - Epoch 6, Loss: 2.0792
2025-04-11 12:45:01.600 | INFO     | __main__:train_and_evaluate:101 - Epoch 7, Loss: 1.9213
2025-04-11 12:45:01.671 | INFO     | __main__:train_and_evaluate:101 - Epoch 8, Loss: 1.7871
2025-04-11 12:45:01.743 | INFO     | __main__:train_and_evaluate:101 - Epoch 9, Loss: 1.6818
2025-04-11 12:45:01.815 | INFO     | __main__:train_and_evaluate:101 - Epoch 10, Loss: 1.6190
2025-04-11 12:45:01.847 | INFO     | __main__:eval:61 - Eval Loss: 1.4227
2025-04-11 12:45:01.862 | INFO     | __main__:train_and_evaluate:111 - Epoch 10, Eval Metrics: macro_recall: 0.47, macro_precision: 0.41, macro_f1: 0.41, accuracy: 0.48, micro_recall: 0.48, micro_precision: 0.48, micro_f1: 0.48
2025-04-11 12:45:01.934 | INFO     | __main__:train_and_evaluate:101 - Epoch 11, Loss: 1.5766
2025-04-11 12:45:02.014 | INFO     | __main__:train_and_evaluate:101 - Epoch 12, Loss: 1.4997
2025-04-11 12:45:02.102 | INFO     | __main__:train_and_evaluate:101 - Epoch 13, Loss: 1.4625
2025-04-11 12:45:02.180 | INFO     | __main__:train_and_evaluate:101 - Epoch 14, Loss: 1.4282
2025-04-11 12:45:02.251 | INFO     | __main__:train_and_evaluate:101 - Epoch 15, Loss: 1.4004
2025-04-11 12:45:02.321 | INFO     | __main__:train_and_evaluate:101 - Epoch 16, Loss: 1.3560
2025-04-11 12:45:02.391 | INFO     | __main__:train_and_evaluate:101 - Epoch 17, Loss: 1.3331
2025-04-11 12:45:02.463 | INFO     | __main__:train_and_evaluate:101 - Epoch 18, Loss: 1.3199
2025-04-11 12:45:02.535 | INFO     | __main__:train_and_evaluate:101 - Epoch 19, Loss: 1.2936
2025-04-11 12:45:02.605 | INFO     | __main__:train_and_evaluate:101 - Epoch 20, Loss: 1.2680
2025-04-11 12:45:02.637 | INFO     | __main__:eval:61 - Eval Loss: 1.2168
2025-04-11 12:45:02.651 | INFO     | __main__:train_and_evaluate:111 - Epoch 20, Eval Metrics: macro_recall: 0.53, macro_precision: 0.47, macro_f1: 0.46, accuracy: 0.52, micro_recall: 0.52, micro_precision: 0.52, micro_f1: 0.52
2025-04-11 12:45:02.739 | INFO     | __main__:train_and_evaluate:101 - Epoch 21, Loss: 1.2453
2025-04-11 12:45:02.824 | INFO     | __main__:train_and_evaluate:101 - Epoch 22, Loss: 1.2272
2025-04-11 12:45:02.900 | INFO     | __main__:train_and_evaluate:101 - Epoch 23, Loss: 1.2089
2025-04-11 12:45:02.971 | INFO     | __main__:train_and_evaluate:101 - Epoch 24, Loss: 1.1863
2025-04-11 12:45:03.042 | INFO     | __main__:train_and_evaluate:101 - Epoch 25, Loss: 1.1683
2025-04-11 12:45:03.139 | INFO     | __main__:train_and_evaluate:101 - Epoch 26, Loss: 1.1428
2025-04-11 12:45:03.211 | INFO     | __main__:train_and_evaluate:101 - Epoch 27, Loss: 1.1120
2025-04-11 12:45:03.282 | INFO     | __main__:train_and_evaluate:101 - Epoch 28, Loss: 1.0973
2025-04-11 12:45:03.357 | INFO     | __main__:train_and_evaluate:101 - Epoch 29, Loss: 1.0975
2025-04-11 12:45:03.433 | INFO     | __main__:train_and_evaluate:101 - Epoch 30, Loss: 1.0848
2025-04-11 12:45:03.471 | INFO     | __main__:eval:61 - Eval Loss: 1.0561
2025-04-11 12:45:03.485 | INFO     | __main__:train_and_evaluate:111 - Epoch 30, Eval Metrics: macro_recall: 0.61, macro_precision: 0.55, macro_f1: 0.55, accuracy: 0.60, micro_recall: 0.60, micro_precision: 0.60, micro_f1: 0.60
2025-04-11 12:45:03.560 | INFO     | __main__:train_and_evaluate:101 - Epoch 31, Loss: 1.0125
2025-04-11 12:45:03.636 | INFO     | __main__:train_and_evaluate:101 - Epoch 32, Loss: 0.9935
2025-04-11 12:45:03.709 | INFO     | __main__:train_and_evaluate:101 - Epoch 33, Loss: 0.9726
2025-04-11 12:45:03.780 | INFO     | __main__:train_and_evaluate:101 - Epoch 34, Loss: 0.9728
2025-04-11 12:45:03.851 | INFO     | __main__:train_and_evaluate:101 - Epoch 35, Loss: 0.9649
2025-04-11 12:45:03.924 | INFO     | __main__:train_and_evaluate:101 - Epoch 36, Loss: 0.9478
2025-04-11 12:45:03.996 | INFO     | __main__:train_and_evaluate:101 - Epoch 37, Loss: 0.9485
2025-04-11 12:45:04.071 | INFO     | __main__:train_and_evaluate:101 - Epoch 38, Loss: 0.9409
2025-04-11 12:45:04.143 | INFO     | __main__:train_and_evaluate:101 - Epoch 39, Loss: 0.9503
2025-04-11 12:45:04.213 | INFO     | __main__:train_and_evaluate:101 - Epoch 40, Loss: 0.9539
2025-04-11 12:45:04.246 | INFO     | __main__:eval:61 - Eval Loss: 1.0096
2025-04-11 12:45:04.261 | INFO     | __main__:train_and_evaluate:111 - Epoch 40, Eval Metrics: macro_recall: 0.61, macro_precision: 0.57, macro_f1: 0.56, accuracy: 0.61, micro_recall: 0.61, micro_precision: 0.61, micro_f1: 0.61
2025-04-11 12:45:04.333 | INFO     | __main__:train_and_evaluate:101 - Epoch 41, Loss: 0.9326
2025-04-11 12:45:04.426 | INFO     | __main__:train_and_evaluate:101 - Epoch 42, Loss: 0.9201
2025-04-11 12:45:04.500 | INFO     | __main__:train_and_evaluate:101 - Epoch 43, Loss: 0.9198
2025-04-11 12:45:04.570 | INFO     | __main__:train_and_evaluate:101 - Epoch 44, Loss: 0.9267
2025-04-11 12:45:04.641 | INFO     | __main__:train_and_evaluate:101 - Epoch 45, Loss: 0.9090
2025-04-11 12:45:04.713 | INFO     | __main__:train_and_evaluate:101 - Epoch 46, Loss: 0.9137
2025-04-11 12:45:04.797 | INFO     | __main__:train_and_evaluate:101 - Epoch 47, Loss: 0.9135
2025-04-11 12:45:04.871 | INFO     | __main__:train_and_evaluate:101 - Epoch 48, Loss: 0.9115
2025-04-11 12:45:04.944 | INFO     | __main__:train_and_evaluate:101 - Epoch 49, Loss: 0.9081
2025-04-11 12:45:05.015 | INFO     | __main__:train_and_evaluate:101 - Epoch 50, Loss: 0.9057
2025-04-11 12:45:05.054 | INFO     | __main__:eval:61 - Eval Loss: 0.9957
2025-04-11 12:45:05.069 | INFO     | __main__:train_and_evaluate:111 - Epoch 50, Eval Metrics: macro_recall: 0.65, macro_precision: 0.62, macro_f1: 0.61, accuracy: 0.65, micro_recall: 0.65, micro_precision: 0.65, micro_f1: 0.65
2025-04-11 12:45:05.070 | INFO     | __main__:CV_run:399 - Fold 2, Final Eval Metrics: macro_recall: 0.65, macro_precision: 0.62, macro_f1: 0.61, accuracy: 0.65, micro_recall: 0.65, micro_precision: 0.65, micro_f1: 0.65
2025-04-11 12:45:05.070 | INFO     | __main__:CV_run:365 - Starting fold 3
2025-04-11 12:45:05.163 | INFO     | __main__:train_and_evaluate:101 - Epoch 1, Loss: 4.9848
2025-04-11 12:45:05.235 | INFO     | __main__:train_and_evaluate:101 - Epoch 2, Loss: 4.1357
2025-04-11 12:45:05.306 | INFO     | __main__:train_and_evaluate:101 - Epoch 3, Loss: 3.2714
2025-04-11 12:45:05.377 | INFO     | __main__:train_and_evaluate:101 - Epoch 4, Loss: 2.7076
2025-04-11 12:45:05.450 | INFO     | __main__:train_and_evaluate:101 - Epoch 5, Loss: 2.2901
2025-04-11 12:45:05.523 | INFO     | __main__:train_and_evaluate:101 - Epoch 6, Loss: 2.0197
2025-04-11 12:45:05.596 | INFO     | __main__:train_and_evaluate:101 - Epoch 7, Loss: 1.8448
2025-04-11 12:45:05.668 | INFO     | __main__:train_and_evaluate:101 - Epoch 8, Loss: 1.7633
2025-04-11 12:45:05.739 | INFO     | __main__:train_and_evaluate:101 - Epoch 9, Loss: 1.6600
2025-04-11 12:45:05.810 | INFO     | __main__:train_and_evaluate:101 - Epoch 10, Loss: 1.6003
2025-04-11 12:45:05.843 | INFO     | __main__:eval:61 - Eval Loss: 1.4733
2025-04-11 12:45:05.859 | INFO     | __main__:train_and_evaluate:111 - Epoch 10, Eval Metrics: macro_recall: 0.49, macro_precision: 0.43, macro_f1: 0.43, accuracy: 0.51, micro_recall: 0.51, micro_precision: 0.51, micro_f1: 0.51
2025-04-11 12:45:05.955 | INFO     | __main__:train_and_evaluate:101 - Epoch 11, Loss: 1.5488
2025-04-11 12:45:06.030 | INFO     | __main__:train_and_evaluate:101 - Epoch 12, Loss: 1.4838
2025-04-11 12:45:06.102 | INFO     | __main__:train_and_evaluate:101 - Epoch 13, Loss: 1.4503
2025-04-11 12:45:06.173 | INFO     | __main__:train_and_evaluate:101 - Epoch 14, Loss: 1.4138
2025-04-11 12:45:06.244 | INFO     | __main__:train_and_evaluate:101 - Epoch 15, Loss: 1.3652
2025-04-11 12:45:06.322 | INFO     | __main__:train_and_evaluate:101 - Epoch 16, Loss: 1.3479
2025-04-11 12:45:06.393 | INFO     | __main__:train_and_evaluate:101 - Epoch 17, Loss: 1.3267
2025-04-11 12:45:06.467 | INFO     | __main__:train_and_evaluate:101 - Epoch 18, Loss: 1.3009
2025-04-11 12:45:06.542 | INFO     | __main__:train_and_evaluate:101 - Epoch 19, Loss: 1.2755
2025-04-11 12:45:06.613 | INFO     | __main__:train_and_evaluate:101 - Epoch 20, Loss: 1.2547
2025-04-11 12:45:06.651 | INFO     | __main__:eval:61 - Eval Loss: 1.3095
2025-04-11 12:45:06.664 | INFO     | __main__:train_and_evaluate:111 - Epoch 20, Eval Metrics: macro_recall: 0.54, macro_precision: 0.48, macro_f1: 0.48, accuracy: 0.54, micro_recall: 0.54, micro_precision: 0.54, micro_f1: 0.54
2025-04-11 12:45:06.739 | INFO     | __main__:train_and_evaluate:101 - Epoch 21, Loss: 1.2189
2025-04-11 12:45:06.809 | INFO     | __main__:train_and_evaluate:101 - Epoch 22, Loss: 1.2055
2025-04-11 12:45:06.879 | INFO     | __main__:train_and_evaluate:101 - Epoch 23, Loss: 1.1894
2025-04-11 12:45:06.949 | INFO     | __main__:train_and_evaluate:101 - Epoch 24, Loss: 1.1766
2025-04-11 12:45:07.021 | INFO     | __main__:train_and_evaluate:101 - Epoch 25, Loss: 1.1269
2025-04-11 12:45:07.093 | INFO     | __main__:train_and_evaluate:101 - Epoch 26, Loss: 1.1229
2025-04-11 12:45:07.163 | INFO     | __main__:train_and_evaluate:101 - Epoch 27, Loss: 1.0993
2025-04-11 12:45:07.238 | INFO     | __main__:train_and_evaluate:101 - Epoch 28, Loss: 1.0967
2025-04-11 12:45:07.308 | INFO     | __main__:train_and_evaluate:101 - Epoch 29, Loss: 1.0708
2025-04-11 12:45:07.379 | INFO     | __main__:train_and_evaluate:101 - Epoch 30, Loss: 1.0661
2025-04-11 12:45:07.412 | INFO     | __main__:eval:61 - Eval Loss: 1.2046
2025-04-11 12:45:07.427 | INFO     | __main__:train_and_evaluate:111 - Epoch 30, Eval Metrics: macro_recall: 0.60, macro_precision: 0.56, macro_f1: 0.55, accuracy: 0.60, micro_recall: 0.60, micro_precision: 0.60, micro_f1: 0.60
2025-04-11 12:45:07.498 | INFO     | __main__:train_and_evaluate:101 - Epoch 31, Loss: 0.9959
2025-04-11 12:45:07.569 | INFO     | __main__:train_and_evaluate:101 - Epoch 32, Loss: 0.9782
2025-04-11 12:45:07.638 | INFO     | __main__:train_and_evaluate:101 - Epoch 33, Loss: 0.9617
2025-04-11 12:45:07.731 | INFO     | __main__:train_and_evaluate:101 - Epoch 34, Loss: 0.9514
2025-04-11 12:45:07.808 | INFO     | __main__:train_and_evaluate:101 - Epoch 35, Loss: 0.9361
2025-04-11 12:45:07.881 | INFO     | __main__:train_and_evaluate:101 - Epoch 36, Loss: 0.9373
2025-04-11 12:45:07.952 | INFO     | __main__:train_and_evaluate:101 - Epoch 37, Loss: 0.9360
2025-04-11 12:45:08.022 | INFO     | __main__:train_and_evaluate:101 - Epoch 38, Loss: 0.9216
2025-04-11 12:45:08.093 | INFO     | __main__:train_and_evaluate:101 - Epoch 39, Loss: 0.9248
2025-04-11 12:45:08.164 | INFO     | __main__:train_and_evaluate:101 - Epoch 40, Loss: 0.9229
2025-04-11 12:45:08.204 | INFO     | __main__:eval:61 - Eval Loss: 1.1987
2025-04-11 12:45:08.218 | INFO     | __main__:train_and_evaluate:111 - Epoch 40, Eval Metrics: macro_recall: 0.61, macro_precision: 0.56, macro_f1: 0.56, accuracy: 0.60, micro_recall: 0.60, micro_precision: 0.60, micro_f1: 0.60
2025-04-11 12:45:08.288 | INFO     | __main__:train_and_evaluate:101 - Epoch 41, Loss: 0.9153
2025-04-11 12:45:08.357 | INFO     | __main__:train_and_evaluate:101 - Epoch 42, Loss: 0.9161
2025-04-11 12:45:08.424 | INFO     | __main__:train_and_evaluate:101 - Epoch 43, Loss: 0.9077
2025-04-11 12:45:08.490 | INFO     | __main__:train_and_evaluate:101 - Epoch 44, Loss: 0.9088
2025-04-11 12:45:08.559 | INFO     | __main__:train_and_evaluate:101 - Epoch 45, Loss: 0.8998
2025-04-11 12:45:08.627 | INFO     | __main__:train_and_evaluate:101 - Epoch 46, Loss: 0.8981
2025-04-11 12:45:08.698 | INFO     | __main__:train_and_evaluate:101 - Epoch 47, Loss: 0.8918
2025-04-11 12:45:08.766 | INFO     | __main__:train_and_evaluate:101 - Epoch 48, Loss: 0.8912
2025-04-11 12:45:08.835 | INFO     | __main__:train_and_evaluate:101 - Epoch 49, Loss: 0.9044
2025-04-11 12:45:08.905 | INFO     | __main__:train_and_evaluate:101 - Epoch 50, Loss: 0.8891
2025-04-11 12:45:08.937 | INFO     | __main__:eval:61 - Eval Loss: 1.1919
2025-04-11 12:45:08.952 | INFO     | __main__:train_and_evaluate:111 - Epoch 50, Eval Metrics: macro_recall: 0.62, macro_precision: 0.59, macro_f1: 0.57, accuracy: 0.61, micro_recall: 0.61, micro_precision: 0.61, micro_f1: 0.61
2025-04-11 12:45:08.953 | INFO     | __main__:CV_run:399 - Fold 3, Final Eval Metrics: macro_recall: 0.62, macro_precision: 0.59, macro_f1: 0.57, accuracy: 0.61, micro_recall: 0.61, micro_precision: 0.61, micro_f1: 0.61
2025-04-11 12:45:08.953 | INFO     | __main__:CV_run:365 - Starting fold 4
2025-04-11 12:45:09.042 | INFO     | __main__:train_and_evaluate:101 - Epoch 1, Loss: 4.9580
2025-04-11 12:45:09.109 | INFO     | __main__:train_and_evaluate:101 - Epoch 2, Loss: 4.1173
2025-04-11 12:45:09.176 | INFO     | __main__:train_and_evaluate:101 - Epoch 3, Loss: 3.3626
2025-04-11 12:45:09.244 | INFO     | __main__:train_and_evaluate:101 - Epoch 4, Loss: 2.7787
2025-04-11 12:45:09.313 | INFO     | __main__:train_and_evaluate:101 - Epoch 5, Loss: 2.3297
2025-04-11 12:45:09.381 | INFO     | __main__:train_and_evaluate:101 - Epoch 6, Loss: 2.0355
2025-04-11 12:45:09.448 | INFO     | __main__:train_and_evaluate:101 - Epoch 7, Loss: 1.8908
2025-04-11 12:45:09.514 | INFO     | __main__:train_and_evaluate:101 - Epoch 8, Loss: 1.7363
2025-04-11 12:45:09.582 | INFO     | __main__:train_and_evaluate:101 - Epoch 9, Loss: 1.6837
2025-04-11 12:45:09.649 | INFO     | __main__:train_and_evaluate:101 - Epoch 10, Loss: 1.5797
2025-04-11 12:45:09.682 | INFO     | __main__:eval:61 - Eval Loss: 1.4601
2025-04-11 12:45:09.696 | INFO     | __main__:train_and_evaluate:111 - Epoch 10, Eval Metrics: macro_recall: 0.48, macro_precision: 0.42, macro_f1: 0.42, accuracy: 0.49, micro_recall: 0.49, micro_precision: 0.49, micro_f1: 0.49
2025-04-11 12:45:09.764 | INFO     | __main__:train_and_evaluate:101 - Epoch 11, Loss: 1.5534
2025-04-11 12:45:09.831 | INFO     | __main__:train_and_evaluate:101 - Epoch 12, Loss: 1.5083
2025-04-11 12:45:09.919 | INFO     | __main__:train_and_evaluate:101 - Epoch 13, Loss: 1.4619
2025-04-11 12:45:09.988 | INFO     | __main__:train_and_evaluate:101 - Epoch 14, Loss: 1.4143
2025-04-11 12:45:10.055 | INFO     | __main__:train_and_evaluate:101 - Epoch 15, Loss: 1.3844
2025-04-11 12:45:10.121 | INFO     | __main__:train_and_evaluate:101 - Epoch 16, Loss: 1.3545
2025-04-11 12:45:10.187 | INFO     | __main__:train_and_evaluate:101 - Epoch 17, Loss: 1.3129
2025-04-11 12:45:10.253 | INFO     | __main__:train_and_evaluate:101 - Epoch 18, Loss: 1.2930
2025-04-11 12:45:10.319 | INFO     | __main__:train_and_evaluate:101 - Epoch 19, Loss: 1.2716
2025-04-11 12:45:10.386 | INFO     | __main__:train_and_evaluate:101 - Epoch 20, Loss: 1.2492
2025-04-11 12:45:10.422 | INFO     | __main__:eval:61 - Eval Loss: 1.2535
2025-04-11 12:45:10.436 | INFO     | __main__:train_and_evaluate:111 - Epoch 20, Eval Metrics: macro_recall: 0.54, macro_precision: 0.47, macro_f1: 0.47, accuracy: 0.54, micro_recall: 0.54, micro_precision: 0.54, micro_f1: 0.54
2025-04-11 12:45:10.506 | INFO     | __main__:train_and_evaluate:101 - Epoch 21, Loss: 1.2358
2025-04-11 12:45:10.576 | INFO     | __main__:train_and_evaluate:101 - Epoch 22, Loss: 1.2094
2025-04-11 12:45:10.642 | INFO     | __main__:train_and_evaluate:101 - Epoch 23, Loss: 1.1951
2025-04-11 12:45:10.710 | INFO     | __main__:train_and_evaluate:101 - Epoch 24, Loss: 1.1474
2025-04-11 12:45:10.777 | INFO     | __main__:train_and_evaluate:101 - Epoch 25, Loss: 1.1386
2025-04-11 12:45:10.846 | INFO     | __main__:train_and_evaluate:101 - Epoch 26, Loss: 1.1421
2025-04-11 12:45:10.913 | INFO     | __main__:train_and_evaluate:101 - Epoch 27, Loss: 1.1144
2025-04-11 12:45:10.983 | INFO     | __main__:train_and_evaluate:101 - Epoch 28, Loss: 1.0982
2025-04-11 12:45:11.053 | INFO     | __main__:train_and_evaluate:101 - Epoch 29, Loss: 1.0633
2025-04-11 12:45:11.127 | INFO     | __main__:train_and_evaluate:101 - Epoch 30, Loss: 1.0486
2025-04-11 12:45:11.161 | INFO     | __main__:eval:61 - Eval Loss: 1.0877
2025-04-11 12:45:11.176 | INFO     | __main__:train_and_evaluate:111 - Epoch 30, Eval Metrics: macro_recall: 0.59, macro_precision: 0.55, macro_f1: 0.54, accuracy: 0.59, micro_recall: 0.59, micro_precision: 0.59, micro_f1: 0.59
2025-04-11 12:45:11.247 | INFO     | __main__:train_and_evaluate:101 - Epoch 31, Loss: 0.9997
2025-04-11 12:45:11.315 | INFO     | __main__:train_and_evaluate:101 - Epoch 32, Loss: 0.9754
2025-04-11 12:45:11.383 | INFO     | __main__:train_and_evaluate:101 - Epoch 33, Loss: 0.9529
2025-04-11 12:45:11.451 | INFO     | __main__:train_and_evaluate:101 - Epoch 34, Loss: 0.9518
2025-04-11 12:45:11.519 | INFO     | __main__:train_and_evaluate:101 - Epoch 35, Loss: 0.9447
2025-04-11 12:45:11.587 | INFO     | __main__:train_and_evaluate:101 - Epoch 36, Loss: 0.9454
2025-04-11 12:45:11.654 | INFO     | __main__:train_and_evaluate:101 - Epoch 37, Loss: 0.9459
2025-04-11 12:45:11.724 | INFO     | __main__:train_and_evaluate:101 - Epoch 38, Loss: 0.9312
2025-04-11 12:45:11.795 | INFO     | __main__:train_and_evaluate:101 - Epoch 39, Loss: 0.9261
2025-04-11 12:45:11.865 | INFO     | __main__:train_and_evaluate:101 - Epoch 40, Loss: 0.9273
2025-04-11 12:45:11.897 | INFO     | __main__:eval:61 - Eval Loss: 1.0414
2025-04-11 12:45:11.911 | INFO     | __main__:train_and_evaluate:111 - Epoch 40, Eval Metrics: macro_recall: 0.60, macro_precision: 0.55, macro_f1: 0.55, accuracy: 0.62, micro_recall: 0.62, micro_precision: 0.62, micro_f1: 0.62
2025-04-11 12:45:11.980 | INFO     | __main__:train_and_evaluate:101 - Epoch 41, Loss: 0.9318
2025-04-11 12:45:12.049 | INFO     | __main__:train_and_evaluate:101 - Epoch 42, Loss: 0.9294
2025-04-11 12:45:12.118 | INFO     | __main__:train_and_evaluate:101 - Epoch 43, Loss: 0.9200
2025-04-11 12:45:12.185 | INFO     | __main__:train_and_evaluate:101 - Epoch 44, Loss: 0.9045
2025-04-11 12:45:12.253 | INFO     | __main__:train_and_evaluate:101 - Epoch 45, Loss: 0.9139
2025-04-11 12:45:12.320 | INFO     | __main__:train_and_evaluate:101 - Epoch 46, Loss: 0.9095
2025-04-11 12:45:12.388 | INFO     | __main__:train_and_evaluate:101 - Epoch 47, Loss: 0.9190
2025-04-11 12:45:12.456 | INFO     | __main__:train_and_evaluate:101 - Epoch 48, Loss: 0.9061
2025-04-11 12:45:12.536 | INFO     | __main__:train_and_evaluate:101 - Epoch 49, Loss: 0.8955
2025-04-11 12:45:12.616 | INFO     | __main__:train_and_evaluate:101 - Epoch 50, Loss: 0.9001
2025-04-11 12:45:12.653 | INFO     | __main__:eval:61 - Eval Loss: 1.0229
2025-04-11 12:45:12.667 | INFO     | __main__:train_and_evaluate:111 - Epoch 50, Eval Metrics: macro_recall: 0.62, macro_precision: 0.59, macro_f1: 0.58, accuracy: 0.64, micro_recall: 0.64, micro_precision: 0.64, micro_f1: 0.64
2025-04-11 12:45:12.667 | INFO     | __main__:CV_run:399 - Fold 4, Final Eval Metrics: macro_recall: 0.62, macro_precision: 0.59, macro_f1: 0.58, accuracy: 0.64, micro_recall: 0.64, micro_precision: 0.64, micro_f1: 0.64
2025-04-11 12:45:12.668 | INFO     | __main__:CV_run:365 - Starting fold 5
2025-04-11 12:45:12.761 | INFO     | __main__:train_and_evaluate:101 - Epoch 1, Loss: 4.9543
2025-04-11 12:45:12.830 | INFO     | __main__:train_and_evaluate:101 - Epoch 2, Loss: 4.1489
2025-04-11 12:45:12.900 | INFO     | __main__:train_and_evaluate:101 - Epoch 3, Loss: 3.3785
2025-04-11 12:45:12.972 | INFO     | __main__:train_and_evaluate:101 - Epoch 4, Loss: 2.7682
2025-04-11 12:45:13.043 | INFO     | __main__:train_and_evaluate:101 - Epoch 5, Loss: 2.3235
2025-04-11 12:45:13.112 | INFO     | __main__:train_and_evaluate:101 - Epoch 6, Loss: 2.0590
2025-04-11 12:45:13.182 | INFO     | __main__:train_and_evaluate:101 - Epoch 7, Loss: 1.8977
2025-04-11 12:45:13.257 | INFO     | __main__:train_and_evaluate:101 - Epoch 8, Loss: 1.7568
2025-04-11 12:45:13.327 | INFO     | __main__:train_and_evaluate:101 - Epoch 9, Loss: 1.6877
2025-04-11 12:45:13.399 | INFO     | __main__:train_and_evaluate:101 - Epoch 10, Loss: 1.6157
2025-04-11 12:45:13.432 | INFO     | __main__:eval:61 - Eval Loss: 1.4066
2025-04-11 12:45:13.446 | INFO     | __main__:train_and_evaluate:111 - Epoch 10, Eval Metrics: macro_recall: 0.48, macro_precision: 0.41, macro_f1: 0.41, accuracy: 0.48, micro_recall: 0.48, micro_precision: 0.48, micro_f1: 0.48
2025-04-11 12:45:13.517 | INFO     | __main__:train_and_evaluate:101 - Epoch 11, Loss: 1.5512
2025-04-11 12:45:13.589 | INFO     | __main__:train_and_evaluate:101 - Epoch 12, Loss: 1.5032
2025-04-11 12:45:13.659 | INFO     | __main__:train_and_evaluate:101 - Epoch 13, Loss: 1.4627
2025-04-11 12:45:13.729 | INFO     | __main__:train_and_evaluate:101 - Epoch 14, Loss: 1.4166
2025-04-11 12:45:13.798 | INFO     | __main__:train_and_evaluate:101 - Epoch 15, Loss: 1.3839
2025-04-11 12:45:13.867 | INFO     | __main__:train_and_evaluate:101 - Epoch 16, Loss: 1.3502
2025-04-11 12:45:13.938 | INFO     | __main__:train_and_evaluate:101 - Epoch 17, Loss: 1.3285
2025-04-11 12:45:14.009 | INFO     | __main__:train_and_evaluate:101 - Epoch 18, Loss: 1.3376
2025-04-11 12:45:14.079 | INFO     | __main__:train_and_evaluate:101 - Epoch 19, Loss: 1.2905
2025-04-11 12:45:14.149 | INFO     | __main__:train_and_evaluate:101 - Epoch 20, Loss: 1.2837
2025-04-11 12:45:14.181 | INFO     | __main__:eval:61 - Eval Loss: 1.1946
2025-04-11 12:45:14.196 | INFO     | __main__:train_and_evaluate:111 - Epoch 20, Eval Metrics: macro_recall: 0.53, macro_precision: 0.47, macro_f1: 0.47, accuracy: 0.54, micro_recall: 0.54, micro_precision: 0.54, micro_f1: 0.54
2025-04-11 12:45:14.267 | INFO     | __main__:train_and_evaluate:101 - Epoch 21, Loss: 1.2497
2025-04-11 12:45:14.337 | INFO     | __main__:train_and_evaluate:101 - Epoch 22, Loss: 1.2229
2025-04-11 12:45:14.407 | INFO     | __main__:train_and_evaluate:101 - Epoch 23, Loss: 1.1881
2025-04-11 12:45:14.477 | INFO     | __main__:train_and_evaluate:101 - Epoch 24, Loss: 1.1913
2025-04-11 12:45:14.545 | INFO     | __main__:train_and_evaluate:101 - Epoch 25, Loss: 1.1719
2025-04-11 12:45:14.615 | INFO     | __main__:train_and_evaluate:101 - Epoch 26, Loss: 1.1650
2025-04-11 12:45:14.685 | INFO     | __main__:train_and_evaluate:101 - Epoch 27, Loss: 1.1367
2025-04-11 12:45:14.757 | INFO     | __main__:train_and_evaluate:101 - Epoch 28, Loss: 1.1114
2025-04-11 12:45:14.829 | INFO     | __main__:train_and_evaluate:101 - Epoch 29, Loss: 1.0922
2025-04-11 12:45:14.901 | INFO     | __main__:train_and_evaluate:101 - Epoch 30, Loss: 1.0659
2025-04-11 12:45:14.934 | INFO     | __main__:eval:61 - Eval Loss: 1.0299
2025-04-11 12:45:14.947 | INFO     | __main__:train_and_evaluate:111 - Epoch 30, Eval Metrics: macro_recall: 0.61, macro_precision: 0.59, macro_f1: 0.57, accuracy: 0.62, micro_recall: 0.62, micro_precision: 0.62, micro_f1: 0.62
2025-04-11 12:45:15.019 | INFO     | __main__:train_and_evaluate:101 - Epoch 31, Loss: 1.0215
2025-04-11 12:45:15.090 | INFO     | __main__:train_and_evaluate:101 - Epoch 32, Loss: 0.9946
2025-04-11 12:45:15.161 | INFO     | __main__:train_and_evaluate:101 - Epoch 33, Loss: 0.9823
2025-04-11 12:45:15.232 | INFO     | __main__:train_and_evaluate:101 - Epoch 34, Loss: 0.9775
2025-04-11 12:45:15.302 | INFO     | __main__:train_and_evaluate:101 - Epoch 35, Loss: 0.9642
2025-04-11 12:45:15.374 | INFO     | __main__:train_and_evaluate:101 - Epoch 36, Loss: 0.9523
2025-04-11 12:45:15.445 | INFO     | __main__:train_and_evaluate:101 - Epoch 37, Loss: 0.9606
2025-04-11 12:45:15.516 | INFO     | __main__:train_and_evaluate:101 - Epoch 38, Loss: 0.9507
2025-04-11 12:45:15.588 | INFO     | __main__:train_and_evaluate:101 - Epoch 39, Loss: 0.9469
2025-04-11 12:45:15.673 | INFO     | __main__:train_and_evaluate:101 - Epoch 40, Loss: 0.9295
2025-04-11 12:45:15.711 | INFO     | __main__:eval:61 - Eval Loss: 0.9636
2025-04-11 12:45:15.725 | INFO     | __main__:train_and_evaluate:111 - Epoch 40, Eval Metrics: macro_recall: 0.62, macro_precision: 0.59, macro_f1: 0.57, accuracy: 0.63, micro_recall: 0.63, micro_precision: 0.63, micro_f1: 0.63
2025-04-11 12:45:15.806 | INFO     | __main__:train_and_evaluate:101 - Epoch 41, Loss: 0.9333
2025-04-11 12:45:15.874 | INFO     | __main__:train_and_evaluate:101 - Epoch 42, Loss: 0.9223
2025-04-11 12:45:15.944 | INFO     | __main__:train_and_evaluate:101 - Epoch 43, Loss: 0.9245
2025-04-11 12:45:16.014 | INFO     | __main__:train_and_evaluate:101 - Epoch 44, Loss: 0.9211
2025-04-11 12:45:16.083 | INFO     | __main__:train_and_evaluate:101 - Epoch 45, Loss: 0.9396
2025-04-11 12:45:16.153 | INFO     | __main__:train_and_evaluate:101 - Epoch 46, Loss: 0.9207
2025-04-11 12:45:16.222 | INFO     | __main__:train_and_evaluate:101 - Epoch 47, Loss: 0.9308
2025-04-11 12:45:16.289 | INFO     | __main__:train_and_evaluate:101 - Epoch 48, Loss: 0.9143
2025-04-11 12:45:16.358 | INFO     | __main__:train_and_evaluate:101 - Epoch 49, Loss: 0.9172
2025-04-11 12:45:16.429 | INFO     | __main__:train_and_evaluate:101 - Epoch 50, Loss: 0.9064
2025-04-11 12:45:16.461 | INFO     | __main__:eval:61 - Eval Loss: 0.9477
2025-04-11 12:45:16.474 | INFO     | __main__:train_and_evaluate:111 - Epoch 50, Eval Metrics: macro_recall: 0.63, macro_precision: 0.61, macro_f1: 0.59, accuracy: 0.64, micro_recall: 0.64, micro_precision: 0.64, micro_f1: 0.64
2025-04-11 12:45:16.475 | INFO     | __main__:CV_run:399 - Fold 5, Final Eval Metrics: macro_recall: 0.63, macro_precision: 0.61, macro_f1: 0.59, accuracy: 0.64, micro_recall: 0.64, micro_precision: 0.64, micro_f1: 0.64
2025-04-11 12:45:16.475 | SUCCESS  | __main__:CV_run:421 - 5-Fold Cross Validation completed
top_k: None
macro_recall: 0.6281 (± 0.0121)
macro_precision: 0.5978 (± 0.0158)
macro_f1: 0.5823 (± 0.0131)
accuracy: 0.6373 (± 0.0129)
micro_recall: 0.6373 (± 0.0129)
micro_precision: 0.6373 (± 0.0129)
micro_f1: 0.6373 (± 0.0129)
