2025-04-11 13:37:34.130 | INFO     | __main__:<module>:27 - Using device: cuda
2025-04-11 13:37:36.968 | INFO     | __main__:CV_run:268 - Number of classes: 22
2025-04-11 13:37:36.968 | INFO     | __main__:CV_run:269 - Input shape: torch.Size([1, 4296])
2025-04-11 13:37:36.969 | INFO     | __main__:CV_run:270 - label type: task
2025-04-11 13:37:36.989 | INFO     | __main__:CV_run:285 - Starting fold 1
2025-04-11 13:38:20.224 | INFO     | __main__:train_and_evaluate:107 - Epoch 1, Loss: 1.2182
2025-04-11 13:38:20.991 | INFO     | __main__:train_and_evaluate:107 - Epoch 2, Loss: 0.2501
2025-04-11 13:38:21.755 | INFO     | __main__:train_and_evaluate:107 - Epoch 3, Loss: 0.1935
2025-04-11 13:38:22.517 | INFO     | __main__:train_and_evaluate:107 - Epoch 4, Loss: 0.1791
2025-04-11 13:38:23.279 | INFO     | __main__:train_and_evaluate:107 - Epoch 5, Loss: 0.1738
2025-04-11 13:38:24.063 | INFO     | __main__:train_and_evaluate:107 - Epoch 6, Loss: 0.1568
2025-04-11 13:38:24.827 | INFO     | __main__:train_and_evaluate:107 - Epoch 7, Loss: 0.1380
2025-04-11 13:38:25.589 | INFO     | __main__:train_and_evaluate:107 - Epoch 8, Loss: 0.1227
2025-04-11 13:38:26.353 | INFO     | __main__:train_and_evaluate:107 - Epoch 9, Loss: 0.1069
2025-04-11 13:38:27.115 | INFO     | __main__:train_and_evaluate:107 - Epoch 10, Loss: 0.0981
2025-04-11 13:38:27.934 | INFO     | __main__:eval:67 - Eval Loss: 0.0933
2025-04-11 13:38:28.072 | INFO     | __main__:train_and_evaluate:117 - Epoch 10, Eval Metrics: top_1_macro_recall: 0.42, top_1_macro_precision: 0.53, top_1_macro_f1: 0.44, top_1_accuracy: 0.66, top_1_micro_recall: 0.58, top_1_micro_precision: 0.66, top_1_micro_f1: 0.62, top_2_macro_recall: 0.59, top_2_macro_precision: 0.43, top_2_macro_f1: 0.48, top_2_accuracy: 0.76, top_2_micro_recall: 0.72, top_2_micro_precision: 0.41, top_2_micro_f1: 0.53, top_3_macro_recall: 0.69, top_3_macro_precision: 0.38, top_3_macro_f1: 0.45, top_3_accuracy: 0.85, top_3_micro_recall: 0.83, top_3_micro_precision: 0.32, top_3_micro_f1: 0.46
2025-04-11 13:38:28.839 | INFO     | __main__:train_and_evaluate:107 - Epoch 11, Loss: 0.0877
2025-04-11 13:38:29.602 | INFO     | __main__:train_and_evaluate:107 - Epoch 12, Loss: 0.0825
2025-04-11 13:38:30.364 | INFO     | __main__:train_and_evaluate:107 - Epoch 13, Loss: 0.0726
2025-04-11 13:38:31.126 | INFO     | __main__:train_and_evaluate:107 - Epoch 14, Loss: 0.0703
2025-04-11 13:38:31.889 | INFO     | __main__:train_and_evaluate:107 - Epoch 15, Loss: 0.0679
2025-04-11 13:38:32.652 | INFO     | __main__:train_and_evaluate:107 - Epoch 16, Loss: 0.0646
2025-04-11 13:38:33.414 | INFO     | __main__:train_and_evaluate:107 - Epoch 17, Loss: 0.0633
2025-04-11 13:38:34.179 | INFO     | __main__:train_and_evaluate:107 - Epoch 18, Loss: 0.0579
2025-04-11 13:38:34.960 | INFO     | __main__:train_and_evaluate:107 - Epoch 19, Loss: 0.0578
2025-04-11 13:38:35.723 | INFO     | __main__:train_and_evaluate:107 - Epoch 20, Loss: 0.0549
2025-04-11 13:38:35.795 | INFO     | __main__:eval:67 - Eval Loss: 0.0745
2025-04-11 13:38:35.884 | INFO     | __main__:train_and_evaluate:117 - Epoch 20, Eval Metrics: top_1_macro_recall: 0.50, top_1_macro_precision: 0.54, top_1_macro_f1: 0.51, top_1_accuracy: 0.73, top_1_micro_recall: 0.64, top_1_micro_precision: 0.73, top_1_micro_f1: 0.68, top_2_macro_recall: 0.71, top_2_macro_precision: 0.50, top_2_macro_f1: 0.56, top_2_accuracy: 0.81, top_2_micro_recall: 0.79, top_2_micro_precision: 0.45, top_2_micro_f1: 0.57, top_3_macro_recall: 0.79, top_3_macro_precision: 0.37, top_3_macro_f1: 0.47, top_3_accuracy: 0.88, top_3_micro_recall: 0.87, top_3_micro_precision: 0.33, top_3_micro_f1: 0.48
2025-04-11 13:38:36.648 | INFO     | __main__:train_and_evaluate:107 - Epoch 21, Loss: 0.0572
2025-04-11 13:38:37.412 | INFO     | __main__:train_and_evaluate:107 - Epoch 22, Loss: 0.0534
2025-04-11 13:38:38.175 | INFO     | __main__:train_and_evaluate:107 - Epoch 23, Loss: 0.0516
2025-04-11 13:38:38.937 | INFO     | __main__:train_and_evaluate:107 - Epoch 24, Loss: 0.0490
2025-04-11 13:38:39.701 | INFO     | __main__:train_and_evaluate:107 - Epoch 25, Loss: 0.0490
2025-04-11 13:38:40.464 | INFO     | __main__:train_and_evaluate:107 - Epoch 26, Loss: 0.0465
2025-04-11 13:38:41.226 | INFO     | __main__:train_and_evaluate:107 - Epoch 27, Loss: 0.0483
2025-04-11 13:38:41.988 | INFO     | __main__:train_and_evaluate:107 - Epoch 28, Loss: 0.0474
2025-04-11 13:38:42.750 | INFO     | __main__:train_and_evaluate:107 - Epoch 29, Loss: 0.0497
2025-04-11 13:38:43.514 | INFO     | __main__:train_and_evaluate:107 - Epoch 30, Loss: 0.0483
2025-04-11 13:38:43.582 | INFO     | __main__:eval:67 - Eval Loss: 0.0740
2025-04-11 13:38:43.673 | INFO     | __main__:train_and_evaluate:117 - Epoch 30, Eval Metrics: top_1_macro_recall: 0.51, top_1_macro_precision: 0.55, top_1_macro_f1: 0.52, top_1_accuracy: 0.76, top_1_micro_recall: 0.66, top_1_micro_precision: 0.76, top_1_micro_f1: 0.71, top_2_macro_recall: 0.74, top_2_macro_precision: 0.48, top_2_macro_f1: 0.56, top_2_accuracy: 0.83, top_2_micro_recall: 0.82, top_2_micro_precision: 0.47, top_2_micro_f1: 0.60, top_3_macro_recall: 0.80, top_3_macro_precision: 0.37, top_3_macro_f1: 0.47, top_3_accuracy: 0.89, top_3_micro_recall: 0.88, top_3_micro_precision: 0.34, top_3_micro_f1: 0.49
2025-04-11 13:38:44.437 | INFO     | __main__:train_and_evaluate:107 - Epoch 31, Loss: 0.0465
2025-04-11 13:38:45.200 | INFO     | __main__:train_and_evaluate:107 - Epoch 32, Loss: 0.0454
2025-04-11 13:38:45.963 | INFO     | __main__:train_and_evaluate:107 - Epoch 33, Loss: 0.0457
2025-04-11 13:38:46.734 | INFO     | __main__:train_and_evaluate:107 - Epoch 34, Loss: 0.0453
2025-04-11 13:38:47.508 | INFO     | __main__:train_and_evaluate:107 - Epoch 35, Loss: 0.0445
2025-04-11 13:38:48.272 | INFO     | __main__:train_and_evaluate:107 - Epoch 36, Loss: 0.0442
2025-04-11 13:38:49.034 | INFO     | __main__:train_and_evaluate:107 - Epoch 37, Loss: 0.0423
2025-04-11 13:38:49.796 | INFO     | __main__:train_and_evaluate:107 - Epoch 38, Loss: 0.0443
2025-04-11 13:38:50.560 | INFO     | __main__:train_and_evaluate:107 - Epoch 39, Loss: 0.0422
2025-04-11 13:38:51.322 | INFO     | __main__:train_and_evaluate:107 - Epoch 40, Loss: 0.0430
2025-04-11 13:38:51.394 | INFO     | __main__:eval:67 - Eval Loss: 0.0738
2025-04-11 13:38:51.482 | INFO     | __main__:train_and_evaluate:117 - Epoch 40, Eval Metrics: top_1_macro_recall: 0.51, top_1_macro_precision: 0.54, top_1_macro_f1: 0.52, top_1_accuracy: 0.75, top_1_micro_recall: 0.66, top_1_micro_precision: 0.75, top_1_micro_f1: 0.70, top_2_macro_recall: 0.73, top_2_macro_precision: 0.46, top_2_macro_f1: 0.55, top_2_accuracy: 0.84, top_2_micro_recall: 0.81, top_2_micro_precision: 0.47, top_2_micro_f1: 0.59, top_3_macro_recall: 0.81, top_3_macro_precision: 0.36, top_3_macro_f1: 0.47, top_3_accuracy: 0.89, top_3_micro_recall: 0.88, top_3_micro_precision: 0.34, top_3_micro_f1: 0.49
2025-04-11 13:38:52.249 | INFO     | __main__:train_and_evaluate:107 - Epoch 41, Loss: 0.0404
2025-04-11 13:38:53.013 | INFO     | __main__:train_and_evaluate:107 - Epoch 42, Loss: 0.0398
2025-04-11 13:38:53.779 | INFO     | __main__:train_and_evaluate:107 - Epoch 43, Loss: 0.0430
2025-04-11 13:38:54.543 | INFO     | __main__:train_and_evaluate:107 - Epoch 44, Loss: 0.0418
2025-04-11 13:38:55.307 | INFO     | __main__:train_and_evaluate:107 - Epoch 45, Loss: 0.0423
2025-04-11 13:38:56.071 | INFO     | __main__:train_and_evaluate:107 - Epoch 46, Loss: 0.0426
2025-04-11 13:38:56.835 | INFO     | __main__:train_and_evaluate:107 - Epoch 47, Loss: 0.0430
2025-04-11 13:38:57.599 | INFO     | __main__:train_and_evaluate:107 - Epoch 48, Loss: 0.0429
2025-04-11 13:38:58.365 | INFO     | __main__:train_and_evaluate:107 - Epoch 49, Loss: 0.0394
2025-04-11 13:38:59.130 | INFO     | __main__:train_and_evaluate:107 - Epoch 50, Loss: 0.0423
2025-04-11 13:38:59.198 | INFO     | __main__:eval:67 - Eval Loss: 0.0753
2025-04-11 13:38:59.288 | INFO     | __main__:train_and_evaluate:117 - Epoch 50, Eval Metrics: top_1_macro_recall: 0.51, top_1_macro_precision: 0.54, top_1_macro_f1: 0.52, top_1_accuracy: 0.75, top_1_micro_recall: 0.66, top_1_micro_precision: 0.75, top_1_micro_f1: 0.70, top_2_macro_recall: 0.74, top_2_macro_precision: 0.47, top_2_macro_f1: 0.55, top_2_accuracy: 0.84, top_2_micro_recall: 0.81, top_2_micro_precision: 0.47, top_2_micro_f1: 0.59, top_3_macro_recall: 0.83, top_3_macro_precision: 0.35, top_3_macro_f1: 0.46, top_3_accuracy: 0.90, top_3_micro_recall: 0.89, top_3_micro_precision: 0.34, top_3_micro_f1: 0.49
2025-04-11 13:38:59.288 | INFO     | __main__:CV_run:319 - Fold 1, Final Eval Metrics: top_1_macro_recall: 0.51, top_1_macro_precision: 0.54, top_1_macro_f1: 0.52, top_1_accuracy: 0.75, top_1_micro_recall: 0.66, top_1_micro_precision: 0.75, top_1_micro_f1: 0.70, top_2_macro_recall: 0.74, top_2_macro_precision: 0.47, top_2_macro_f1: 0.55, top_2_accuracy: 0.84, top_2_micro_recall: 0.81, top_2_micro_precision: 0.47, top_2_micro_f1: 0.59, top_3_macro_recall: 0.83, top_3_macro_precision: 0.35, top_3_macro_f1: 0.46, top_3_accuracy: 0.90, top_3_micro_recall: 0.89, top_3_micro_precision: 0.34, top_3_micro_f1: 0.49
2025-04-11 13:38:59.288 | INFO     | __main__:CV_run:285 - Starting fold 2
2025-04-11 13:39:01.010 | INFO     | __main__:train_and_evaluate:107 - Epoch 1, Loss: 1.9253
2025-04-11 13:39:01.774 | INFO     | __main__:train_and_evaluate:107 - Epoch 2, Loss: 0.2762
2025-04-11 13:39:02.542 | INFO     | __main__:train_and_evaluate:107 - Epoch 3, Loss: 0.2025
2025-04-11 13:39:03.323 | INFO     | __main__:train_and_evaluate:107 - Epoch 4, Loss: 0.1816
2025-04-11 13:39:04.087 | INFO     | __main__:train_and_evaluate:107 - Epoch 5, Loss: 0.1690
2025-04-11 13:39:04.851 | INFO     | __main__:train_and_evaluate:107 - Epoch 6, Loss: 0.1506
2025-04-11 13:39:05.620 | INFO     | __main__:train_and_evaluate:107 - Epoch 7, Loss: 0.1368
2025-04-11 13:39:06.385 | INFO     | __main__:train_and_evaluate:107 - Epoch 8, Loss: 0.1209
2025-04-11 13:39:07.150 | INFO     | __main__:train_and_evaluate:107 - Epoch 9, Loss: 0.1026
2025-04-11 13:39:07.914 | INFO     | __main__:train_and_evaluate:107 - Epoch 10, Loss: 0.0944
2025-04-11 13:39:07.986 | INFO     | __main__:eval:67 - Eval Loss: 0.0932
2025-04-11 13:39:08.075 | INFO     | __main__:train_and_evaluate:117 - Epoch 10, Eval Metrics: top_1_macro_recall: 0.42, top_1_macro_precision: 0.55, top_1_macro_f1: 0.44, top_1_accuracy: 0.63, top_1_micro_recall: 0.55, top_1_micro_precision: 0.63, top_1_micro_f1: 0.59, top_2_macro_recall: 0.61, top_2_macro_precision: 0.38, top_2_macro_f1: 0.45, top_2_accuracy: 0.75, top_2_micro_recall: 0.73, top_2_micro_precision: 0.41, top_2_micro_f1: 0.53, top_3_macro_recall: 0.67, top_3_macro_precision: 0.31, top_3_macro_f1: 0.39, top_3_accuracy: 0.84, top_3_micro_recall: 0.82, top_3_micro_precision: 0.31, top_3_micro_f1: 0.45
2025-04-11 13:39:08.839 | INFO     | __main__:train_and_evaluate:107 - Epoch 11, Loss: 0.0876
2025-04-11 13:39:09.604 | INFO     | __main__:train_and_evaluate:107 - Epoch 12, Loss: 0.0825
2025-04-11 13:39:10.368 | INFO     | __main__:train_and_evaluate:107 - Epoch 13, Loss: 0.0728
2025-04-11 13:39:11.132 | INFO     | __main__:train_and_evaluate:107 - Epoch 14, Loss: 0.0685
2025-04-11 13:39:11.898 | INFO     | __main__:train_and_evaluate:107 - Epoch 15, Loss: 0.0669
2025-04-11 13:39:12.663 | INFO     | __main__:train_and_evaluate:107 - Epoch 16, Loss: 0.0654
2025-04-11 13:39:13.428 | INFO     | __main__:train_and_evaluate:107 - Epoch 17, Loss: 0.0631
2025-04-11 13:39:14.193 | INFO     | __main__:train_and_evaluate:107 - Epoch 18, Loss: 0.0599
2025-04-11 13:39:14.956 | INFO     | __main__:train_and_evaluate:107 - Epoch 19, Loss: 0.0573
2025-04-11 13:39:15.720 | INFO     | __main__:train_and_evaluate:107 - Epoch 20, Loss: 0.0546
2025-04-11 13:39:15.788 | INFO     | __main__:eval:67 - Eval Loss: 0.0851
2025-04-11 13:39:15.877 | INFO     | __main__:train_and_evaluate:117 - Epoch 20, Eval Metrics: top_1_macro_recall: 0.50, top_1_macro_precision: 0.58, top_1_macro_f1: 0.52, top_1_accuracy: 0.69, top_1_micro_recall: 0.61, top_1_micro_precision: 0.69, top_1_micro_f1: 0.64, top_2_macro_recall: 0.72, top_2_macro_precision: 0.39, top_2_macro_f1: 0.48, top_2_accuracy: 0.80, top_2_micro_recall: 0.78, top_2_micro_precision: 0.44, top_2_micro_f1: 0.57, top_3_macro_recall: 0.77, top_3_macro_precision: 0.30, top_3_macro_f1: 0.40, top_3_accuracy: 0.87, top_3_micro_recall: 0.86, top_3_micro_precision: 0.33, top_3_micro_f1: 0.47
2025-04-11 13:39:16.642 | INFO     | __main__:train_and_evaluate:107 - Epoch 21, Loss: 0.0518
2025-04-11 13:39:17.407 | INFO     | __main__:train_and_evaluate:107 - Epoch 22, Loss: 0.0542
2025-04-11 13:39:18.173 | INFO     | __main__:train_and_evaluate:107 - Epoch 23, Loss: 0.0505
2025-04-11 13:39:18.938 | INFO     | __main__:train_and_evaluate:107 - Epoch 24, Loss: 0.0498
2025-04-11 13:39:19.703 | INFO     | __main__:train_and_evaluate:107 - Epoch 25, Loss: 0.0492
2025-04-11 13:39:20.468 | INFO     | __main__:train_and_evaluate:107 - Epoch 26, Loss: 0.0469
2025-04-11 13:39:21.232 | INFO     | __main__:train_and_evaluate:107 - Epoch 27, Loss: 0.0478
2025-04-11 13:39:21.997 | INFO     | __main__:train_and_evaluate:107 - Epoch 28, Loss: 0.0489
2025-04-11 13:39:22.762 | INFO     | __main__:train_and_evaluate:107 - Epoch 29, Loss: 0.0472
2025-04-11 13:39:23.535 | INFO     | __main__:train_and_evaluate:107 - Epoch 30, Loss: 0.0471
2025-04-11 13:39:23.608 | INFO     | __main__:eval:67 - Eval Loss: 0.0871
2025-04-11 13:39:23.697 | INFO     | __main__:train_and_evaluate:117 - Epoch 30, Eval Metrics: top_1_macro_recall: 0.53, top_1_macro_precision: 0.56, top_1_macro_f1: 0.53, top_1_accuracy: 0.70, top_1_micro_recall: 0.62, top_1_micro_precision: 0.70, top_1_micro_f1: 0.66, top_2_macro_recall: 0.72, top_2_macro_precision: 0.41, top_2_macro_f1: 0.49, top_2_accuracy: 0.81, top_2_micro_recall: 0.79, top_2_micro_precision: 0.45, top_2_micro_f1: 0.57, top_3_macro_recall: 0.78, top_3_macro_precision: 0.32, top_3_macro_f1: 0.42, top_3_accuracy: 0.87, top_3_micro_recall: 0.87, top_3_micro_precision: 0.33, top_3_micro_f1: 0.48
2025-04-11 13:39:24.474 | INFO     | __main__:train_and_evaluate:107 - Epoch 31, Loss: 0.0438
2025-04-11 13:39:25.239 | INFO     | __main__:train_and_evaluate:107 - Epoch 32, Loss: 0.0436
2025-04-11 13:39:26.004 | INFO     | __main__:train_and_evaluate:107 - Epoch 33, Loss: 0.0447
2025-04-11 13:39:26.768 | INFO     | __main__:train_and_evaluate:107 - Epoch 34, Loss: 0.0408
2025-04-11 13:39:27.532 | INFO     | __main__:train_and_evaluate:107 - Epoch 35, Loss: 0.0437
2025-04-11 13:39:28.298 | INFO     | __main__:train_and_evaluate:107 - Epoch 36, Loss: 0.0446
2025-04-11 13:39:29.062 | INFO     | __main__:train_and_evaluate:107 - Epoch 37, Loss: 0.0419
2025-04-11 13:39:29.828 | INFO     | __main__:train_and_evaluate:107 - Epoch 38, Loss: 0.0423
2025-04-11 13:39:30.593 | INFO     | __main__:train_and_evaluate:107 - Epoch 39, Loss: 0.0436
2025-04-11 13:39:31.357 | INFO     | __main__:train_and_evaluate:107 - Epoch 40, Loss: 0.0417
2025-04-11 13:39:31.424 | INFO     | __main__:eval:67 - Eval Loss: 0.0889
2025-04-11 13:39:31.513 | INFO     | __main__:train_and_evaluate:117 - Epoch 40, Eval Metrics: top_1_macro_recall: 0.53, top_1_macro_precision: 0.61, top_1_macro_f1: 0.54, top_1_accuracy: 0.71, top_1_micro_recall: 0.63, top_1_micro_precision: 0.71, top_1_micro_f1: 0.67, top_2_macro_recall: 0.72, top_2_macro_precision: 0.38, top_2_macro_f1: 0.47, top_2_accuracy: 0.79, top_2_micro_recall: 0.78, top_2_micro_precision: 0.44, top_2_micro_f1: 0.56, top_3_macro_recall: 0.78, top_3_macro_precision: 0.30, top_3_macro_f1: 0.40, top_3_accuracy: 0.87, top_3_micro_recall: 0.86, top_3_micro_precision: 0.33, top_3_micro_f1: 0.47
2025-04-11 13:39:32.279 | INFO     | __main__:train_and_evaluate:107 - Epoch 41, Loss: 0.0433
2025-04-11 13:39:33.044 | INFO     | __main__:train_and_evaluate:107 - Epoch 42, Loss: 0.0420
2025-04-11 13:39:33.808 | INFO     | __main__:train_and_evaluate:107 - Epoch 43, Loss: 0.0429
2025-04-11 13:39:34.574 | INFO     | __main__:train_and_evaluate:107 - Epoch 44, Loss: 0.0404
2025-04-11 13:39:35.341 | INFO     | __main__:train_and_evaluate:107 - Epoch 45, Loss: 0.0438
2025-04-11 13:39:36.106 | INFO     | __main__:train_and_evaluate:107 - Epoch 46, Loss: 0.0405
2025-04-11 13:39:36.872 | INFO     | __main__:train_and_evaluate:107 - Epoch 47, Loss: 0.0398
2025-04-11 13:39:37.636 | INFO     | __main__:train_and_evaluate:107 - Epoch 48, Loss: 0.0433
2025-04-11 13:39:38.404 | INFO     | __main__:train_and_evaluate:107 - Epoch 49, Loss: 0.0404
2025-04-11 13:39:40.081 | INFO     | __main__:train_and_evaluate:107 - Epoch 50, Loss: 0.0415
2025-04-11 13:39:40.183 | INFO     | __main__:eval:67 - Eval Loss: 0.0902
2025-04-11 13:39:40.362 | INFO     | __main__:train_and_evaluate:117 - Epoch 50, Eval Metrics: top_1_macro_recall: 0.53, top_1_macro_precision: 0.59, top_1_macro_f1: 0.54, top_1_accuracy: 0.71, top_1_micro_recall: 0.63, top_1_micro_precision: 0.71, top_1_micro_f1: 0.67, top_2_macro_recall: 0.73, top_2_macro_precision: 0.40, top_2_macro_f1: 0.48, top_2_accuracy: 0.80, top_2_micro_recall: 0.79, top_2_micro_precision: 0.45, top_2_micro_f1: 0.57, top_3_macro_recall: 0.78, top_3_macro_precision: 0.31, top_3_macro_f1: 0.41, top_3_accuracy: 0.87, top_3_micro_recall: 0.86, top_3_micro_precision: 0.33, top_3_micro_f1: 0.47
2025-04-11 13:39:40.362 | INFO     | __main__:CV_run:319 - Fold 2, Final Eval Metrics: top_1_macro_recall: 0.53, top_1_macro_precision: 0.59, top_1_macro_f1: 0.54, top_1_accuracy: 0.71, top_1_micro_recall: 0.63, top_1_micro_precision: 0.71, top_1_micro_f1: 0.67, top_2_macro_recall: 0.73, top_2_macro_precision: 0.40, top_2_macro_f1: 0.48, top_2_accuracy: 0.80, top_2_micro_recall: 0.79, top_2_micro_precision: 0.45, top_2_micro_f1: 0.57, top_3_macro_recall: 0.78, top_3_macro_precision: 0.31, top_3_macro_f1: 0.41, top_3_accuracy: 0.87, top_3_micro_recall: 0.86, top_3_micro_precision: 0.33, top_3_micro_f1: 0.47
2025-04-11 13:39:40.363 | INFO     | __main__:CV_run:285 - Starting fold 3
2025-04-11 13:39:42.090 | INFO     | __main__:train_and_evaluate:107 - Epoch 1, Loss: 1.2442
2025-04-11 13:39:42.855 | INFO     | __main__:train_and_evaluate:107 - Epoch 2, Loss: 0.2345
2025-04-11 13:39:43.620 | INFO     | __main__:train_and_evaluate:107 - Epoch 3, Loss: 0.1858
2025-04-11 13:39:44.385 | INFO     | __main__:train_and_evaluate:107 - Epoch 4, Loss: 0.1689
2025-04-11 13:39:45.150 | INFO     | __main__:train_and_evaluate:107 - Epoch 5, Loss: 0.1580
2025-04-11 13:39:45.915 | INFO     | __main__:train_and_evaluate:107 - Epoch 6, Loss: 0.1380
2025-04-11 13:39:46.679 | INFO     | __main__:train_and_evaluate:107 - Epoch 7, Loss: 0.1240
2025-04-11 13:39:47.444 | INFO     | __main__:train_and_evaluate:107 - Epoch 8, Loss: 0.1065
2025-04-11 13:39:48.209 | INFO     | __main__:train_and_evaluate:107 - Epoch 9, Loss: 0.0948
2025-04-11 13:39:48.974 | INFO     | __main__:train_and_evaluate:107 - Epoch 10, Loss: 0.0888
2025-04-11 13:39:49.042 | INFO     | __main__:eval:67 - Eval Loss: 0.0908
2025-04-11 13:39:49.131 | INFO     | __main__:train_and_evaluate:117 - Epoch 10, Eval Metrics: top_1_macro_recall: 0.45, top_1_macro_precision: 0.53, top_1_macro_f1: 0.46, top_1_accuracy: 0.66, top_1_micro_recall: 0.57, top_1_micro_precision: 0.66, top_1_micro_f1: 0.61, top_2_macro_recall: 0.66, top_2_macro_precision: 0.43, top_2_macro_f1: 0.49, top_2_accuracy: 0.78, top_2_micro_recall: 0.75, top_2_micro_precision: 0.43, top_2_micro_f1: 0.54, top_3_macro_recall: 0.72, top_3_macro_precision: 0.30, top_3_macro_f1: 0.40, top_3_accuracy: 0.88, top_3_micro_recall: 0.84, top_3_micro_precision: 0.32, top_3_micro_f1: 0.47
2025-04-11 13:39:49.896 | INFO     | __main__:train_and_evaluate:107 - Epoch 11, Loss: 0.0843
2025-04-11 13:39:50.661 | INFO     | __main__:train_and_evaluate:107 - Epoch 12, Loss: 0.0734
2025-04-11 13:39:51.426 | INFO     | __main__:train_and_evaluate:107 - Epoch 13, Loss: 0.0679
2025-04-11 13:39:52.211 | INFO     | __main__:train_and_evaluate:107 - Epoch 14, Loss: 0.0658
2025-04-11 13:39:52.976 | INFO     | __main__:train_and_evaluate:107 - Epoch 15, Loss: 0.0633
2025-04-11 13:39:53.740 | INFO     | __main__:train_and_evaluate:107 - Epoch 16, Loss: 0.0613
2025-04-11 13:39:54.505 | INFO     | __main__:train_and_evaluate:107 - Epoch 17, Loss: 0.0570
2025-04-11 13:39:55.270 | INFO     | __main__:train_and_evaluate:107 - Epoch 18, Loss: 0.0532
2025-04-11 13:39:56.033 | INFO     | __main__:train_and_evaluate:107 - Epoch 19, Loss: 0.0546
2025-04-11 13:39:56.797 | INFO     | __main__:train_and_evaluate:107 - Epoch 20, Loss: 0.0497
2025-04-11 13:39:56.869 | INFO     | __main__:eval:67 - Eval Loss: 0.0764
2025-04-11 13:39:56.957 | INFO     | __main__:train_and_evaluate:117 - Epoch 20, Eval Metrics: top_1_macro_recall: 0.57, top_1_macro_precision: 0.66, top_1_macro_f1: 0.59, top_1_accuracy: 0.73, top_1_micro_recall: 0.64, top_1_micro_precision: 0.73, top_1_micro_f1: 0.68, top_2_macro_recall: 0.76, top_2_macro_precision: 0.50, top_2_macro_f1: 0.57, top_2_accuracy: 0.83, top_2_micro_recall: 0.80, top_2_micro_precision: 0.46, top_2_micro_f1: 0.58, top_3_macro_recall: 0.83, top_3_macro_precision: 0.35, top_3_macro_f1: 0.46, top_3_accuracy: 0.89, top_3_micro_recall: 0.87, top_3_micro_precision: 0.33, top_3_micro_f1: 0.48
2025-04-11 13:39:57.724 | INFO     | __main__:train_and_evaluate:107 - Epoch 21, Loss: 0.0508
2025-04-11 13:39:58.490 | INFO     | __main__:train_and_evaluate:107 - Epoch 22, Loss: 0.0492
2025-04-11 13:39:59.257 | INFO     | __main__:train_and_evaluate:107 - Epoch 23, Loss: 0.0495
2025-04-11 13:40:00.021 | INFO     | __main__:train_and_evaluate:107 - Epoch 24, Loss: 0.0497
2025-04-11 13:40:00.787 | INFO     | __main__:train_and_evaluate:107 - Epoch 25, Loss: 0.0457
2025-04-11 13:40:01.554 | INFO     | __main__:train_and_evaluate:107 - Epoch 26, Loss: 0.0483
2025-04-11 13:40:02.320 | INFO     | __main__:train_and_evaluate:107 - Epoch 27, Loss: 0.0479
2025-04-11 13:40:03.085 | INFO     | __main__:train_and_evaluate:107 - Epoch 28, Loss: 0.0455
2025-04-11 13:40:03.850 | INFO     | __main__:train_and_evaluate:107 - Epoch 29, Loss: 0.0441
2025-04-11 13:40:04.615 | INFO     | __main__:train_and_evaluate:107 - Epoch 30, Loss: 0.0429
2025-04-11 13:40:04.683 | INFO     | __main__:eval:67 - Eval Loss: 0.0733
2025-04-11 13:40:04.771 | INFO     | __main__:train_and_evaluate:117 - Epoch 30, Eval Metrics: top_1_macro_recall: 0.58, top_1_macro_precision: 0.68, top_1_macro_f1: 0.58, top_1_accuracy: 0.74, top_1_micro_recall: 0.64, top_1_micro_precision: 0.74, top_1_micro_f1: 0.69, top_2_macro_recall: 0.81, top_2_macro_precision: 0.45, top_2_macro_f1: 0.56, top_2_accuracy: 0.83, top_2_micro_recall: 0.81, top_2_micro_precision: 0.46, top_2_micro_f1: 0.59, top_3_macro_recall: 0.86, top_3_macro_precision: 0.32, top_3_macro_f1: 0.43, top_3_accuracy: 0.90, top_3_micro_recall: 0.88, top_3_micro_precision: 0.34, top_3_micro_f1: 0.49
2025-04-11 13:40:05.538 | INFO     | __main__:train_and_evaluate:107 - Epoch 31, Loss: 0.0420
2025-04-11 13:40:06.303 | INFO     | __main__:train_and_evaluate:107 - Epoch 32, Loss: 0.0438
2025-04-11 13:40:07.071 | INFO     | __main__:train_and_evaluate:107 - Epoch 33, Loss: 0.0409
2025-04-11 13:40:08.087 | INFO     | __main__:train_and_evaluate:107 - Epoch 34, Loss: 0.0404
2025-04-11 13:40:08.873 | INFO     | __main__:train_and_evaluate:107 - Epoch 35, Loss: 0.0420
2025-04-11 13:40:09.638 | INFO     | __main__:train_and_evaluate:107 - Epoch 36, Loss: 0.0417
2025-04-11 13:40:10.405 | INFO     | __main__:train_and_evaluate:107 - Epoch 37, Loss: 0.0399
2025-04-11 13:40:11.171 | INFO     | __main__:train_and_evaluate:107 - Epoch 38, Loss: 0.0396
2025-04-11 13:40:11.937 | INFO     | __main__:train_and_evaluate:107 - Epoch 39, Loss: 0.0395
2025-04-11 13:40:12.703 | INFO     | __main__:train_and_evaluate:107 - Epoch 40, Loss: 0.0388
2025-04-11 13:40:12.776 | INFO     | __main__:eval:67 - Eval Loss: 0.0741
2025-04-11 13:40:12.902 | INFO     | __main__:train_and_evaluate:117 - Epoch 40, Eval Metrics: top_1_macro_recall: 0.58, top_1_macro_precision: 0.70, top_1_macro_f1: 0.60, top_1_accuracy: 0.74, top_1_micro_recall: 0.64, top_1_micro_precision: 0.74, top_1_micro_f1: 0.69, top_2_macro_recall: 0.81, top_2_macro_precision: 0.46, top_2_macro_f1: 0.56, top_2_accuracy: 0.84, top_2_micro_recall: 0.82, top_2_micro_precision: 0.47, top_2_micro_f1: 0.60, top_3_macro_recall: 0.86, top_3_macro_precision: 0.32, top_3_macro_f1: 0.43, top_3_accuracy: 0.90, top_3_micro_recall: 0.88, top_3_micro_precision: 0.34, top_3_micro_f1: 0.49
2025-04-11 13:40:13.669 | INFO     | __main__:train_and_evaluate:107 - Epoch 41, Loss: 0.0402
2025-04-11 13:40:14.433 | INFO     | __main__:train_and_evaluate:107 - Epoch 42, Loss: 0.0415
2025-04-11 13:40:15.200 | INFO     | __main__:train_and_evaluate:107 - Epoch 43, Loss: 0.0382
2025-04-11 13:40:15.966 | INFO     | __main__:train_and_evaluate:107 - Epoch 44, Loss: 0.0390
2025-04-11 13:40:16.732 | INFO     | __main__:train_and_evaluate:107 - Epoch 45, Loss: 0.0401
2025-04-11 13:40:17.500 | INFO     | __main__:train_and_evaluate:107 - Epoch 46, Loss: 0.0385
2025-04-11 13:40:18.268 | INFO     | __main__:train_and_evaluate:107 - Epoch 47, Loss: 0.0404
2025-04-11 13:40:19.034 | INFO     | __main__:train_and_evaluate:107 - Epoch 48, Loss: 0.0385
2025-04-11 13:40:19.801 | INFO     | __main__:train_and_evaluate:107 - Epoch 49, Loss: 0.0400
2025-04-11 13:40:20.568 | INFO     | __main__:train_and_evaluate:107 - Epoch 50, Loss: 0.0398
2025-04-11 13:40:20.636 | INFO     | __main__:eval:67 - Eval Loss: 0.0750
2025-04-11 13:40:20.725 | INFO     | __main__:train_and_evaluate:117 - Epoch 50, Eval Metrics: top_1_macro_recall: 0.55, top_1_macro_precision: 0.64, top_1_macro_f1: 0.57, top_1_accuracy: 0.74, top_1_micro_recall: 0.64, top_1_micro_precision: 0.74, top_1_micro_f1: 0.69, top_2_macro_recall: 0.81, top_2_macro_precision: 0.48, top_2_macro_f1: 0.58, top_2_accuracy: 0.84, top_2_micro_recall: 0.82, top_2_micro_precision: 0.47, top_2_micro_f1: 0.60, top_3_macro_recall: 0.85, top_3_macro_precision: 0.32, top_3_macro_f1: 0.43, top_3_accuracy: 0.90, top_3_micro_recall: 0.88, top_3_micro_precision: 0.34, top_3_micro_f1: 0.49
2025-04-11 13:40:20.726 | INFO     | __main__:CV_run:319 - Fold 3, Final Eval Metrics: top_1_macro_recall: 0.55, top_1_macro_precision: 0.64, top_1_macro_f1: 0.57, top_1_accuracy: 0.74, top_1_micro_recall: 0.64, top_1_micro_precision: 0.74, top_1_micro_f1: 0.69, top_2_macro_recall: 0.81, top_2_macro_precision: 0.48, top_2_macro_f1: 0.58, top_2_accuracy: 0.84, top_2_micro_recall: 0.82, top_2_micro_precision: 0.47, top_2_micro_f1: 0.60, top_3_macro_recall: 0.85, top_3_macro_precision: 0.32, top_3_macro_f1: 0.43, top_3_accuracy: 0.90, top_3_micro_recall: 0.88, top_3_micro_precision: 0.34, top_3_micro_f1: 0.49
2025-04-11 13:40:20.727 | INFO     | __main__:CV_run:285 - Starting fold 4
2025-04-11 13:40:22.828 | INFO     | __main__:train_and_evaluate:107 - Epoch 1, Loss: 1.7325
2025-04-11 13:40:23.594 | INFO     | __main__:train_and_evaluate:107 - Epoch 2, Loss: 0.2407
2025-04-11 13:40:24.361 | INFO     | __main__:train_and_evaluate:107 - Epoch 3, Loss: 0.1941
2025-04-11 13:40:25.127 | INFO     | __main__:train_and_evaluate:107 - Epoch 4, Loss: 0.1767
2025-04-11 13:40:25.895 | INFO     | __main__:train_and_evaluate:107 - Epoch 5, Loss: 0.1633
2025-04-11 13:40:26.663 | INFO     | __main__:train_and_evaluate:107 - Epoch 6, Loss: 0.1455
2025-04-11 13:40:27.435 | INFO     | __main__:train_and_evaluate:107 - Epoch 7, Loss: 0.1301
2025-04-11 13:40:28.217 | INFO     | __main__:train_and_evaluate:107 - Epoch 8, Loss: 0.1193
2025-04-11 13:40:28.985 | INFO     | __main__:train_and_evaluate:107 - Epoch 9, Loss: 0.1065
2025-04-11 13:40:29.753 | INFO     | __main__:train_and_evaluate:107 - Epoch 10, Loss: 0.0944
2025-04-11 13:40:29.830 | INFO     | __main__:eval:67 - Eval Loss: 0.0930
2025-04-11 13:40:29.918 | INFO     | __main__:train_and_evaluate:117 - Epoch 10, Eval Metrics: top_1_macro_recall: 0.37, top_1_macro_precision: 0.43, top_1_macro_f1: 0.38, top_1_accuracy: 0.62, top_1_micro_recall: 0.55, top_1_micro_precision: 0.62, top_1_micro_f1: 0.58, top_2_macro_recall: 0.66, top_2_macro_precision: 0.52, top_2_macro_f1: 0.53, top_2_accuracy: 0.75, top_2_micro_recall: 0.73, top_2_micro_precision: 0.41, top_2_micro_f1: 0.53, top_3_macro_recall: 0.72, top_3_macro_precision: 0.41, top_3_macro_f1: 0.48, top_3_accuracy: 0.86, top_3_micro_recall: 0.83, top_3_micro_precision: 0.31, top_3_micro_f1: 0.46
2025-04-11 13:40:30.687 | INFO     | __main__:train_and_evaluate:107 - Epoch 11, Loss: 0.0908
2025-04-11 13:40:31.455 | INFO     | __main__:train_and_evaluate:107 - Epoch 12, Loss: 0.0802
2025-04-11 13:40:32.223 | INFO     | __main__:train_and_evaluate:107 - Epoch 13, Loss: 0.0749
2025-04-11 13:40:32.990 | INFO     | __main__:train_and_evaluate:107 - Epoch 14, Loss: 0.0708
2025-04-11 13:40:33.758 | INFO     | __main__:train_and_evaluate:107 - Epoch 15, Loss: 0.0655
2025-04-11 13:40:34.525 | INFO     | __main__:train_and_evaluate:107 - Epoch 16, Loss: 0.0619
2025-04-11 13:40:35.293 | INFO     | __main__:train_and_evaluate:107 - Epoch 17, Loss: 0.0596
2025-04-11 13:40:36.060 | INFO     | __main__:train_and_evaluate:107 - Epoch 18, Loss: 0.0597
2025-04-11 13:40:36.828 | INFO     | __main__:train_and_evaluate:107 - Epoch 19, Loss: 0.0569
2025-04-11 13:40:37.597 | INFO     | __main__:train_and_evaluate:107 - Epoch 20, Loss: 0.0544
2025-04-11 13:40:37.665 | INFO     | __main__:eval:67 - Eval Loss: 0.0816
2025-04-11 13:40:37.753 | INFO     | __main__:train_and_evaluate:117 - Epoch 20, Eval Metrics: top_1_macro_recall: 0.48, top_1_macro_precision: 0.58, top_1_macro_f1: 0.50, top_1_accuracy: 0.72, top_1_micro_recall: 0.63, top_1_micro_precision: 0.72, top_1_micro_f1: 0.67, top_2_macro_recall: 0.67, top_2_macro_precision: 0.46, top_2_macro_f1: 0.52, top_2_accuracy: 0.79, top_2_micro_recall: 0.76, top_2_micro_precision: 0.43, top_2_micro_f1: 0.55, top_3_macro_recall: 0.76, top_3_macro_precision: 0.40, top_3_macro_f1: 0.48, top_3_accuracy: 0.87, top_3_micro_recall: 0.85, top_3_micro_precision: 0.32, top_3_micro_f1: 0.47
2025-04-11 13:40:38.521 | INFO     | __main__:train_and_evaluate:107 - Epoch 21, Loss: 0.0553
2025-04-11 13:40:39.289 | INFO     | __main__:train_and_evaluate:107 - Epoch 22, Loss: 0.0510
2025-04-11 13:40:40.057 | INFO     | __main__:train_and_evaluate:107 - Epoch 23, Loss: 0.0519
2025-04-11 13:40:40.825 | INFO     | __main__:train_and_evaluate:107 - Epoch 24, Loss: 0.0500
2025-04-11 13:40:41.592 | INFO     | __main__:train_and_evaluate:107 - Epoch 25, Loss: 0.0493
2025-04-11 13:40:42.360 | INFO     | __main__:train_and_evaluate:107 - Epoch 26, Loss: 0.0469
2025-04-11 13:40:43.128 | INFO     | __main__:train_and_evaluate:107 - Epoch 27, Loss: 0.0474
2025-04-11 13:40:43.895 | INFO     | __main__:train_and_evaluate:107 - Epoch 28, Loss: 0.0452
2025-04-11 13:40:44.663 | INFO     | __main__:train_and_evaluate:107 - Epoch 29, Loss: 0.0446
2025-04-11 13:40:45.430 | INFO     | __main__:train_and_evaluate:107 - Epoch 30, Loss: 0.0462
2025-04-11 13:40:45.498 | INFO     | __main__:eval:67 - Eval Loss: 0.0907
2025-04-11 13:40:45.586 | INFO     | __main__:train_and_evaluate:117 - Epoch 30, Eval Metrics: top_1_macro_recall: 0.49, top_1_macro_precision: 0.56, top_1_macro_f1: 0.50, top_1_accuracy: 0.73, top_1_micro_recall: 0.65, top_1_micro_precision: 0.73, top_1_micro_f1: 0.69, top_2_macro_recall: 0.69, top_2_macro_precision: 0.50, top_2_macro_f1: 0.55, top_2_accuracy: 0.81, top_2_micro_recall: 0.78, top_2_micro_precision: 0.44, top_2_micro_f1: 0.56, top_3_macro_recall: 0.77, top_3_macro_precision: 0.39, top_3_macro_f1: 0.47, top_3_accuracy: 0.87, top_3_micro_recall: 0.85, top_3_micro_precision: 0.32, top_3_micro_f1: 0.47
2025-04-11 13:40:46.354 | INFO     | __main__:train_and_evaluate:107 - Epoch 31, Loss: 0.0436
2025-04-11 13:40:47.122 | INFO     | __main__:train_and_evaluate:107 - Epoch 32, Loss: 0.0442
2025-04-11 13:40:47.891 | INFO     | __main__:train_and_evaluate:107 - Epoch 33, Loss: 0.0401
2025-04-11 13:40:48.660 | INFO     | __main__:train_and_evaluate:107 - Epoch 34, Loss: 0.0427
2025-04-11 13:40:49.428 | INFO     | __main__:train_and_evaluate:107 - Epoch 35, Loss: 0.0432
2025-04-11 13:40:50.196 | INFO     | __main__:train_and_evaluate:107 - Epoch 36, Loss: 0.0409
2025-04-11 13:40:50.963 | INFO     | __main__:train_and_evaluate:107 - Epoch 37, Loss: 0.0399
2025-04-11 13:40:51.731 | INFO     | __main__:train_and_evaluate:107 - Epoch 38, Loss: 0.0404
2025-04-11 13:40:52.499 | INFO     | __main__:train_and_evaluate:107 - Epoch 39, Loss: 0.0420
2025-04-11 13:40:53.267 | INFO     | __main__:train_and_evaluate:107 - Epoch 40, Loss: 0.0384
2025-04-11 13:40:53.335 | INFO     | __main__:eval:67 - Eval Loss: 0.0918
2025-04-11 13:40:53.424 | INFO     | __main__:train_and_evaluate:117 - Epoch 40, Eval Metrics: top_1_macro_recall: 0.49, top_1_macro_precision: 0.59, top_1_macro_f1: 0.50, top_1_accuracy: 0.73, top_1_micro_recall: 0.64, top_1_micro_precision: 0.73, top_1_micro_f1: 0.68, top_2_macro_recall: 0.70, top_2_macro_precision: 0.49, top_2_macro_f1: 0.55, top_2_accuracy: 0.81, top_2_micro_recall: 0.78, top_2_micro_precision: 0.44, top_2_micro_f1: 0.57, top_3_macro_recall: 0.77, top_3_macro_precision: 0.37, top_3_macro_f1: 0.46, top_3_accuracy: 0.86, top_3_micro_recall: 0.85, top_3_micro_precision: 0.32, top_3_micro_f1: 0.47
2025-04-11 13:40:54.193 | INFO     | __main__:train_and_evaluate:107 - Epoch 41, Loss: 0.0402
2025-04-11 13:40:54.961 | INFO     | __main__:train_and_evaluate:107 - Epoch 42, Loss: 0.0413
2025-04-11 13:40:55.729 | INFO     | __main__:train_and_evaluate:107 - Epoch 43, Loss: 0.0417
2025-04-11 13:40:56.498 | INFO     | __main__:train_and_evaluate:107 - Epoch 44, Loss: 0.0379
2025-04-11 13:40:57.266 | INFO     | __main__:train_and_evaluate:107 - Epoch 45, Loss: 0.0399
2025-04-11 13:40:58.033 | INFO     | __main__:train_and_evaluate:107 - Epoch 46, Loss: 0.0401
2025-04-11 13:40:58.802 | INFO     | __main__:train_and_evaluate:107 - Epoch 47, Loss: 0.0397
2025-04-11 13:40:59.571 | INFO     | __main__:train_and_evaluate:107 - Epoch 48, Loss: 0.0405
2025-04-11 13:41:00.341 | INFO     | __main__:train_and_evaluate:107 - Epoch 49, Loss: 0.0396
2025-04-11 13:41:01.110 | INFO     | __main__:train_and_evaluate:107 - Epoch 50, Loss: 0.0390
2025-04-11 13:41:01.178 | INFO     | __main__:eval:67 - Eval Loss: 0.0936
2025-04-11 13:41:01.267 | INFO     | __main__:train_and_evaluate:117 - Epoch 50, Eval Metrics: top_1_macro_recall: 0.48, top_1_macro_precision: 0.55, top_1_macro_f1: 0.50, top_1_accuracy: 0.73, top_1_micro_recall: 0.64, top_1_micro_precision: 0.73, top_1_micro_f1: 0.68, top_2_macro_recall: 0.69, top_2_macro_precision: 0.48, top_2_macro_f1: 0.54, top_2_accuracy: 0.80, top_2_micro_recall: 0.78, top_2_micro_precision: 0.44, top_2_micro_f1: 0.56, top_3_macro_recall: 0.77, top_3_macro_precision: 0.38, top_3_macro_f1: 0.46, top_3_accuracy: 0.87, top_3_micro_recall: 0.85, top_3_micro_precision: 0.32, top_3_micro_f1: 0.47
2025-04-11 13:41:01.267 | INFO     | __main__:CV_run:319 - Fold 4, Final Eval Metrics: top_1_macro_recall: 0.48, top_1_macro_precision: 0.55, top_1_macro_f1: 0.50, top_1_accuracy: 0.73, top_1_micro_recall: 0.64, top_1_micro_precision: 0.73, top_1_micro_f1: 0.68, top_2_macro_recall: 0.69, top_2_macro_precision: 0.48, top_2_macro_f1: 0.54, top_2_accuracy: 0.80, top_2_micro_recall: 0.78, top_2_micro_precision: 0.44, top_2_micro_f1: 0.56, top_3_macro_recall: 0.77, top_3_macro_precision: 0.38, top_3_macro_f1: 0.46, top_3_accuracy: 0.87, top_3_micro_recall: 0.85, top_3_micro_precision: 0.32, top_3_micro_f1: 0.47
2025-04-11 13:41:01.268 | INFO     | __main__:CV_run:285 - Starting fold 5
2025-04-11 13:41:02.995 | INFO     | __main__:train_and_evaluate:107 - Epoch 1, Loss: 1.6649
2025-04-11 13:41:03.762 | INFO     | __main__:train_and_evaluate:107 - Epoch 2, Loss: 0.2333
2025-04-11 13:41:04.531 | INFO     | __main__:train_and_evaluate:107 - Epoch 3, Loss: 0.1930
2025-04-11 13:41:05.298 | INFO     | __main__:train_and_evaluate:107 - Epoch 4, Loss: 0.1808
2025-04-11 13:41:06.066 | INFO     | __main__:train_and_evaluate:107 - Epoch 5, Loss: 0.1689
2025-04-11 13:41:06.833 | INFO     | __main__:train_and_evaluate:107 - Epoch 6, Loss: 0.1603
2025-04-11 13:41:07.601 | INFO     | __main__:train_and_evaluate:107 - Epoch 7, Loss: 0.1444
2025-04-11 13:41:08.369 | INFO     | __main__:train_and_evaluate:107 - Epoch 8, Loss: 0.1261
2025-04-11 13:41:09.138 | INFO     | __main__:train_and_evaluate:107 - Epoch 9, Loss: 0.1126
2025-04-11 13:41:09.907 | INFO     | __main__:train_and_evaluate:107 - Epoch 10, Loss: 0.1012
2025-04-11 13:41:09.975 | INFO     | __main__:eval:67 - Eval Loss: 0.1031
2025-04-11 13:41:10.063 | INFO     | __main__:train_and_evaluate:117 - Epoch 10, Eval Metrics: top_1_macro_recall: 0.42, top_1_macro_precision: 0.48, top_1_macro_f1: 0.44, top_1_accuracy: 0.63, top_1_micro_recall: 0.56, top_1_micro_precision: 0.63, top_1_micro_f1: 0.59, top_2_macro_recall: 0.61, top_2_macro_precision: 0.52, top_2_macro_f1: 0.50, top_2_accuracy: 0.77, top_2_micro_recall: 0.74, top_2_micro_precision: 0.41, top_2_micro_f1: 0.53, top_3_macro_recall: 0.70, top_3_macro_precision: 0.42, top_3_macro_f1: 0.48, top_3_accuracy: 0.85, top_3_micro_recall: 0.82, top_3_micro_precision: 0.31, top_3_micro_f1: 0.45
2025-04-11 13:41:10.833 | INFO     | __main__:train_and_evaluate:107 - Epoch 11, Loss: 0.0926
2025-04-11 13:41:11.602 | INFO     | __main__:train_and_evaluate:107 - Epoch 12, Loss: 0.0858
2025-04-11 13:41:12.370 | INFO     | __main__:train_and_evaluate:107 - Epoch 13, Loss: 0.0763
2025-04-11 13:41:13.140 | INFO     | __main__:train_and_evaluate:107 - Epoch 14, Loss: 0.0707
2025-04-11 13:41:13.926 | INFO     | __main__:train_and_evaluate:107 - Epoch 15, Loss: 0.0674
2025-04-11 13:41:14.694 | INFO     | __main__:train_and_evaluate:107 - Epoch 16, Loss: 0.0642
2025-04-11 13:41:15.462 | INFO     | __main__:train_and_evaluate:107 - Epoch 17, Loss: 0.0608
2025-04-11 13:41:16.230 | INFO     | __main__:train_and_evaluate:107 - Epoch 18, Loss: 0.0587
2025-04-11 13:41:16.998 | INFO     | __main__:train_and_evaluate:107 - Epoch 19, Loss: 0.0581
2025-04-11 13:41:17.766 | INFO     | __main__:train_and_evaluate:107 - Epoch 20, Loss: 0.0562
2025-04-11 13:41:17.838 | INFO     | __main__:eval:67 - Eval Loss: 0.0758
2025-04-11 13:41:17.925 | INFO     | __main__:train_and_evaluate:117 - Epoch 20, Eval Metrics: top_1_macro_recall: 0.52, top_1_macro_precision: 0.58, top_1_macro_f1: 0.54, top_1_accuracy: 0.72, top_1_micro_recall: 0.64, top_1_micro_precision: 0.72, top_1_micro_f1: 0.68, top_2_macro_recall: 0.75, top_2_macro_precision: 0.46, top_2_macro_f1: 0.55, top_2_accuracy: 0.81, top_2_micro_recall: 0.79, top_2_micro_precision: 0.44, top_2_micro_f1: 0.57, top_3_macro_recall: 0.84, top_3_macro_precision: 0.33, top_3_macro_f1: 0.45, top_3_accuracy: 0.87, top_3_micro_recall: 0.86, top_3_micro_precision: 0.32, top_3_micro_f1: 0.47
2025-04-11 13:41:18.695 | INFO     | __main__:train_and_evaluate:107 - Epoch 21, Loss: 0.0530
2025-04-11 13:41:19.464 | INFO     | __main__:train_and_evaluate:107 - Epoch 22, Loss: 0.0500
2025-04-11 13:41:20.232 | INFO     | __main__:train_and_evaluate:107 - Epoch 23, Loss: 0.0520
2025-04-11 13:41:20.999 | INFO     | __main__:train_and_evaluate:107 - Epoch 24, Loss: 0.0505
2025-04-11 13:41:21.768 | INFO     | __main__:train_and_evaluate:107 - Epoch 25, Loss: 0.0476
2025-04-11 13:41:22.536 | INFO     | __main__:train_and_evaluate:107 - Epoch 26, Loss: 0.0472
2025-04-11 13:41:23.304 | INFO     | __main__:train_and_evaluate:107 - Epoch 27, Loss: 0.0459
2025-04-11 13:41:24.072 | INFO     | __main__:train_and_evaluate:107 - Epoch 28, Loss: 0.0457
2025-04-11 13:41:24.840 | INFO     | __main__:train_and_evaluate:107 - Epoch 29, Loss: 0.0442
2025-04-11 13:41:25.608 | INFO     | __main__:train_and_evaluate:107 - Epoch 30, Loss: 0.0481
2025-04-11 13:41:25.676 | INFO     | __main__:eval:67 - Eval Loss: 0.0769
2025-04-11 13:41:25.767 | INFO     | __main__:train_and_evaluate:117 - Epoch 30, Eval Metrics: top_1_macro_recall: 0.55, top_1_macro_precision: 0.64, top_1_macro_f1: 0.57, top_1_accuracy: 0.73, top_1_micro_recall: 0.65, top_1_micro_precision: 0.73, top_1_micro_f1: 0.69, top_2_macro_recall: 0.78, top_2_macro_precision: 0.46, top_2_macro_f1: 0.55, top_2_accuracy: 0.82, top_2_micro_recall: 0.80, top_2_micro_precision: 0.45, top_2_micro_f1: 0.57, top_3_macro_recall: 0.85, top_3_macro_precision: 0.36, top_3_macro_f1: 0.46, top_3_accuracy: 0.89, top_3_micro_recall: 0.87, top_3_micro_precision: 0.32, top_3_micro_f1: 0.47
2025-04-11 13:41:26.538 | INFO     | __main__:train_and_evaluate:107 - Epoch 31, Loss: 0.0432
2025-04-11 13:41:27.306 | INFO     | __main__:train_and_evaluate:107 - Epoch 32, Loss: 0.0434
2025-04-11 13:41:28.074 | INFO     | __main__:train_and_evaluate:107 - Epoch 33, Loss: 0.0420
2025-04-11 13:41:28.843 | INFO     | __main__:train_and_evaluate:107 - Epoch 34, Loss: 0.0422
2025-04-11 13:41:29.611 | INFO     | __main__:train_and_evaluate:107 - Epoch 35, Loss: 0.0413
2025-04-11 13:41:30.380 | INFO     | __main__:train_and_evaluate:107 - Epoch 36, Loss: 0.0410
2025-04-11 13:41:31.148 | INFO     | __main__:train_and_evaluate:107 - Epoch 37, Loss: 0.0426
2025-04-11 13:41:31.916 | INFO     | __main__:train_and_evaluate:107 - Epoch 38, Loss: 0.0401
2025-04-11 13:41:32.684 | INFO     | __main__:train_and_evaluate:107 - Epoch 39, Loss: 0.0409
2025-04-11 13:41:33.452 | INFO     | __main__:train_and_evaluate:107 - Epoch 40, Loss: 0.0409
2025-04-11 13:41:33.520 | INFO     | __main__:eval:67 - Eval Loss: 0.0778
2025-04-11 13:41:33.608 | INFO     | __main__:train_and_evaluate:117 - Epoch 40, Eval Metrics: top_1_macro_recall: 0.54, top_1_macro_precision: 0.59, top_1_macro_f1: 0.56, top_1_accuracy: 0.73, top_1_micro_recall: 0.66, top_1_micro_precision: 0.73, top_1_micro_f1: 0.69, top_2_macro_recall: 0.77, top_2_macro_precision: 0.47, top_2_macro_f1: 0.55, top_2_accuracy: 0.82, top_2_micro_recall: 0.80, top_2_micro_precision: 0.45, top_2_micro_f1: 0.57, top_3_macro_recall: 0.85, top_3_macro_precision: 0.37, top_3_macro_f1: 0.47, top_3_accuracy: 0.88, top_3_micro_recall: 0.87, top_3_micro_precision: 0.32, top_3_micro_f1: 0.47
2025-04-11 13:41:34.376 | INFO     | __main__:train_and_evaluate:107 - Epoch 41, Loss: 0.0424
2025-04-11 13:41:35.145 | INFO     | __main__:train_and_evaluate:107 - Epoch 42, Loss: 0.0422
2025-04-11 13:41:35.913 | INFO     | __main__:train_and_evaluate:107 - Epoch 43, Loss: 0.0420
2025-04-11 13:41:36.681 | INFO     | __main__:train_and_evaluate:107 - Epoch 44, Loss: 0.0404
2025-04-11 13:41:37.449 | INFO     | __main__:train_and_evaluate:107 - Epoch 45, Loss: 0.0403
2025-04-11 13:41:38.217 | INFO     | __main__:train_and_evaluate:107 - Epoch 46, Loss: 0.0407
2025-04-11 13:41:38.988 | INFO     | __main__:train_and_evaluate:107 - Epoch 47, Loss: 0.0451
2025-04-11 13:41:39.757 | INFO     | __main__:train_and_evaluate:107 - Epoch 48, Loss: 0.0414
2025-04-11 13:41:40.525 | INFO     | __main__:train_and_evaluate:107 - Epoch 49, Loss: 0.0417
2025-04-11 13:41:41.294 | INFO     | __main__:train_and_evaluate:107 - Epoch 50, Loss: 0.0402
2025-04-11 13:41:41.362 | INFO     | __main__:eval:67 - Eval Loss: 0.0791
2025-04-11 13:41:41.451 | INFO     | __main__:train_and_evaluate:117 - Epoch 50, Eval Metrics: top_1_macro_recall: 0.55, top_1_macro_precision: 0.59, top_1_macro_f1: 0.56, top_1_accuracy: 0.74, top_1_micro_recall: 0.66, top_1_micro_precision: 0.74, top_1_micro_f1: 0.70, top_2_macro_recall: 0.78, top_2_macro_precision: 0.46, top_2_macro_f1: 0.55, top_2_accuracy: 0.82, top_2_micro_recall: 0.81, top_2_micro_precision: 0.45, top_2_micro_f1: 0.58, top_3_macro_recall: 0.84, top_3_macro_precision: 0.36, top_3_macro_f1: 0.46, top_3_accuracy: 0.88, top_3_micro_recall: 0.87, top_3_micro_precision: 0.32, top_3_micro_f1: 0.47
2025-04-11 13:41:41.451 | INFO     | __main__:CV_run:319 - Fold 5, Final Eval Metrics: top_1_macro_recall: 0.55, top_1_macro_precision: 0.59, top_1_macro_f1: 0.56, top_1_accuracy: 0.74, top_1_micro_recall: 0.66, top_1_micro_precision: 0.74, top_1_micro_f1: 0.70, top_2_macro_recall: 0.78, top_2_macro_precision: 0.46, top_2_macro_f1: 0.55, top_2_accuracy: 0.82, top_2_micro_recall: 0.81, top_2_micro_precision: 0.45, top_2_micro_f1: 0.58, top_3_macro_recall: 0.84, top_3_macro_precision: 0.36, top_3_macro_f1: 0.46, top_3_accuracy: 0.88, top_3_micro_recall: 0.87, top_3_micro_precision: 0.32, top_3_micro_f1: 0.47
2025-04-11 13:41:41.452 | SUCCESS  | __main__:CV_run:341 - 5-Fold Cross Validation completed
top_k: 1
top_1_macro_recall: 0.5258 (± 0.0256)
top_1_macro_precision: 0.5814 (± 0.0345)
top_1_macro_f1: 0.5376 (± 0.0257)
top_1_accuracy: 0.7353 (± 0.0133)
top_1_micro_recall: 0.6474 (± 0.0117)
top_1_micro_precision: 0.7353 (± 0.0133)
top_1_micro_f1: 0.6885 (± 0.0119)
top_2_macro_recall: 0.7507 (± 0.0407)
top_2_macro_precision: 0.4549 (± 0.0305)
top_2_macro_f1: 0.5396 (± 0.0306)
top_2_accuracy: 0.8208 (± 0.0165)
top_2_micro_recall: 0.8024 (± 0.0163)
top_2_micro_precision: 0.4557 (± 0.0116)
top_2_micro_f1: 0.5812 (± 0.0135)
top_3_macro_recall: 0.8138 (± 0.0333)
top_3_macro_precision: 0.3431 (± 0.0271)
top_3_macro_f1: 0.4452 (± 0.0225)
top_3_accuracy: 0.8831 (± 0.0146)
top_3_micro_recall: 0.8712 (± 0.0141)
top_3_micro_precision: 0.3298 (± 0.0077)
top_3_micro_f1: 0.4785 (± 0.0102)
