2025-04-11 13:13:05.384 | INFO     | __main__:<module>:27 - Using device: cuda
2025-04-11 13:13:07.642 | INFO     | __main__:CV_run:268 - Number of classes: 184
2025-04-11 13:13:07.642 | INFO     | __main__:CV_run:269 - Input shape: torch.Size([1, 4296])
2025-04-11 13:13:07.642 | INFO     | __main__:CV_run:270 - label type: arch
2025-04-11 13:13:07.663 | INFO     | __main__:CV_run:285 - Starting fold 1
2025-04-11 13:13:49.221 | INFO     | __main__:train_and_evaluate:107 - Epoch 1, Loss: 15.4301
2025-04-11 13:13:50.049 | INFO     | __main__:train_and_evaluate:107 - Epoch 2, Loss: 5.1492
2025-04-11 13:13:50.877 | INFO     | __main__:train_and_evaluate:107 - Epoch 3, Loss: 5.0531
2025-04-11 13:13:51.706 | INFO     | __main__:train_and_evaluate:107 - Epoch 4, Loss: 4.8325
2025-04-11 13:13:52.533 | INFO     | __main__:train_and_evaluate:107 - Epoch 5, Loss: 4.4183
2025-04-11 13:13:53.360 | INFO     | __main__:train_and_evaluate:107 - Epoch 6, Loss: 3.6598
2025-04-11 13:13:54.185 | INFO     | __main__:train_and_evaluate:107 - Epoch 7, Loss: 2.8856
2025-04-11 13:13:55.013 | INFO     | __main__:train_and_evaluate:107 - Epoch 8, Loss: 2.3454
2025-04-11 13:13:55.839 | INFO     | __main__:train_and_evaluate:107 - Epoch 9, Loss: 1.9651
2025-04-11 13:13:56.666 | INFO     | __main__:train_and_evaluate:107 - Epoch 10, Loss: 1.7002
2025-04-11 13:13:56.914 | INFO     | __main__:eval:67 - Eval Loss: 1.7564
2025-04-11 13:13:56.924 | INFO     | __main__:train_and_evaluate:117 - Epoch 10, Eval Metrics: macro_recall: 0.56, macro_precision: 0.53, macro_f1: 0.51, accuracy: 0.57, micro_recall: 0.57, micro_precision: 0.57, micro_f1: 0.57
2025-04-11 13:13:57.750 | INFO     | __main__:train_and_evaluate:107 - Epoch 11, Loss: 1.5247
2025-04-11 13:13:58.577 | INFO     | __main__:train_and_evaluate:107 - Epoch 12, Loss: 1.3506
2025-04-11 13:13:59.403 | INFO     | __main__:train_and_evaluate:107 - Epoch 13, Loss: 1.2143
2025-04-11 13:14:00.229 | INFO     | __main__:train_and_evaluate:107 - Epoch 14, Loss: 1.1606
2025-04-11 13:14:01.063 | INFO     | __main__:train_and_evaluate:107 - Epoch 15, Loss: 1.0588
2025-04-11 13:14:01.892 | INFO     | __main__:train_and_evaluate:107 - Epoch 16, Loss: 0.9552
2025-04-11 13:14:02.718 | INFO     | __main__:train_and_evaluate:107 - Epoch 17, Loss: 0.9337
2025-04-11 13:14:03.546 | INFO     | __main__:train_and_evaluate:107 - Epoch 18, Loss: 0.8980
2025-04-11 13:14:04.373 | INFO     | __main__:train_and_evaluate:107 - Epoch 19, Loss: 0.8391
2025-04-11 13:14:05.198 | INFO     | __main__:train_and_evaluate:107 - Epoch 20, Loss: 0.8040
2025-04-11 13:14:05.281 | INFO     | __main__:eval:67 - Eval Loss: 1.4955
2025-04-11 13:14:05.290 | INFO     | __main__:train_and_evaluate:117 - Epoch 20, Eval Metrics: macro_recall: 0.60, macro_precision: 0.61, macro_f1: 0.58, accuracy: 0.65, micro_recall: 0.65, micro_precision: 0.65, micro_f1: 0.65
2025-04-11 13:14:06.116 | INFO     | __main__:train_and_evaluate:107 - Epoch 21, Loss: 0.7935
2025-04-11 13:14:06.944 | INFO     | __main__:train_and_evaluate:107 - Epoch 22, Loss: 0.7730
2025-04-11 13:14:07.771 | INFO     | __main__:train_and_evaluate:107 - Epoch 23, Loss: 0.7543
2025-04-11 13:14:08.598 | INFO     | __main__:train_and_evaluate:107 - Epoch 24, Loss: 0.7375
2025-04-11 13:14:09.426 | INFO     | __main__:train_and_evaluate:107 - Epoch 25, Loss: 0.7528
2025-04-11 13:14:10.253 | INFO     | __main__:train_and_evaluate:107 - Epoch 26, Loss: 0.7085
2025-04-11 13:14:11.085 | INFO     | __main__:train_and_evaluate:107 - Epoch 27, Loss: 0.6903
2025-04-11 13:14:11.918 | INFO     | __main__:train_and_evaluate:107 - Epoch 28, Loss: 0.6809
2025-04-11 13:14:12.748 | INFO     | __main__:train_and_evaluate:107 - Epoch 29, Loss: 0.6626
2025-04-11 13:14:13.575 | INFO     | __main__:train_and_evaluate:107 - Epoch 30, Loss: 0.6602
2025-04-11 13:14:13.657 | INFO     | __main__:eval:67 - Eval Loss: 1.5076
2025-04-11 13:14:13.665 | INFO     | __main__:train_and_evaluate:117 - Epoch 30, Eval Metrics: macro_recall: 0.61, macro_precision: 0.61, macro_f1: 0.58, accuracy: 0.65, micro_recall: 0.65, micro_precision: 0.65, micro_f1: 0.65
2025-04-11 13:14:14.495 | INFO     | __main__:train_and_evaluate:107 - Epoch 31, Loss: 0.6220
2025-04-11 13:14:15.323 | INFO     | __main__:train_and_evaluate:107 - Epoch 32, Loss: 0.6241
2025-04-11 13:14:16.151 | INFO     | __main__:train_and_evaluate:107 - Epoch 33, Loss: 0.6085
2025-04-11 13:14:16.980 | INFO     | __main__:train_and_evaluate:107 - Epoch 34, Loss: 0.6099
2025-04-11 13:14:17.809 | INFO     | __main__:train_and_evaluate:107 - Epoch 35, Loss: 0.5986
2025-04-11 13:14:18.638 | INFO     | __main__:train_and_evaluate:107 - Epoch 36, Loss: 0.5823
2025-04-11 13:14:19.467 | INFO     | __main__:train_and_evaluate:107 - Epoch 37, Loss: 0.5900
2025-04-11 13:14:20.295 | INFO     | __main__:train_and_evaluate:107 - Epoch 38, Loss: 0.5862
2025-04-11 13:14:21.126 | INFO     | __main__:train_and_evaluate:107 - Epoch 39, Loss: 0.5856
2025-04-11 13:14:21.954 | INFO     | __main__:train_and_evaluate:107 - Epoch 40, Loss: 0.5766
2025-04-11 13:14:22.034 | INFO     | __main__:eval:67 - Eval Loss: 1.5933
2025-04-11 13:14:22.043 | INFO     | __main__:train_and_evaluate:117 - Epoch 40, Eval Metrics: macro_recall: 0.61, macro_precision: 0.62, macro_f1: 0.58, accuracy: 0.65, micro_recall: 0.65, micro_precision: 0.65, micro_f1: 0.65
2025-04-11 13:14:22.872 | INFO     | __main__:train_and_evaluate:107 - Epoch 41, Loss: 0.5863
2025-04-11 13:14:23.703 | INFO     | __main__:train_and_evaluate:107 - Epoch 42, Loss: 0.5740
2025-04-11 13:14:24.538 | INFO     | __main__:train_and_evaluate:107 - Epoch 43, Loss: 0.5799
2025-04-11 13:14:25.374 | INFO     | __main__:train_and_evaluate:107 - Epoch 44, Loss: 0.5801
2025-04-11 13:14:26.205 | INFO     | __main__:train_and_evaluate:107 - Epoch 45, Loss: 0.5629
2025-04-11 13:14:27.035 | INFO     | __main__:train_and_evaluate:107 - Epoch 46, Loss: 0.5745
2025-04-11 13:14:27.868 | INFO     | __main__:train_and_evaluate:107 - Epoch 47, Loss: 0.5722
2025-04-11 13:14:28.701 | INFO     | __main__:train_and_evaluate:107 - Epoch 48, Loss: 0.5703
2025-04-11 13:14:29.529 | INFO     | __main__:train_and_evaluate:107 - Epoch 49, Loss: 0.5740
2025-04-11 13:14:30.358 | INFO     | __main__:train_and_evaluate:107 - Epoch 50, Loss: 0.5663
2025-04-11 13:14:30.440 | INFO     | __main__:eval:67 - Eval Loss: 1.6031
2025-04-11 13:14:30.448 | INFO     | __main__:train_and_evaluate:117 - Epoch 50, Eval Metrics: macro_recall: 0.61, macro_precision: 0.61, macro_f1: 0.58, accuracy: 0.65, micro_recall: 0.65, micro_precision: 0.65, micro_f1: 0.65
2025-04-11 13:14:30.448 | INFO     | __main__:CV_run:319 - Fold 1, Final Eval Metrics: macro_recall: 0.61, macro_precision: 0.61, macro_f1: 0.58, accuracy: 0.65, micro_recall: 0.65, micro_precision: 0.65, micro_f1: 0.65
2025-04-11 13:14:30.448 | INFO     | __main__:CV_run:285 - Starting fold 2
2025-04-11 13:14:31.909 | INFO     | __main__:train_and_evaluate:107 - Epoch 1, Loss: 14.0676
2025-04-11 13:14:32.739 | INFO     | __main__:train_and_evaluate:107 - Epoch 2, Loss: 5.1395
2025-04-11 13:14:33.566 | INFO     | __main__:train_and_evaluate:107 - Epoch 3, Loss: 5.0698
2025-04-11 13:14:34.393 | INFO     | __main__:train_and_evaluate:107 - Epoch 4, Loss: 4.8559
2025-04-11 13:14:35.221 | INFO     | __main__:train_and_evaluate:107 - Epoch 5, Loss: 4.3610
2025-04-11 13:14:36.047 | INFO     | __main__:train_and_evaluate:107 - Epoch 6, Loss: 3.5487
2025-04-11 13:14:36.876 | INFO     | __main__:train_and_evaluate:107 - Epoch 7, Loss: 2.7088
2025-04-11 13:14:37.704 | INFO     | __main__:train_and_evaluate:107 - Epoch 8, Loss: 2.1342
2025-04-11 13:14:38.531 | INFO     | __main__:train_and_evaluate:107 - Epoch 9, Loss: 1.7235
2025-04-11 13:14:39.359 | INFO     | __main__:train_and_evaluate:107 - Epoch 10, Loss: 1.4624
2025-04-11 13:14:39.441 | INFO     | __main__:eval:67 - Eval Loss: 1.4403
2025-04-11 13:14:39.450 | INFO     | __main__:train_and_evaluate:117 - Epoch 10, Eval Metrics: macro_recall: 0.61, macro_precision: 0.60, macro_f1: 0.58, accuracy: 0.62, micro_recall: 0.62, micro_precision: 0.62, micro_f1: 0.62
2025-04-11 13:14:40.279 | INFO     | __main__:train_and_evaluate:107 - Epoch 11, Loss: 1.3161
2025-04-11 13:14:41.107 | INFO     | __main__:train_and_evaluate:107 - Epoch 12, Loss: 1.1849
2025-04-11 13:14:41.948 | INFO     | __main__:train_and_evaluate:107 - Epoch 13, Loss: 1.0478
2025-04-11 13:14:42.780 | INFO     | __main__:train_and_evaluate:107 - Epoch 14, Loss: 0.9716
2025-04-11 13:14:43.606 | INFO     | __main__:train_and_evaluate:107 - Epoch 15, Loss: 0.9387
2025-04-11 13:14:44.433 | INFO     | __main__:train_and_evaluate:107 - Epoch 16, Loss: 0.8726
2025-04-11 13:14:45.261 | INFO     | __main__:train_and_evaluate:107 - Epoch 17, Loss: 0.8357
2025-04-11 13:14:46.088 | INFO     | __main__:train_and_evaluate:107 - Epoch 18, Loss: 0.8121
2025-04-11 13:14:46.917 | INFO     | __main__:train_and_evaluate:107 - Epoch 19, Loss: 0.7787
2025-04-11 13:14:47.744 | INFO     | __main__:train_and_evaluate:107 - Epoch 20, Loss: 0.7488
2025-04-11 13:14:47.825 | INFO     | __main__:eval:67 - Eval Loss: 1.3042
2025-04-11 13:14:47.833 | INFO     | __main__:train_and_evaluate:117 - Epoch 20, Eval Metrics: macro_recall: 0.69, macro_precision: 0.68, macro_f1: 0.66, accuracy: 0.68, micro_recall: 0.68, micro_precision: 0.68, micro_f1: 0.68
2025-04-11 13:14:48.662 | INFO     | __main__:train_and_evaluate:107 - Epoch 21, Loss: 0.7179
2025-04-11 13:14:49.488 | INFO     | __main__:train_and_evaluate:107 - Epoch 22, Loss: 0.7101
2025-04-11 13:14:50.316 | INFO     | __main__:train_and_evaluate:107 - Epoch 23, Loss: 0.6946
2025-04-11 13:14:51.143 | INFO     | __main__:train_and_evaluate:107 - Epoch 24, Loss: 0.6997
2025-04-11 13:14:51.972 | INFO     | __main__:train_and_evaluate:107 - Epoch 25, Loss: 0.6740
2025-04-11 13:14:52.799 | INFO     | __main__:train_and_evaluate:107 - Epoch 26, Loss: 0.6704
2025-04-11 13:14:53.626 | INFO     | __main__:train_and_evaluate:107 - Epoch 27, Loss: 0.6800
2025-04-11 13:14:54.455 | INFO     | __main__:train_and_evaluate:107 - Epoch 28, Loss: 0.6454
2025-04-11 13:14:55.282 | INFO     | __main__:train_and_evaluate:107 - Epoch 29, Loss: 0.6429
2025-04-11 13:14:56.110 | INFO     | __main__:train_and_evaluate:107 - Epoch 30, Loss: 0.6221
2025-04-11 13:14:56.189 | INFO     | __main__:eval:67 - Eval Loss: 1.3606
2025-04-11 13:14:56.198 | INFO     | __main__:train_and_evaluate:117 - Epoch 30, Eval Metrics: macro_recall: 0.68, macro_precision: 0.68, macro_f1: 0.65, accuracy: 0.68, micro_recall: 0.68, micro_precision: 0.68, micro_f1: 0.68
2025-04-11 13:14:57.026 | INFO     | __main__:train_and_evaluate:107 - Epoch 31, Loss: 0.6077
2025-04-11 13:14:57.855 | INFO     | __main__:train_and_evaluate:107 - Epoch 32, Loss: 0.5852
2025-04-11 13:14:58.682 | INFO     | __main__:train_and_evaluate:107 - Epoch 33, Loss: 0.5834
2025-04-11 13:14:59.510 | INFO     | __main__:train_and_evaluate:107 - Epoch 34, Loss: 0.5722
2025-04-11 13:15:00.337 | INFO     | __main__:train_and_evaluate:107 - Epoch 35, Loss: 0.5653
2025-04-11 13:15:01.164 | INFO     | __main__:train_and_evaluate:107 - Epoch 36, Loss: 0.5658
2025-04-11 13:15:01.993 | INFO     | __main__:train_and_evaluate:107 - Epoch 37, Loss: 0.5664
2025-04-11 13:15:02.820 | INFO     | __main__:train_and_evaluate:107 - Epoch 38, Loss: 0.5649
2025-04-11 13:15:03.648 | INFO     | __main__:train_and_evaluate:107 - Epoch 39, Loss: 0.5668
2025-04-11 13:15:04.479 | INFO     | __main__:train_and_evaluate:107 - Epoch 40, Loss: 0.5603
2025-04-11 13:15:04.562 | INFO     | __main__:eval:67 - Eval Loss: 1.3814
2025-04-11 13:15:04.570 | INFO     | __main__:train_and_evaluate:117 - Epoch 40, Eval Metrics: macro_recall: 0.68, macro_precision: 0.67, macro_f1: 0.65, accuracy: 0.68, micro_recall: 0.68, micro_precision: 0.68, micro_f1: 0.68
2025-04-11 13:15:05.405 | INFO     | __main__:train_and_evaluate:107 - Epoch 41, Loss: 0.5606
2025-04-11 13:15:06.234 | INFO     | __main__:train_and_evaluate:107 - Epoch 42, Loss: 0.5587
2025-04-11 13:15:07.062 | INFO     | __main__:train_and_evaluate:107 - Epoch 43, Loss: 0.5615
2025-04-11 13:15:07.893 | INFO     | __main__:train_and_evaluate:107 - Epoch 44, Loss: 0.5532
2025-04-11 13:15:08.722 | INFO     | __main__:train_and_evaluate:107 - Epoch 45, Loss: 0.5612
2025-04-11 13:15:09.552 | INFO     | __main__:train_and_evaluate:107 - Epoch 46, Loss: 0.5528
2025-04-11 13:15:10.382 | INFO     | __main__:train_and_evaluate:107 - Epoch 47, Loss: 0.5498
2025-04-11 13:15:11.212 | INFO     | __main__:train_and_evaluate:107 - Epoch 48, Loss: 0.5402
2025-04-11 13:15:12.042 | INFO     | __main__:train_and_evaluate:107 - Epoch 49, Loss: 0.5594
2025-04-11 13:15:12.873 | INFO     | __main__:train_and_evaluate:107 - Epoch 50, Loss: 0.5347
2025-04-11 13:15:12.952 | INFO     | __main__:eval:67 - Eval Loss: 1.3909
2025-04-11 13:15:12.960 | INFO     | __main__:train_and_evaluate:117 - Epoch 50, Eval Metrics: macro_recall: 0.69, macro_precision: 0.68, macro_f1: 0.66, accuracy: 0.68, micro_recall: 0.68, micro_precision: 0.68, micro_f1: 0.68
2025-04-11 13:15:12.960 | INFO     | __main__:CV_run:319 - Fold 2, Final Eval Metrics: macro_recall: 0.69, macro_precision: 0.68, macro_f1: 0.66, accuracy: 0.68, micro_recall: 0.68, micro_precision: 0.68, micro_f1: 0.68
2025-04-11 13:15:12.960 | INFO     | __main__:CV_run:285 - Starting fold 3
2025-04-11 13:15:14.421 | INFO     | __main__:train_and_evaluate:107 - Epoch 1, Loss: 14.9011
2025-04-11 13:15:15.252 | INFO     | __main__:train_and_evaluate:107 - Epoch 2, Loss: 5.1684
2025-04-11 13:15:16.083 | INFO     | __main__:train_and_evaluate:107 - Epoch 3, Loss: 5.0799
2025-04-11 13:15:16.913 | INFO     | __main__:train_and_evaluate:107 - Epoch 4, Loss: 4.8555
2025-04-11 13:15:17.743 | INFO     | __main__:train_and_evaluate:107 - Epoch 5, Loss: 4.4179
2025-04-11 13:15:18.573 | INFO     | __main__:train_and_evaluate:107 - Epoch 6, Loss: 3.7073
2025-04-11 13:15:19.403 | INFO     | __main__:train_and_evaluate:107 - Epoch 7, Loss: 2.9993
2025-04-11 13:15:20.233 | INFO     | __main__:train_and_evaluate:107 - Epoch 8, Loss: 2.4520
2025-04-11 13:15:21.064 | INFO     | __main__:train_and_evaluate:107 - Epoch 9, Loss: 2.0480
2025-04-11 13:15:21.893 | INFO     | __main__:train_and_evaluate:107 - Epoch 10, Loss: 1.7822
2025-04-11 13:15:21.972 | INFO     | __main__:eval:67 - Eval Loss: 1.7124
2025-04-11 13:15:21.980 | INFO     | __main__:train_and_evaluate:117 - Epoch 10, Eval Metrics: macro_recall: 0.57, macro_precision: 0.56, macro_f1: 0.52, accuracy: 0.56, micro_recall: 0.56, micro_precision: 0.56, micro_f1: 0.56
2025-04-11 13:15:22.810 | INFO     | __main__:train_and_evaluate:107 - Epoch 11, Loss: 1.5771
2025-04-11 13:15:23.638 | INFO     | __main__:train_and_evaluate:107 - Epoch 12, Loss: 1.4274
2025-04-11 13:15:24.469 | INFO     | __main__:train_and_evaluate:107 - Epoch 13, Loss: 1.2873
2025-04-11 13:15:25.299 | INFO     | __main__:train_and_evaluate:107 - Epoch 14, Loss: 1.1872
2025-04-11 13:15:26.128 | INFO     | __main__:train_and_evaluate:107 - Epoch 15, Loss: 1.0958
2025-04-11 13:15:26.956 | INFO     | __main__:train_and_evaluate:107 - Epoch 16, Loss: 1.0555
2025-04-11 13:15:27.786 | INFO     | __main__:train_and_evaluate:107 - Epoch 17, Loss: 0.9742
2025-04-11 13:15:28.614 | INFO     | __main__:train_and_evaluate:107 - Epoch 18, Loss: 0.9345
2025-04-11 13:15:29.444 | INFO     | __main__:train_and_evaluate:107 - Epoch 19, Loss: 0.8870
2025-04-11 13:15:30.274 | INFO     | __main__:train_and_evaluate:107 - Epoch 20, Loss: 0.8668
2025-04-11 13:15:30.353 | INFO     | __main__:eval:67 - Eval Loss: 1.4144
2025-04-11 13:15:30.361 | INFO     | __main__:train_and_evaluate:117 - Epoch 20, Eval Metrics: macro_recall: 0.65, macro_precision: 0.67, macro_f1: 0.62, accuracy: 0.63, micro_recall: 0.63, micro_precision: 0.63, micro_f1: 0.63
2025-04-11 13:15:31.190 | INFO     | __main__:train_and_evaluate:107 - Epoch 21, Loss: 0.8474
2025-04-11 13:15:32.020 | INFO     | __main__:train_and_evaluate:107 - Epoch 22, Loss: 0.8212
2025-04-11 13:15:32.848 | INFO     | __main__:train_and_evaluate:107 - Epoch 23, Loss: 0.7741
2025-04-11 13:15:33.679 | INFO     | __main__:train_and_evaluate:107 - Epoch 24, Loss: 0.7640
2025-04-11 13:15:34.518 | INFO     | __main__:train_and_evaluate:107 - Epoch 25, Loss: 0.7402
2025-04-11 13:15:35.347 | INFO     | __main__:train_and_evaluate:107 - Epoch 26, Loss: 0.7194
2025-04-11 13:15:36.177 | INFO     | __main__:train_and_evaluate:107 - Epoch 27, Loss: 0.7221
2025-04-11 13:15:37.006 | INFO     | __main__:train_and_evaluate:107 - Epoch 28, Loss: 0.7041
2025-04-11 13:15:37.834 | INFO     | __main__:train_and_evaluate:107 - Epoch 29, Loss: 0.7161
2025-04-11 13:15:38.663 | INFO     | __main__:train_and_evaluate:107 - Epoch 30, Loss: 0.6841
2025-04-11 13:15:38.744 | INFO     | __main__:eval:67 - Eval Loss: 1.4191
2025-04-11 13:15:38.752 | INFO     | __main__:train_and_evaluate:117 - Epoch 30, Eval Metrics: macro_recall: 0.65, macro_precision: 0.64, macro_f1: 0.61, accuracy: 0.63, micro_recall: 0.63, micro_precision: 0.63, micro_f1: 0.63
2025-04-11 13:15:39.582 | INFO     | __main__:train_and_evaluate:107 - Epoch 31, Loss: 0.6506
2025-04-11 13:15:40.411 | INFO     | __main__:train_and_evaluate:107 - Epoch 32, Loss: 0.6341
2025-04-11 13:15:41.242 | INFO     | __main__:train_and_evaluate:107 - Epoch 33, Loss: 0.6271
2025-04-11 13:15:42.071 | INFO     | __main__:train_and_evaluate:107 - Epoch 34, Loss: 0.6212
2025-04-11 13:15:42.901 | INFO     | __main__:train_and_evaluate:107 - Epoch 35, Loss: 0.6065
2025-04-11 13:15:43.729 | INFO     | __main__:train_and_evaluate:107 - Epoch 36, Loss: 0.6013
2025-04-11 13:15:44.559 | INFO     | __main__:train_and_evaluate:107 - Epoch 37, Loss: 0.6058
2025-04-11 13:15:45.387 | INFO     | __main__:train_and_evaluate:107 - Epoch 38, Loss: 0.6000
2025-04-11 13:15:46.217 | INFO     | __main__:train_and_evaluate:107 - Epoch 39, Loss: 0.5914
2025-04-11 13:15:47.047 | INFO     | __main__:train_and_evaluate:107 - Epoch 40, Loss: 0.5966
2025-04-11 13:15:47.126 | INFO     | __main__:eval:67 - Eval Loss: 1.4550
2025-04-11 13:15:47.134 | INFO     | __main__:train_and_evaluate:117 - Epoch 40, Eval Metrics: macro_recall: 0.66, macro_precision: 0.66, macro_f1: 0.63, accuracy: 0.64, micro_recall: 0.64, micro_precision: 0.64, micro_f1: 0.64
2025-04-11 13:15:47.964 | INFO     | __main__:train_and_evaluate:107 - Epoch 41, Loss: 0.5783
2025-04-11 13:15:48.794 | INFO     | __main__:train_and_evaluate:107 - Epoch 42, Loss: 0.5828
2025-04-11 13:15:49.625 | INFO     | __main__:train_and_evaluate:107 - Epoch 43, Loss: 0.5901
2025-04-11 13:15:50.458 | INFO     | __main__:train_and_evaluate:107 - Epoch 44, Loss: 0.5749
2025-04-11 13:15:51.290 | INFO     | __main__:train_and_evaluate:107 - Epoch 45, Loss: 0.5885
2025-04-11 13:15:52.122 | INFO     | __main__:train_and_evaluate:107 - Epoch 46, Loss: 0.5742
2025-04-11 13:15:52.953 | INFO     | __main__:train_and_evaluate:107 - Epoch 47, Loss: 0.5841
2025-04-11 13:15:53.784 | INFO     | __main__:train_and_evaluate:107 - Epoch 48, Loss: 0.5631
2025-04-11 13:15:54.616 | INFO     | __main__:train_and_evaluate:107 - Epoch 49, Loss: 0.5764
2025-04-11 13:15:55.447 | INFO     | __main__:train_and_evaluate:107 - Epoch 50, Loss: 0.5744
2025-04-11 13:15:55.526 | INFO     | __main__:eval:67 - Eval Loss: 1.4559
2025-04-11 13:15:55.535 | INFO     | __main__:train_and_evaluate:117 - Epoch 50, Eval Metrics: macro_recall: 0.67, macro_precision: 0.67, macro_f1: 0.63, accuracy: 0.65, micro_recall: 0.65, micro_precision: 0.65, micro_f1: 0.65
2025-04-11 13:15:55.535 | INFO     | __main__:CV_run:319 - Fold 3, Final Eval Metrics: macro_recall: 0.67, macro_precision: 0.67, macro_f1: 0.63, accuracy: 0.65, micro_recall: 0.65, micro_precision: 0.65, micro_f1: 0.65
2025-04-11 13:15:55.535 | INFO     | __main__:CV_run:285 - Starting fold 4
2025-04-11 13:15:56.998 | INFO     | __main__:train_and_evaluate:107 - Epoch 1, Loss: 11.2861
2025-04-11 13:15:57.830 | INFO     | __main__:train_and_evaluate:107 - Epoch 2, Loss: 5.1540
2025-04-11 13:15:58.660 | INFO     | __main__:train_and_evaluate:107 - Epoch 3, Loss: 5.0339
2025-04-11 13:15:59.492 | INFO     | __main__:train_and_evaluate:107 - Epoch 4, Loss: 4.7927
2025-04-11 13:16:00.322 | INFO     | __main__:train_and_evaluate:107 - Epoch 5, Loss: 4.2715
2025-04-11 13:16:01.153 | INFO     | __main__:train_and_evaluate:107 - Epoch 6, Loss: 3.5014
2025-04-11 13:16:01.984 | INFO     | __main__:train_and_evaluate:107 - Epoch 7, Loss: 2.8153
2025-04-11 13:16:02.816 | INFO     | __main__:train_and_evaluate:107 - Epoch 8, Loss: 2.2804
2025-04-11 13:16:03.647 | INFO     | __main__:train_and_evaluate:107 - Epoch 9, Loss: 1.8858
2025-04-11 13:16:04.479 | INFO     | __main__:train_and_evaluate:107 - Epoch 10, Loss: 1.6070
2025-04-11 13:16:04.558 | INFO     | __main__:eval:67 - Eval Loss: 1.4608
2025-04-11 13:16:04.567 | INFO     | __main__:train_and_evaluate:117 - Epoch 10, Eval Metrics: macro_recall: 0.59, macro_precision: 0.58, macro_f1: 0.56, accuracy: 0.60, micro_recall: 0.60, micro_precision: 0.60, micro_f1: 0.60
2025-04-11 13:16:05.398 | INFO     | __main__:train_and_evaluate:107 - Epoch 11, Loss: 1.3878
2025-04-11 13:16:06.229 | INFO     | __main__:train_and_evaluate:107 - Epoch 12, Loss: 1.2470
2025-04-11 13:16:07.060 | INFO     | __main__:train_and_evaluate:107 - Epoch 13, Loss: 1.1548
2025-04-11 13:16:07.892 | INFO     | __main__:train_and_evaluate:107 - Epoch 14, Loss: 1.0711
2025-04-11 13:16:08.722 | INFO     | __main__:train_and_evaluate:107 - Epoch 15, Loss: 1.0025
2025-04-11 13:16:09.552 | INFO     | __main__:train_and_evaluate:107 - Epoch 16, Loss: 0.9440
2025-04-11 13:16:10.382 | INFO     | __main__:train_and_evaluate:107 - Epoch 17, Loss: 0.8915
2025-04-11 13:16:11.213 | INFO     | __main__:train_and_evaluate:107 - Epoch 18, Loss: 0.8919
2025-04-11 13:16:12.046 | INFO     | __main__:train_and_evaluate:107 - Epoch 19, Loss: 0.8524
2025-04-11 13:16:12.884 | INFO     | __main__:train_and_evaluate:107 - Epoch 20, Loss: 0.7882
2025-04-11 13:16:12.966 | INFO     | __main__:eval:67 - Eval Loss: 1.2860
2025-04-11 13:16:12.974 | INFO     | __main__:train_and_evaluate:117 - Epoch 20, Eval Metrics: macro_recall: 0.65, macro_precision: 0.65, macro_f1: 0.62, accuracy: 0.66, micro_recall: 0.66, micro_precision: 0.66, micro_f1: 0.66
2025-04-11 13:16:13.805 | INFO     | __main__:train_and_evaluate:107 - Epoch 21, Loss: 0.7910
2025-04-11 13:16:14.636 | INFO     | __main__:train_and_evaluate:107 - Epoch 22, Loss: 0.7520
2025-04-11 13:16:15.467 | INFO     | __main__:train_and_evaluate:107 - Epoch 23, Loss: 0.7156
2025-04-11 13:16:16.297 | INFO     | __main__:train_and_evaluate:107 - Epoch 24, Loss: 0.7145
2025-04-11 13:16:17.128 | INFO     | __main__:train_and_evaluate:107 - Epoch 25, Loss: 0.7248
2025-04-11 13:16:17.958 | INFO     | __main__:train_and_evaluate:107 - Epoch 26, Loss: 0.6868
2025-04-11 13:16:18.789 | INFO     | __main__:train_and_evaluate:107 - Epoch 27, Loss: 0.7045
2025-04-11 13:16:19.619 | INFO     | __main__:train_and_evaluate:107 - Epoch 28, Loss: 0.6722
2025-04-11 13:16:20.450 | INFO     | __main__:train_and_evaluate:107 - Epoch 29, Loss: 0.6585
2025-04-11 13:16:21.280 | INFO     | __main__:train_and_evaluate:107 - Epoch 30, Loss: 0.6571
2025-04-11 13:16:21.360 | INFO     | __main__:eval:67 - Eval Loss: 1.3104
2025-04-11 13:16:21.368 | INFO     | __main__:train_and_evaluate:117 - Epoch 30, Eval Metrics: macro_recall: 0.65, macro_precision: 0.65, macro_f1: 0.62, accuracy: 0.66, micro_recall: 0.66, micro_precision: 0.66, micro_f1: 0.66
2025-04-11 13:16:22.199 | INFO     | __main__:train_and_evaluate:107 - Epoch 31, Loss: 0.6351
2025-04-11 13:16:23.031 | INFO     | __main__:train_and_evaluate:107 - Epoch 32, Loss: 0.6004
2025-04-11 13:16:23.862 | INFO     | __main__:train_and_evaluate:107 - Epoch 33, Loss: 0.6062
2025-04-11 13:16:24.693 | INFO     | __main__:train_and_evaluate:107 - Epoch 34, Loss: 0.5914
2025-04-11 13:16:25.525 | INFO     | __main__:train_and_evaluate:107 - Epoch 35, Loss: 0.6034
2025-04-11 13:16:26.356 | INFO     | __main__:train_and_evaluate:107 - Epoch 36, Loss: 0.5781
2025-04-11 13:16:27.187 | INFO     | __main__:train_and_evaluate:107 - Epoch 37, Loss: 0.5669
2025-04-11 13:16:28.018 | INFO     | __main__:train_and_evaluate:107 - Epoch 38, Loss: 0.5772
2025-04-11 13:16:28.849 | INFO     | __main__:train_and_evaluate:107 - Epoch 39, Loss: 0.5728
2025-04-11 13:16:29.680 | INFO     | __main__:train_and_evaluate:107 - Epoch 40, Loss: 0.5688
2025-04-11 13:16:29.759 | INFO     | __main__:eval:67 - Eval Loss: 1.3823
2025-04-11 13:16:29.767 | INFO     | __main__:train_and_evaluate:117 - Epoch 40, Eval Metrics: macro_recall: 0.64, macro_precision: 0.65, macro_f1: 0.61, accuracy: 0.65, micro_recall: 0.65, micro_precision: 0.65, micro_f1: 0.65
2025-04-11 13:16:30.599 | INFO     | __main__:train_and_evaluate:107 - Epoch 41, Loss: 0.5610
2025-04-11 13:16:31.431 | INFO     | __main__:train_and_evaluate:107 - Epoch 42, Loss: 0.5656
2025-04-11 13:16:32.263 | INFO     | __main__:train_and_evaluate:107 - Epoch 43, Loss: 0.5650
2025-04-11 13:16:33.095 | INFO     | __main__:train_and_evaluate:107 - Epoch 44, Loss: 0.5658
2025-04-11 13:16:33.928 | INFO     | __main__:train_and_evaluate:107 - Epoch 45, Loss: 0.5551
2025-04-11 13:16:34.761 | INFO     | __main__:train_and_evaluate:107 - Epoch 46, Loss: 0.5453
2025-04-11 13:16:35.593 | INFO     | __main__:train_and_evaluate:107 - Epoch 47, Loss: 0.5665
2025-04-11 13:16:36.426 | INFO     | __main__:train_and_evaluate:107 - Epoch 48, Loss: 0.5536
2025-04-11 13:16:37.260 | INFO     | __main__:train_and_evaluate:107 - Epoch 49, Loss: 0.5604
2025-04-11 13:16:38.092 | INFO     | __main__:train_and_evaluate:107 - Epoch 50, Loss: 0.5522
2025-04-11 13:16:38.171 | INFO     | __main__:eval:67 - Eval Loss: 1.4099
2025-04-11 13:16:38.180 | INFO     | __main__:train_and_evaluate:117 - Epoch 50, Eval Metrics: macro_recall: 0.65, macro_precision: 0.65, macro_f1: 0.62, accuracy: 0.65, micro_recall: 0.65, micro_precision: 0.65, micro_f1: 0.65
2025-04-11 13:16:38.180 | INFO     | __main__:CV_run:319 - Fold 4, Final Eval Metrics: macro_recall: 0.65, macro_precision: 0.65, macro_f1: 0.62, accuracy: 0.65, micro_recall: 0.65, micro_precision: 0.65, micro_f1: 0.65
2025-04-11 13:16:38.180 | INFO     | __main__:CV_run:285 - Starting fold 5
2025-04-11 13:16:39.644 | INFO     | __main__:train_and_evaluate:107 - Epoch 1, Loss: 12.8438
2025-04-11 13:16:40.478 | INFO     | __main__:train_and_evaluate:107 - Epoch 2, Loss: 5.1330
2025-04-11 13:16:41.311 | INFO     | __main__:train_and_evaluate:107 - Epoch 3, Loss: 4.9386
2025-04-11 13:16:42.144 | INFO     | __main__:train_and_evaluate:107 - Epoch 4, Loss: 4.4137
2025-04-11 13:16:42.978 | INFO     | __main__:train_and_evaluate:107 - Epoch 5, Loss: 3.5466
2025-04-11 13:16:43.810 | INFO     | __main__:train_and_evaluate:107 - Epoch 6, Loss: 2.8140
2025-04-11 13:16:44.644 | INFO     | __main__:train_and_evaluate:107 - Epoch 7, Loss: 2.1824
2025-04-11 13:16:45.476 | INFO     | __main__:train_and_evaluate:107 - Epoch 8, Loss: 1.8358
2025-04-11 13:16:46.311 | INFO     | __main__:train_and_evaluate:107 - Epoch 9, Loss: 1.5512
2025-04-11 13:16:47.144 | INFO     | __main__:train_and_evaluate:107 - Epoch 10, Loss: 1.3359
2025-04-11 13:16:47.223 | INFO     | __main__:eval:67 - Eval Loss: 1.5180
2025-04-11 13:16:47.232 | INFO     | __main__:train_and_evaluate:117 - Epoch 10, Eval Metrics: macro_recall: 0.57, macro_precision: 0.57, macro_f1: 0.54, accuracy: 0.61, micro_recall: 0.61, micro_precision: 0.61, micro_f1: 0.61
2025-04-11 13:16:48.064 | INFO     | __main__:train_and_evaluate:107 - Epoch 11, Loss: 1.2243
2025-04-11 13:16:48.899 | INFO     | __main__:train_and_evaluate:107 - Epoch 12, Loss: 1.1162
2025-04-11 13:16:49.730 | INFO     | __main__:train_and_evaluate:107 - Epoch 13, Loss: 1.0174
2025-04-11 13:16:50.563 | INFO     | __main__:train_and_evaluate:107 - Epoch 14, Loss: 0.9467
2025-04-11 13:16:51.395 | INFO     | __main__:train_and_evaluate:107 - Epoch 15, Loss: 0.8953
2025-04-11 13:16:52.226 | INFO     | __main__:train_and_evaluate:107 - Epoch 16, Loss: 0.8682
2025-04-11 13:16:53.058 | INFO     | __main__:train_and_evaluate:107 - Epoch 17, Loss: 0.8269
2025-04-11 13:16:53.890 | INFO     | __main__:train_and_evaluate:107 - Epoch 18, Loss: 0.7901
2025-04-11 13:16:54.723 | INFO     | __main__:train_and_evaluate:107 - Epoch 19, Loss: 0.7737
2025-04-11 13:16:55.555 | INFO     | __main__:train_and_evaluate:107 - Epoch 20, Loss: 0.7311
2025-04-11 13:16:55.634 | INFO     | __main__:eval:67 - Eval Loss: 1.3790
2025-04-11 13:16:55.642 | INFO     | __main__:train_and_evaluate:117 - Epoch 20, Eval Metrics: macro_recall: 0.64, macro_precision: 0.64, macro_f1: 0.61, accuracy: 0.66, micro_recall: 0.66, micro_precision: 0.66, micro_f1: 0.66
2025-04-11 13:16:56.473 | INFO     | __main__:train_and_evaluate:107 - Epoch 21, Loss: 0.7284
2025-04-11 13:16:57.304 | INFO     | __main__:train_and_evaluate:107 - Epoch 22, Loss: 0.7053
2025-04-11 13:16:58.140 | INFO     | __main__:train_and_evaluate:107 - Epoch 23, Loss: 0.6909
2025-04-11 13:16:58.978 | INFO     | __main__:train_and_evaluate:107 - Epoch 24, Loss: 0.6843
2025-04-11 13:16:59.808 | INFO     | __main__:train_and_evaluate:107 - Epoch 25, Loss: 0.6579
2025-04-11 13:17:00.640 | INFO     | __main__:train_and_evaluate:107 - Epoch 26, Loss: 0.6540
2025-04-11 13:17:01.474 | INFO     | __main__:train_and_evaluate:107 - Epoch 27, Loss: 0.6694
2025-04-11 13:17:02.306 | INFO     | __main__:train_and_evaluate:107 - Epoch 28, Loss: 0.6545
2025-04-11 13:17:03.138 | INFO     | __main__:train_and_evaluate:107 - Epoch 29, Loss: 0.6593
2025-04-11 13:17:03.969 | INFO     | __main__:train_and_evaluate:107 - Epoch 30, Loss: 0.6525
2025-04-11 13:17:04.051 | INFO     | __main__:eval:67 - Eval Loss: 1.4348
2025-04-11 13:17:04.059 | INFO     | __main__:train_and_evaluate:117 - Epoch 30, Eval Metrics: macro_recall: 0.63, macro_precision: 0.62, macro_f1: 0.60, accuracy: 0.66, micro_recall: 0.66, micro_precision: 0.66, micro_f1: 0.66
2025-04-11 13:17:04.891 | INFO     | __main__:train_and_evaluate:107 - Epoch 31, Loss: 0.6004
2025-04-11 13:17:05.723 | INFO     | __main__:train_and_evaluate:107 - Epoch 32, Loss: 0.5905
2025-04-11 13:17:06.556 | INFO     | __main__:train_and_evaluate:107 - Epoch 33, Loss: 0.6031
2025-04-11 13:17:07.388 | INFO     | __main__:train_and_evaluate:107 - Epoch 34, Loss: 0.5939
2025-04-11 13:17:08.221 | INFO     | __main__:train_and_evaluate:107 - Epoch 35, Loss: 0.5864
2025-04-11 13:17:09.053 | INFO     | __main__:train_and_evaluate:107 - Epoch 36, Loss: 0.5820
2025-04-11 13:17:09.885 | INFO     | __main__:train_and_evaluate:107 - Epoch 37, Loss: 0.5888
2025-04-11 13:17:10.718 | INFO     | __main__:train_and_evaluate:107 - Epoch 38, Loss: 0.5737
2025-04-11 13:17:11.550 | INFO     | __main__:train_and_evaluate:107 - Epoch 39, Loss: 0.5633
2025-04-11 13:17:12.382 | INFO     | __main__:train_and_evaluate:107 - Epoch 40, Loss: 0.5657
2025-04-11 13:17:12.462 | INFO     | __main__:eval:67 - Eval Loss: 1.4555
2025-04-11 13:17:12.470 | INFO     | __main__:train_and_evaluate:117 - Epoch 40, Eval Metrics: macro_recall: 0.63, macro_precision: 0.63, macro_f1: 0.61, accuracy: 0.67, micro_recall: 0.67, micro_precision: 0.67, micro_f1: 0.67
2025-04-11 13:17:13.302 | INFO     | __main__:train_and_evaluate:107 - Epoch 41, Loss: 0.5557
2025-04-11 13:17:14.135 | INFO     | __main__:train_and_evaluate:107 - Epoch 42, Loss: 0.5725
2025-04-11 13:17:14.968 | INFO     | __main__:train_and_evaluate:107 - Epoch 43, Loss: 0.5652
2025-04-11 13:17:15.801 | INFO     | __main__:train_and_evaluate:107 - Epoch 44, Loss: 0.5515
2025-04-11 13:17:16.633 | INFO     | __main__:train_and_evaluate:107 - Epoch 45, Loss: 0.5650
2025-04-11 13:17:17.467 | INFO     | __main__:train_and_evaluate:107 - Epoch 46, Loss: 0.5622
2025-04-11 13:17:18.301 | INFO     | __main__:train_and_evaluate:107 - Epoch 47, Loss: 0.5561
2025-04-11 13:17:19.135 | INFO     | __main__:train_and_evaluate:107 - Epoch 48, Loss: 0.5479
2025-04-11 13:17:19.969 | INFO     | __main__:train_and_evaluate:107 - Epoch 49, Loss: 0.5506
2025-04-11 13:17:20.803 | INFO     | __main__:train_and_evaluate:107 - Epoch 50, Loss: 0.5617
2025-04-11 13:17:20.882 | INFO     | __main__:eval:67 - Eval Loss: 1.4542
2025-04-11 13:17:20.890 | INFO     | __main__:train_and_evaluate:117 - Epoch 50, Eval Metrics: macro_recall: 0.64, macro_precision: 0.64, macro_f1: 0.61, accuracy: 0.68, micro_recall: 0.68, micro_precision: 0.68, micro_f1: 0.68
2025-04-11 13:17:20.890 | INFO     | __main__:CV_run:319 - Fold 5, Final Eval Metrics: macro_recall: 0.64, macro_precision: 0.64, macro_f1: 0.61, accuracy: 0.68, micro_recall: 0.68, micro_precision: 0.68, micro_f1: 0.68
2025-04-11 13:17:20.890 | INFO     | __main__:CV_run:339 - Average Eval Accuracy across all folds: 0.66%
2025-04-11 13:17:20.890 | SUCCESS  | __main__:CV_run:341 - 5-Fold Cross Validation completed
top_k: None
macro_recall: 0.6511 (± 0.0262)
macro_precision: 0.6492 (± 0.0235)
macro_f1: 0.6206 (± 0.0239)
accuracy: 0.6621 (± 0.0137)
micro_recall: 0.6621 (± 0.0137)
micro_precision: 0.6621 (± 0.0137)
micro_f1: 0.6621 (± 0.0137)
